INFO: Preparing secworks:crypto:aes:1.0.0
INFO: Setting up project
WARNING: This backend is deprecated and will eventually be removed. Please migrate to the flow API instead.  See https://edalize.readthedocs.io/en/latest/ref/migrations.html#migrating-from-the-tool-api-to-the-flow-api for more details.
INFO: Building
INFO: Running
vvp -n -M. -l icarus.log   secworks_crypto_aes_1.0.0 -fst 
   -= Testbench for AES started =-
    ==============================

Dumping all variables to tb_aes vcd file.
FST info: dumpfile tb_aes.vcd opened for output.
cycle: 0x0000000000000000
State of DUT
------------
ctrl_reg:   init   = 0xx, next   = 0xx
config_reg: encdec = 0xx, length = 0xx 

block: 0xxxxxxxxx, 0xxxxxxxxx, 0xxxxxxxxx, 0xxxxxxxxx

*** Toggle reset.

cycle: 0x0000000000000001
State of DUT
------------
ctrl_reg:   init   = 0x0, next   = 0x0
config_reg: encdec = 0x0, length = 0x0 

block: 0x00000000, 0x00000000, 0x00000000, 0x00000000

ECB 128 bit key tests
---------------------
*** TC 1 ECB mode test started.
cycle: 0x0000000000000081
State of DUT
------------
ctrl_reg:   init   = 0x0, next   = 0x0
config_reg: encdec = 0x0, length = 0x0 

block: 0x6bc1bee2, 0x2e409f96, 0xe93d7e11, 0x7393172a

*** ERROR: TC 1 NOT successful.
Expected: 0x3ad77bb40d7a3660a89ecaf32466ef97
Got:      0xc32528b17baf95a7ae295d8856d7c27f

*** TC 2 ECB mode test started.
cycle: 0x000000000000016d
State of DUT
------------
ctrl_reg:   init   = 0x0, next   = 0x0
config_reg: encdec = 0x0, length = 0x0 

block: 0xae2d8a57, 0x1e03ac9c, 0x9eb76fac, 0x45af8e51

*** ERROR: TC 2 NOT successful.
Expected: 0xf5d3d58503b9699de785895a96fdbaaf
Got:      0xa1ef5d80fcb58cb5a82df25019032052

*** TC 3 ECB mode test started.
cycle: 0x0000000000000259
State of DUT
------------
ctrl_reg:   init   = 0x0, next   = 0x0
config_reg: encdec = 0x0, length = 0x0 

block: 0x30c81c46, 0xa35ce411, 0xe5fbc119, 0x1a0a52ef

*** ERROR: TC 3 NOT successful.
Expected: 0x43b1cd7f598ece23881b00e3ed030688
Got:      0x65e310d4e06a894f5af97c3d3cb59c3a

*** TC 4 ECB mode test started.
cycle: 0x0000000000000345
State of DUT
------------
ctrl_reg:   init   = 0x0, next   = 0x0
config_reg: encdec = 0x0, length = 0x0 

block: 0xf69f2445, 0xdf4f9b17, 0xad2b417b, 0xe66c3710

*** ERROR: TC 4 NOT successful.
Expected: 0x7b0c785e27e8ad3f8223207104725dd4
Got:      0x9cdde0497b6a8413052873acc61792da

*** TC 5 ECB mode test started.
cycle: 0x0000000000000431
State of DUT
------------
ctrl_reg:   init   = 0x0, next   = 0x0
config_reg: encdec = 0x0, length = 0x0 

block: 0x3ad77bb4, 0x0d7a3660, 0xa89ecaf3, 0x2466ef97

*** ERROR: TC 5 NOT successful.
Expected: 0x6bc1bee22e409f96e93d7e117393172a
Got:      0xa26d68ba47062ea769630bd40c03724b

*** TC 6 ECB mode test started.
cycle: 0x000000000000051d
State of DUT
------------
ctrl_reg:   init   = 0x0, next   = 0x0
config_reg: encdec = 0x0, length = 0x0 

block: 0xf5d3d585, 0x03b9699d, 0xe785895a, 0x96fdbaaf

*** ERROR: TC 6 NOT successful.
Expected: 0xae2d8a571e03ac9c9eb76fac45af8e51
Got:      0x91963954c0fd1094efc2790626453520

*** TC 7 ECB mode test started.
cycle: 0x0000000000000609
State of DUT
------------
ctrl_reg:   init   = 0x0, next   = 0x0
config_reg: encdec = 0x0, length = 0x0 

block: 0x43b1cd7f, 0x598ece23, 0x881b00e3, 0xed030688

*** ERROR: TC 7 NOT successful.
Expected: 0x30c81c46a35ce411e5fbc1191a0a52ef
Got:      0x8eca474642526b40ea64658e0dc8cc78

*** TC 8 ECB mode test started.
cycle: 0x00000000000006f5
State of DUT
------------
ctrl_reg:   init   = 0x0, next   = 0x0
config_reg: encdec = 0x0, length = 0x0 

block: 0x7b0c785e, 0x27e8ad3f, 0x82232071, 0x04725dd4

*** ERROR: TC 8 NOT successful.
Expected: 0xf69f2445df4f9b17ad2b417be66c3710
Got:      0x43e1d613e30f977cc4314b09a894b25a

*** TC 9 ECB mode test started.
cycle: 0x00000000000007e1
State of DUT
------------
ctrl_reg:   init   = 0x0, next   = 0x0
config_reg: encdec = 0x0, length = 0x0 

block: 0x00112233, 0x44556677, 0x8899aabb, 0xccddeeff

*** ERROR: TC 9 NOT successful.
Expected: 0x69c4e0d86a7b0430d8cdb78070b4c55a
Got:      0x342e9e847be9d143bca6160cf36159cb

*** TC 10 ECB mode test started.
cycle: 0x00000000000008cd
State of DUT
------------
ctrl_reg:   init   = 0x0, next   = 0x0
config_reg: encdec = 0x0, length = 0x0 

block: 0x69c4e0d8, 0x6a7b0430, 0xd8cdb780, 0x70b4c55a

*** ERROR: TC 10 NOT successful.
Expected: 0x00112233445566778899aabbccddeeff
Got:      0x5e3a65fea89468eecb1190f663ff77db


ECB 256 bit key tests
---------------------
*** TC 16 ECB mode test started.
cycle: 0x00000000000009b9
State of DUT
------------
ctrl_reg:   init   = 0x0, next   = 0x0
config_reg: encdec = 0x0, length = 0x0 

block: 0x6bc1bee2, 0x2e409f96, 0xe93d7e11, 0x7393172a

*** ERROR: TC 16 NOT successful.
Expected: 0xf3eed1bdb5d2a03c064b5a7e3db181f8
Got:      0xc32528b17baf95a7ae295d8856d7c27f

*** TC 17 ECB mode test started.
cycle: 0x0000000000000aa5
State of DUT
------------
ctrl_reg:   init   = 0x0, next   = 0x0
config_reg: encdec = 0x0, length = 0x0 

block: 0xae2d8a57, 0x1e03ac9c, 0x9eb76fac, 0x45af8e51

*** ERROR: TC 17 NOT successful.
Expected: 0x591ccb10d410ed26dc5ba74a31362870
Got:      0x8c774d23fcb58cb5a82df25019032052

*** TC 18 ECB mode test started.
cycle: 0x0000000000000b91
State of DUT
------------
ctrl_reg:   init   = 0x0, next   = 0x0
config_reg: encdec = 0x0, length = 0x0 

block: 0x30c81c46, 0xa35ce411, 0xe5fbc119, 0x1a0a52ef

*** ERROR: TC 18 NOT successful.
Expected: 0xb6ed21b99ca6f4f9f153e7b1beafed1d
Got:      0x487b0077e06a894f5af97c3d3cb59c3a

*** TC 19 ECB mode test started.
cycle: 0x0000000000000c7d
State of DUT
------------
ctrl_reg:   init   = 0x0, next   = 0x0
config_reg: encdec = 0x0, length = 0x0 

block: 0xf69f2445, 0xdf4f9b17, 0xad2b417b, 0xe66c3710

*** ERROR: TC 19 NOT successful.
Expected: 0x23304b7a39f9f3ff067d8d8f9e24ecc7
Got:      0xb145f0ea7b6a8413052873acc61792da

*** TC 20 ECB mode test started.
cycle: 0x0000000000000d69
State of DUT
------------
ctrl_reg:   init   = 0x0, next   = 0x0
config_reg: encdec = 0x0, length = 0x0 

block: 0xf3eed1bd, 0xb5d2a03c, 0x064b5a7e, 0x3db181f8

*** ERROR: TC 20 NOT successful.
Expected: 0x6bc1bee22e409f96e93d7e117393172a
Got:      0xf91e70120ab9a1d0becfddf6a76120eb

*** TC 21 ECB mode test started.
cycle: 0x0000000000000e55
State of DUT
------------
ctrl_reg:   init   = 0x0, next   = 0x0
config_reg: encdec = 0x0, length = 0x0 

block: 0x591ccb10, 0xd410ed26, 0xdc5ba74a, 0x31362870

*** ERROR: TC 21 NOT successful.
Expected: 0xae2d8a571e03ac9c9eb76fac45af8e51
Got:      0x3164d51874f2fdcc70a869b680105349

*** TC 22 ECB mode test started.
cycle: 0x0000000000000f41
State of DUT
------------
ctrl_reg:   init   = 0x0, next   = 0x0
config_reg: encdec = 0x0, length = 0x0 

block: 0xb6ed21b9, 0x9ca6f4f9, 0xf153e7b1, 0xbeafed1d

*** ERROR: TC 22 NOT successful.
Expected: 0x30c81c46a35ce411e5fbc1191a0a52ef
Got:      0x1f9dbcd2e99eb559fa313d708d12eb62

*** TC 23 ECB mode test started.
cycle: 0x000000000000102d
State of DUT
------------
ctrl_reg:   init   = 0x0, next   = 0x0
config_reg: encdec = 0x0, length = 0x0 

block: 0x23304b7a, 0x39f9f3ff, 0x067d8d8f, 0x9e24ecc7

*** ERROR: TC 23 NOT successful.
Expected: 0xf69f2445df4f9b17ad2b417be66c3710
Got:      0x530dfb33d040baf827f15d1d6e7fbc7f

*** TC 24 ECB mode test started.
cycle: 0x0000000000001119
State of DUT
------------
ctrl_reg:   init   = 0x0, next   = 0x0
config_reg: encdec = 0x0, length = 0x0 

block: 0x00112233, 0x44556677, 0x8899aabb, 0xccddeeff

*** ERROR: TC 24 NOT successful.
Expected: 0x8ea2b7ca516745bfeafc49904b496089
Got:      0x19b68e277be9d143bca6160cf36159cb

*** TC 25 ECB mode test started.
cycle: 0x0000000000001205
State of DUT
------------
ctrl_reg:   init   = 0x0, next   = 0x0
config_reg: encdec = 0x0, length = 0x0 

block: 0x8ea2b7ca, 0x516745bf, 0xeafc4990, 0x4b496089

*** ERROR: TC 25 NOT successful.
Expected: 0x00112233445566778899aabbccddeeff
Got:      0x14cd8373eb38d4005cdf4c647d780b32

*** 20 tests completed - 20 test cases did not complete successfully.

   -= Testbench for AES completed =-
    ===============================

Entering directory '/app/build/secworks_crypto_aes_1.0.0/tb_aes-icarus'
Leaving directory '/app/build/secworks_crypto_aes_1.0.0/tb_aes-icarus'
Entering directory '/app/build/secworks_crypto_aes_1.0.0/tb_aes-icarus'
Leaving directory '/app/build/secworks_crypto_aes_1.0.0/tb_aes-icarus'
