WARNING: Not adding library . (/app). Library ibex already registered for this location
INFO: Preparing lowrisc:dv:dv_fcov_macros:0
INFO: Preparing lowrisc:dv:secded_enc:0
INFO: Preparing lowrisc:dv_verilator:ibex_pcounts:0
INFO: Preparing lowrisc:dv_verilator:simutil_verilator:0
INFO: Preparing lowrisc:ibex:ibex_pkg:0.1
INFO: Preparing lowrisc:prim_generic:ram_1p_pkg:0
INFO: Preparing lowrisc:prim_generic:ram_2p_pkg:0
INFO: Preparing lowrisc:prim_generic:rom_pkg:0
INFO: Preparing lowrisc:prim:util_get_scramble_params:0
INFO: Preparing lowrisc:prim:util_memload:0
INFO: Preparing lowrisc:tool:check_tool_requirements:0.1
INFO: Preparing lowrisc:dv_verilator:memutil_dpi:0
INFO: Preparing lowrisc:lint:common:0.1
INFO: Preparing lowrisc:dv_verilator:memutil_verilator:0
INFO: Preparing lowrisc:prim:assert:0.1
INFO: Preparing lowrisc:prim:cipher_pkg:0.1
INFO: Preparing lowrisc:prim_generic:and2:0
INFO: Preparing lowrisc:prim_generic:buf:0
INFO: Preparing lowrisc:prim_generic:clock_buf:0
INFO: Preparing lowrisc:prim_generic:clock_gating:0
INFO: Preparing lowrisc:prim_generic:flop:0
INFO: Preparing lowrisc:prim_generic:flop_no_rst:0
INFO: Preparing lowrisc:prim_generic:prim_pkg:0
INFO: Preparing lowrisc:prim_generic:usb_diff_rx:0
INFO: Preparing lowrisc:prim_generic:xnor2:0
INFO: Preparing lowrisc:prim_generic:xor2:0
INFO: Preparing lowrisc:prim:pad_wrapper_pkg:0
INFO: Preparing lowrisc:prim:secded:0.1
INFO: Preparing lowrisc:ibex:ibex_icache:0.1
INFO: Preparing lowrisc:ibex:ibex_tracer:0.1
INFO: Preparing lowrisc:prim:cdc_rand_delay:0
INFO: Preparing lowrisc:prim:cipher:0
INFO: Preparing lowrisc:prim:count:0
INFO: Preparing lowrisc:prim_generic:clock_mux2:0
INFO: Preparing lowrisc:prim_generic:pad_attr:0
INFO: Preparing lowrisc:prim_generic:pad_wrapper:0
INFO: Preparing lowrisc:prim_generic:ram_1p:0
INFO: Preparing lowrisc:prim_generic:ram_1r1w:0
INFO: Preparing lowrisc:prim_generic:ram_2p:0
INFO: Preparing lowrisc:prim_generic:rom:0
INFO: Preparing lowrisc:prim:lfsr:0.1
INFO: Preparing lowrisc:prim:mubi_pkg:0.1
INFO: Preparing lowrisc:prim:sec_anchor:0.1
INFO: Preparing lowrisc:prim:util:0.1
INFO: Preparing lowrisc:ibex:sim_shared:0
INFO: Preparing lowrisc:prim_generic:clock_inv:0
INFO: Preparing lowrisc:prim_generic:flop_2sync:0
INFO: Preparing lowrisc:prim_generic:flop_en:0
INFO: Preparing lowrisc:prim:mubi:0.1
INFO: Preparing lowrisc:prim:onehot:0
INFO: Preparing lowrisc:prim:onehot_check:0
INFO: Preparing lowrisc:prim:ram_1p_adv:0.1
INFO: Preparing lowrisc:ibex:ibex_core:0.1
INFO: Preparing lowrisc:prim_generic:clock_div:0
INFO: Preparing lowrisc:prim_generic:rst_sync:0
INFO: Preparing lowrisc:prim:ram_1p_scr:0.1
INFO: Preparing lowrisc:ibex:ibex_top:0.1
INFO: Preparing lowrisc:prim_generic:all:0.1
INFO: Preparing lowrisc:ibex:ibex_top_tracing:0.1
INFO: Preparing lowrisc:ibex:ibex_simple_system_core:0
INFO: Preparing lowrisc:ibex:ibex_simple_system:0
INFO: Setting up project
WARNING: This backend is deprecated and will eventually be removed. Please migrate to the flow API instead.  See https://edalize.readthedocs.io/en/latest/ref/migrations.html#migrating-from-the-tool-api-to-the-flow-api for more details.
INFO: Running pre_build script check_tool_requirements
INFO: Tool verilator present: Sufficiently recent version (found 4.210; needed 4.210)
INFO: Tool edalize present: Sufficiently recent version (found 0.6.8; needed 0.2.0)
INFO: Building simulation model
INFO: verilator -f lowrisc_ibex_ibex_simple_system_0.vc -DDISABLE_PRIM_CDC_RAND_DELAY --trace --trace-fst --trace-structs --trace-params --trace-max-array 1024 -CFLAGS "-std=c++17 -Wall -DVM_TRACE_FMT_FST -DTOPLEVEL_NAME=ibex_simple_system -g" -LDFLAGS "-pthread -lutil -lelf" -Wall --unroll-count 72

ERROR: %Error-PKGNODECL: src/lowrisc_ibex_ibex_core_0.1/rtl/ibex_core.sv:16:25: Package/class 'ibex_pkg' not found, and needs to be predeclared (IEEE 1800-2017 26.3)
   16 | module ibex_core import ibex_pkg::*; #(
      |                         ^~~~~~~~
                  ... For error description see https://verilator.org/warn/PKGNODECL?v=4.210
%Error: src/lowrisc_ibex_ibex_core_0.1/rtl/ibex_core.sv:16:25: Importing from missing package 'ibex_pkg'
   16 | module ibex_core import ibex_pkg::*; #(
      |                         ^~~~~~~~
%Error: src/lowrisc_ibex_ibex_core_0.1/rtl/ibex_core.sv:20:23: syntax error, unexpected IDENTIFIER, expecting TYPE-IDENTIFIER
   20 |   parameter ibex_pkg::pmp_cfg_t     PMPRstCfg[PMP_MAX_REGIONS]  = ibex_pkg::PmpCfgRst,
      |                       ^~~~~~~~~
%Error: src/lowrisc_ibex_ibex_core_0.1/rtl/ibex_core.sv:22:3: syntax error, unexpected parameter, expecting IDENTIFIER or randomize
   22 |   parameter ibex_pkg::pmp_mseccfg_t PMPRstMsecCfg               = ibex_pkg::PmpMseccfgRst,
      |   ^~~~~~~~~
%Error: src/lowrisc_ibex_ibex_core_0.1/rtl/ibex_core.sv:22:23: syntax error, unexpected IDENTIFIER, expecting TYPE-IDENTIFIER
   22 |   parameter ibex_pkg::pmp_mseccfg_t PMPRstMsecCfg               = ibex_pkg::PmpMseccfgRst,
      |                       ^~~~~~~~~~~~~
%Error: src/lowrisc_ibex_ibex_core_0.1/rtl/ibex_core.sv:24:3: syntax error, unexpected parameter, expecting IDENTIFIER or randomize
   24 |   parameter int unsigned            MHPMCounterWidth            = 40,
      |   ^~~~~~~~~
%Error: src/lowrisc_ibex_ibex_core_0.1/rtl/ibex_core.sv:25:3: syntax error, unexpected parameter, expecting IDENTIFIER or randomize
   25 |   parameter bit                     RV32E                       = 1'b0,
      |   ^~~~~~~~~
%Error: src/lowrisc_ibex_ibex_core_0.1/rtl/ibex_core.sv:26:3: syntax error, unexpected parameter, expecting IDENTIFIER or randomize
   26 |   parameter rv32m_e                 RV32M                       = RV32MFast,
      |   ^~~~~~~~~
%Error: src/lowrisc_ibex_ibex_core_0.1/rtl/ibex_core.sv:30:3: syntax error, unexpected parameter, expecting IDENTIFIER or randomize
   30 |   parameter bit                     WritebackStage              = 1'b0,
      |   ^~~~~~~~~
%Error: src/lowrisc_ibex_ibex_core_0.1/rtl/ibex_core.sv:31:3: syntax error, unexpected parameter, expecting IDENTIFIER or randomize
   31 |   parameter bit                     ICache                      = 1'b0,
      |   ^~~~~~~~~
%Error: src/lowrisc_ibex_ibex_core_0.1/rtl/ibex_core.sv:32:3: syntax error, unexpected parameter, expecting IDENTIFIER or randomize
   32 |   parameter bit                     ICacheECC                   = 1'b0,
      |   ^~~~~~~~~
%Error: src/lowrisc_ibex_ibex_core_0.1/rtl/ibex_core.sv:33:3: syntax error, unexpected parameter, expecting IDENTIFIER or randomize
   33 |   parameter bit                     ICacheTweakInfection        = 1'b0,
      |   ^~~~~~~~~
%Error: src/lowrisc_ibex_ibex_core_0.1/rtl/ibex_core.sv:34:3: syntax error, unexpected parameter, expecting IDENTIFIER or randomize
   34 |   parameter int unsigned            BusSizeECC                  = BUS_SIZE,
      |   ^~~~~~~~~
%Error: src/lowrisc_ibex_ibex_core_0.1/rtl/ibex_core.sv:35:3: syntax error, unexpected parameter, expecting IDENTIFIER or randomize
   35 |   parameter int unsigned            TagSizeECC                  = IC_TAG_SIZE,
      |   ^~~~~~~~~
%Error: src/lowrisc_ibex_ibex_core_0.1/rtl/ibex_core.sv:36:3: syntax error, unexpected parameter, expecting IDENTIFIER or randomize
   36 |   parameter int unsigned            LineSizeECC                 = IC_LINE_SIZE,
      |   ^~~~~~~~~
%Error: src/lowrisc_ibex_ibex_core_0.1/rtl/ibex_core.sv:37:3: syntax error, unexpected parameter, expecting IDENTIFIER or randomize
   37 |   parameter bit                     BranchPredictor             = 1'b0,
      |   ^~~~~~~~~
%Error: src/lowrisc_ibex_ibex_core_0.1/rtl/ibex_core.sv:38:3: syntax error, unexpected parameter, expecting IDENTIFIER or randomize
   38 |   parameter bit                     DbgTriggerEn                = 1'b0,
      |   ^~~~~~~~~
%Error: src/lowrisc_ibex_ibex_core_0.1/rtl/ibex_core.sv:39:3: syntax error, unexpected parameter, expecting IDENTIFIER or randomize
   39 |   parameter int unsigned            DbgHwBreakNum               = 1,
      |   ^~~~~~~~~
%Error: src/lowrisc_ibex_ibex_core_0.1/rtl/ibex_core.sv:40:3: syntax error, unexpected parameter, expecting IDENTIFIER or randomize
   40 |   parameter bit                     ResetAll                    = 1'b0,
      |   ^~~~~~~~~
%Error: src/lowrisc_ibex_ibex_core_0.1/rtl/ibex_core.sv:41:3: syntax error, unexpected parameter, expecting IDENTIFIER or randomize
   41 |   parameter lfsr_seed_t             RndCnstLfsrSeed             = RndCnstLfsrSeedDefault,
      |   ^~~~~~~~~
%Error: src/lowrisc_ibex_ibex_core_0.1/rtl/ibex_core.sv:44:3: syntax error, unexpected parameter, expecting IDENTIFIER or randomize
   44 |   parameter bit                     DummyInstructions           = 1'b0,
      |   ^~~~~~~~~
%Error: src/lowrisc_ibex_ibex_core_0.1/rtl/ibex_core.sv:45:3: syntax error, unexpected parameter, expecting IDENTIFIER or randomize
   45 |   parameter bit                     RegFileECC                  = 1'b0,
      |   ^~~~~~~~~
%Error: src/lowrisc_ibex_ibex_core_0.1/rtl/ibex_core.sv:46:3: syntax error, unexpected parameter, expecting IDENTIFIER or randomize
   46 |   parameter int unsigned            RegFileDataWidth            = 32,
      |   ^~~~~~~~~
%Error: src/lowrisc_ibex_ibex_core_0.1/rtl/ibex_core.sv:47:3: syntax error, unexpected parameter, expecting IDENTIFIER or randomize
   47 |   parameter bit                     MemECC                      = 1'b0,
      |   ^~~~~~~~~
%Error: src/lowrisc_ibex_ibex_core_0.1/rtl/ibex_core.sv:48:3: syntax error, unexpected parameter, expecting IDENTIFIER or randomize
   48 |   parameter int unsigned            MemDataWidth                = MemECC ? 32 + 7 : 32,
      |   ^~~~~~~~~
%Error: src/lowrisc_ibex_ibex_core_0.1/rtl/ibex_core.sv:49:3: syntax error, unexpected parameter, expecting IDENTIFIER or randomize
   49 |   parameter int unsigned            DmBaseAddr                  = 32'h1A110000,
      |   ^~~~~~~~~
%Error: src/lowrisc_ibex_ibex_core_0.1/rtl/ibex_core.sv:50:3: syntax error, unexpected parameter, expecting IDENTIFIER or randomize
   50 |   parameter int unsigned            DmAddrMask                  = 32'h00000FFF,
      |   ^~~~~~~~~
%Error: src/lowrisc_ibex_ibex_core_0.1/rtl/ibex_core.sv:51:3: syntax error, unexpected parameter, expecting IDENTIFIER or randomize
   51 |   parameter int unsigned            DmHaltAddr                  = 32'h1A110800,
      |   ^~~~~~~~~
%Error: src/lowrisc_ibex_ibex_core_0.1/rtl/ibex_core.sv:52:3: syntax error, unexpected parameter, expecting IDENTIFIER or randomize
   52 |   parameter int unsigned            DmExceptionAddr             = 32'h1A110808,
      |   ^~~~~~~~~
%Error: src/lowrisc_ibex_ibex_core_0.1/rtl/ibex_core.sv:54:3: syntax error, unexpected parameter, expecting IDENTIFIER or randomize
   54 |   parameter logic [31:0]            CsrMvendorId                = 32'b0,
      |   ^~~~~~~~~
%Error: src/lowrisc_ibex_ibex_core_0.1/rtl/ibex_core.sv:56:3: syntax error, unexpected parameter, expecting IDENTIFIER or randomize
   56 |   parameter logic [31:0]            CsrMimpId                   = 32'b0
      |   ^~~~~~~~~
%Error: src/lowrisc_ibex_ibex_core_0.1/rtl/ibex_core.sv:57:1: syntax error, unexpected ')', expecting ';'
   57 | ) (
      | ^
%Error: src/lowrisc_ibex_ibex_core_0.1/rtl/ibex_core.sv:60:3: syntax error, unexpected input
   60 |   input  logic                         rst_ni,
      |   ^~~~~
%Error: src/lowrisc_ibex_ibex_core_0.1/rtl/ibex_core.sv:62:3: syntax error, unexpected input
   62 |   input  logic [31:0]                  hart_id_i,
      |   ^~~~~
%Error: src/lowrisc_ibex_ibex_core_0.1/rtl/ibex_core.sv:63:3: syntax error, unexpected input
   63 |   input  logic [31:0]                  boot_addr_i,
      |   ^~~~~
%Error: src/lowrisc_ibex_ibex_core_0.1/rtl/ibex_core.sv:66:3: syntax error, unexpected output
   66 |   output logic                         instr_req_o,
      |   ^~~~~~
%Error: src/lowrisc_ibex_ibex_core_0.1/rtl/ibex_core.sv:67:3: syntax error, unexpected input
   67 |   input  logic                         instr_gnt_i,
      |   ^~~~~
%Error: src/lowrisc_ibex_ibex_core_0.1/rtl/ibex_core.sv:68:3: syntax error, unexpected input
   68 |   input  logic                         instr_rvalid_i,
      |   ^~~~~
%Error: src/lowrisc_ibex_ibex_core_0.1/rtl/ibex_core.sv:69:3: syntax error, unexpected output
   69 |   output logic [31:0]                  instr_addr_o,
      |   ^~~~~~
%Error: src/lowrisc_ibex_ibex_core_0.1/rtl/ibex_core.sv:70:3: syntax error, unexpected input
   70 |   input  logic [MemDataWidth-1:0]      instr_rdata_i,
      |   ^~~~~
%Error: src/lowrisc_ibex_ibex_core_0.1/rtl/ibex_core.sv:71:3: syntax error, unexpected input
   71 |   input  logic                         instr_err_i,
      |   ^~~~~
%Error: src/lowrisc_ibex_ibex_core_0.1/rtl/ibex_core.sv:74:3: syntax error, unexpected output
   74 |   output logic                         data_req_o,
      |   ^~~~~~
%Error: src/lowrisc_ibex_ibex_core_0.1/rtl/ibex_core.sv:75:3: syntax error, unexpected input
   75 |   input  logic                         data_gnt_i,
      |   ^~~~~
%Error: src/lowrisc_ibex_ibex_core_0.1/rtl/ibex_core.sv:76:3: syntax error, unexpected input
   76 |   input  logic                         data_rvalid_i,
      |   ^~~~~
%Error: src/lowrisc_ibex_ibex_core_0.1/rtl/ibex_core.sv:77:3: syntax error, unexpected output
   77 |   output logic                         data_we_o,
      |   ^~~~~~
%Error: src/lowrisc_ibex_ibex_core_0.1/rtl/ibex_core.sv:78:3: syntax error, unexpected output
   78 |   output logic [3:0]                   data_be_o,
      |   ^~~~~~
%Error: src/lowrisc_ibex_ibex_core_0.1/rtl/ibex_core.sv:79:3: syntax error, unexpected output
   79 |   output logic [31:0]                  data_addr_o,
      |   ^~~~~~
%Error: src/lowrisc_ibex_ibex_core_0.1/rtl/ibex_core.sv:80:3: syntax error, unexpected output
   80 |   output logic [MemDataWidth-1:0]      data_wdata_o,
      |   ^~~~~~
%Error: src/lowrisc_ibex_ibex_core_0.1/rtl/ibex_core.sv:81:3: syntax error, unexpected input
   81 |   input  logic [MemDataWidth-1:0]      data_rdata_i,
      |   ^~~~~
%Error: src/lowrisc_ibex_ibex_core_0.1/rtl/ibex_core.sv:82:3: syntax error, unexpected input
   82 |   input  logic                         data_err_i,
      |   ^~~~~
%Error: Exiting due to too many errors encountered; --error-limit=50
        ... See the manual at https://verilator.org/verilator_doc.html for more assistance.
make: *** [Makefile:15: Vibex_simple_system.mk] Error 1

ERROR: Failed to build lowrisc:ibex:ibex_simple_system:0 : '['make']' exited with an error: 2
Entering directory '/app/build/lowrisc_ibex_ibex_simple_system_0/sim-verilator'
