WARNING: Not adding library . (/app). Library ibex already registered for this location
WARNING: Non-deterministic selection of virtual core lowrisc:prim:buf:0 selected lowrisc:prim_generic:buf:0
WARNING: Non-deterministic selection of virtual core lowrisc:prim:flop:0 selected lowrisc:prim_generic:flop:0
WARNING: Non-deterministic selection of virtual core lowrisc:prim:clock_gating:0 selected lowrisc:prim_xilinx:clock_gating:0
INFO: Preparing lowrisc:dv:dv_fcov_macros:0
INFO: Preparing lowrisc:dv_verilator:simutil_verilator:0
INFO: Preparing lowrisc:ibex:ibex_pkg:0.1
INFO: Preparing lowrisc:tool:check_tool_requirements:0.1
INFO: Preparing lowrisc:lint:common:0.1
INFO: Preparing lowrisc:prim:assert:0.1
INFO: Preparing lowrisc:prim:cipher_pkg:0.1
INFO: Preparing lowrisc:prim_generic:buf:0
INFO: Preparing lowrisc:prim_generic:flop:0
INFO: Preparing lowrisc:prim:secded:0.1
INFO: Preparing lowrisc:prim_xilinx:clock_gating:0
INFO: Preparing lowrisc:ibex:ibex_icache:0.1
INFO: Preparing lowrisc:prim:lfsr:0.1
INFO: Preparing lowrisc:prim:mubi_pkg:0.1
INFO: Preparing lowrisc:prim:mubi:0.1
INFO: Preparing lowrisc:ibex:ibex_core:0.1
INFO: Preparing lowrisc:ibex:tb_cs_registers:0
INFO: Setting up project
WARNING: This backend is deprecated and will eventually be removed. Please migrate to the flow API instead.  See https://edalize.readthedocs.io/en/latest/ref/migrations.html#migrating-from-the-tool-api-to-the-flow-api for more details.
INFO: Running pre_build script check_tool_requirements
INFO: Tool verilator present: Sufficiently recent version (found 4.210; needed 4.210)
INFO: Tool edalize present: Sufficiently recent version (found 0.6.8; needed 0.2.0)
INFO: Running pre_build script build_so
make: Entering directory '/app/build/lowrisc_ibex_tb_cs_registers_0/sim-verilator/src/lowrisc_ibex_tb_cs_registers_0'
Generating dependencies for model/register_model.cc...
Compiling model/register_model.cc...
Generating dependencies for model/base_register.cc...
Compiling model/base_register.cc...
Generating dependencies for env/env_dpi.cc...
Compiling env/env_dpi.cc...
Generating dependencies for env/simctrl.cc...
Compiling env/simctrl.cc...
Generating dependencies for env/register_environment.cc...
Compiling env/register_environment.cc...
Generating dependencies for reg_driver/register_transaction.cc...
Compiling reg_driver/register_transaction.cc...
Generating dependencies for reg_driver/register_driver.cc...
Compiling reg_driver/register_driver.cc...
Generating dependencies for reg_driver/reg_dpi.cc...
Compiling reg_driver/reg_dpi.cc...
Generating dependencies for rst_driver/rst_dpi.cc...
Compiling rst_driver/rst_dpi.cc...
Generating dependencies for rst_driver/reset_driver.cc...
Compiling rst_driver/reset_driver.cc...
Linking build/bin/reg_dpi.so...
Build done
make: Leaving directory '/app/build/lowrisc_ibex_tb_cs_registers_0/sim-verilator/src/lowrisc_ibex_tb_cs_registers_0'
INFO: Building simulation model
INFO: verilator -f lowrisc_ibex_tb_cs_registers_0.vc --trace --trace-fst --trace-structs --trace-params --trace-max-array 1024 -CFLAGS "-std=c++17 -Wall -DTOPLEVEL_NAME=tb_cs_registers -DVM_TRACE_FMT_FST -g" -LDFLAGS "-pthread -lutil -lelf" -Wall -Wno-fatal

ERROR: %Error: src/lowrisc_ibex_ibex_pkg_0.1/rtl/ibex_pkg.sv:148:24: syntax error, unexpected IDENTIFIER, expecting ';'
  148 |   localparam pmp_cfg_t PMP_CFG_RST = '{
      |                        ^~~~~~~~~~~
%Error: src/lowrisc_ibex_ibex_pkg_0.1/rtl/ibex_pkg.sv:157:24: syntax error, unexpected IDENTIFIER, expecting ';'
  157 |   localparam pmp_cfg_t PmpCfgRst[PMP_MAX_REGIONS] = '{default:PMP_CFG_RST};
      |                        ^~~~~~~~~
%Error: src/lowrisc_ibex_ibex_pkg_0.1/rtl/ibex_pkg.sv:159:28: syntax error, unexpected IDENTIFIER, expecting ';'
  159 |   localparam pmp_mseccfg_t PmpMseccfgRst = '{
      |                            ^~~~~~~~~~~~~
%Error: src/lowrisc_ibex_ibex_pkg_0.1/rtl/ibex_pkg.sv:427:1: syntax error, unexpected endpackage
  427 | endpackage
      | ^~~~~~~~~~
%Warning-EOFNEWLINE: src/lowrisc_ibex_ibex_core_0.1/rtl/ibex_alu.sv:235:10: Missing newline at end of file (POSIX 3.206).                                                                          : ... Suggest add newline.
  235 | endmodule
      |          ^
                     ... For warning description see https://verilator.org/warn/EOFNEWLINE?v=4.210
                     ... Use "/* verilator lint_off EOFNEWLINE */" and lint_on around source to disable this message.
%Warning-WIDTH: src/lowrisc_ibex_ibex_core_0.1/rtl/ibex_alu.sv:187:74: Value too large for 5 bit number: 32
  187 |           result_o = (alu_operand_a_i << amount) | (alu_operand_a_i >>> (5'd32 - amount));
      |                                                                          ^~~~~
%Warning-WIDTH: src/lowrisc_ibex_ibex_core_0.1/rtl/ibex_alu.sv:196:74: Value too large for 5 bit number: 32
  196 |           result_o = (alu_operand_a_i >>> amount) | (alu_operand_a_i << (5'd32 - amount));
      |                                                                          ^~~~~
%Warning-WIDTH: src/lowrisc_ibex_ibex_core_0.1/rtl/ibex_alu.sv:205:43: Value too large for 5 bit number: 32
  205 |                      (alu_operand_a_i << (5'd32 - alu_operand_b_i[4:0]));
      |                                           ^~~~~
%Warning-WIDTH: src/lowrisc_ibex_ibex_core_0.1/rtl/ibex_alu.sv:214:75: Value too large for 5 bit number: 32
  214 |           result_o = (alu_operand_a_i >>> imm_val) | (alu_operand_a_i << (5'd32 - imm_val));
      |                                                                           ^~~~~
%Warning-EOFNEWLINE: src/lowrisc_ibex_ibex_core_0.1/rtl/ibex_branch_predict.sv:31:10: Missing newline at end of file (POSIX 3.206).                                                                                    : ... Suggest add newline.
   31 | endmodule
      |          ^
%Error: src/lowrisc_ibex_ibex_core_0.1/rtl/ibex_compressed_decoder.sv:76:3: syntax error, unexpected logic, expecting ',' or ';'
   76 |   logic c_addi4spn_d = c1_opcode && (funct3 == 3'b000);
      |   ^~~~~
%Error: src/lowrisc_ibex_ibex_core_0.1/rtl/ibex_compressed_decoder.sv:94:33: syntax error, unexpected ')', expecting TYPE-IDENTIFIER
   94 |   logic c_flcsp = c2_opcode && ()) ;
      |                                 ^
%Error: src/lowrisc_ibex_ibex_core_0.1/rtl/ibex_counter.sv:65:42: syntax error, unexpected INTEGER NUMBER
   65 |       mcycle_q <= mcycle_q + CounterWidth'd1;
      |                                          ^~~
%Error: src/lowrisc_ibex_ibex_core_0.1/rtl/ibex_counter.sv:86:46: syntax error, unexpected INTEGER NUMBER
   86 |       minstret_q <= minstret_q + CounterWidth'd1;
      |                                              ^~~
%Error: src/lowrisc_ibex_ibex_core_0.1/rtl/ibex_counter.sv:116:62: syntax error, unexpected INTEGER NUMBER
  116 |           mhpmcounter_q[i] <= mhpmcounter_q[i] + CounterWidth'd1;
      |                                                              ^~~
%Error: src/lowrisc_ibex_ibex_core_0.1/rtl/ibex_ex_block.sv:53:12: syntax error, unexpected import, expecting IDENTIFIER or randomize
   53 |   ibex_alu import ibex_pkg::*; #(
      |            ^~~~~~
%Error: src/lowrisc_ibex_ibex_core_0.1/rtl/ibex_ex_block.sv:95:23: syntax error, unexpected import, expecting IDENTIFIER or randomize
   95 |     ibex_multdiv_fast import ibex_pkg::*; #(
      |                       ^~~~~~
%Error: src/lowrisc_ibex_ibex_core_0.1/rtl/ibex_ex_block.sv:124:23: syntax error, unexpected import, expecting IDENTIFIER or randomize
  124 |     ibex_multdiv_slow import ibex_pkg::*; #(
      |                       ^~~~~~
%Warning-EOFNEWLINE: src/lowrisc_ibex_ibex_core_0.1/rtl/ibex_multdiv_fast.sv:107:10: Missing newline at end of file (POSIX 3.206).                                                                                   : ... Suggest add newline.
  107 | endmodule
      |          ^
%Warning-EOFNEWLINE: src/lowrisc_ibex_ibex_core_0.1/rtl/ibex_multdiv_slow.sv:100:10: Missing newline at end of file (POSIX 3.206).                                                                                   : ... Suggest add newline.
  100 | endmodule
      |          ^
%Error: src/lowrisc_ibex_ibex_core_0.1/rtl/ibex_multdiv_slow.sv:84:28: syntax error, unexpected IDENTIFIER
   84 |         mcycle_count_q <= $\min(4'd1), mcycle_busy_count_q + 4'd1);
      |                            ^~~~~~~~~~~
%Warning-WIDTH: src/lowrisc_ibex_ibex_core_0.1/rtl/ibex_multdiv_slow.sv:86:31: Value too large for 4 bit number: 29
   86 |         if (mcycle_count_q == 4'd29)   
      |                               ^~~~~
%Error: src/lowrisc_ibex_ibex_core_0.1/rtl/ibex_multdiv_slow.sv:97:64: syntax error, unexpected IDENTIFIER
   97 |   assign div_rem_d = div_accum_q[62:31] << ((signed_mode_i[0]) div_by_zero, 1'b0;
      |                                                                ^~~~~~~~~~~
%Error: src/lowrisc_ibex_ibex_core_0.1/rtl/ibex_pmp.sv:95:21: syntax error, unexpected IDENTIFIER, expecting "'{"
   95 |               logic high;
      |                     ^~~~
%Error: src/lowrisc_ibex_ibex_core_0.1/rtl/ibex_pmp.sv:114:23: syntax error, unexpected '=', expecting IDENTIFIER or randomize
  114 |           effective_r = pmp_cfg_r && csr_pmp_mseccfg_i.mmwp;
      |                       ^
%Error: src/lowrisc_ibex_ibex_core_0.1/rtl/ibex_pmp.sv:119:23: syntax error, unexpected '=', expecting IDENTIFIER or randomize
  119 |           effective_r = pmp_cfg_r;
      |                       ^
%Error: src/lowrisc_ibex_ibex_core_0.1/rtl/ibex_pmp.sv:127:29: syntax error, unexpected '=', expecting IDENTIFIER or randomize
  127 |                 effective_r = pmp_cfg_r && (pmp_cfg_a == PMPcfgAPaddr);
      |                             ^
%Error: src/lowrisc_ibex_ibex_core_0.1/rtl/ibex_pmp.sv:131:29: syntax error, unexpected '=', expecting IDENTIFIER or randomize
  131 |                 effective_r = pmp_cfg_r;
      |                             ^
%Error: src/lowrisc_ibex_ibex_core_0.1/rtl/ibex_pmp.sv:140:31: syntax error, unexpected '=', expecting IDENTIFIER or randomize
  140 |                   effective_r = pmp_cfg_r;
      |                               ^
%Error: src/lowrisc_ibex_ibex_core_0.1/rtl/ibex_pmp.sv:145:31: syntax error, unexpected '=', expecting IDENTIFIER or randomize
  145 |                   effective_r = pmp_cfg_r;
      |                               ^
%Error: src/lowrisc_ibex_ibex_core_0.1/rtl/ibex_pmp.sv:150:31: syntax error, unexpected '=', expecting IDENTIFIER or randomize
  150 |                   effective_r = pmp_cfg_r;
      |                               ^
%Error: src/lowrisc_ibex_ibex_core_0.1/rtl/ibex_wb_stage.sv:150:48: syntax error, unexpected :-begin
  150 |           if (instr_type_wb_i == WB_LOAD) begin: begin
      |                                                ^
%Error: src/lowrisc_ibex_ibex_core_0.1/rtl/ibex_wb_stage.sv:152:58: syntax error, unexpected :-begin
  152 |           end else if (instr_type_wb_i == WB_OTHER) begin: begin
      |                                                          ^
%Warning-EOFNEWLINE: src/lowrisc_ibex_ibex_core_0.1/rtl/ibex_dummy_instr.sv:61:10: Missing newline at end of file (POSIX 3.206).                                                                                 : ... Suggest add newline.
   61 | endmodule
      |          ^
%Error: Exiting due to 24 error(s)
make: *** [Makefile:15: Vtb_cs_registers.mk] Error 1

ERROR: Failed to build lowrisc:ibex:tb_cs_registers:0 : '['make']' exited with an error: 2
Entering directory '/app/build/lowrisc_ibex_tb_cs_registers_0/sim-verilator'
