converting /app/verif/traces/traceplayer/sanity3/input.txn to /app/outdir/nv_full/verilator/test/sanity3/trace.bin
File 0 0x80000000 0x00001000
okay, that's all the bytes I expected -- I'm stopping here
File 0 0x80100000 0x00010000
okay, that's all the bytes I expected -- I'm stopping here
File 0 0x80400000 0x20
okay, that's all the bytes I expected -- I'm stopping here
CMD: load_mem 00001000 bytes to 80000000
CMD: load_mem 00010000 bytes to 80100000
CMD: write_reg ffff1401 00000000
CMD: read_reg ffff1401 ffffffff 00000000
CMD: write_reg ffff1402 0003000f
CMD: read_reg ffff1402 ffffffff 0003000f
CMD: write_reg ffff1405 11001100
CMD: read_reg ffff1405 ffffffff 11001100
CMD: write_reg ffff1406 00000000
CMD: read_reg ffff1406 ffffffff 00000000
CMD: write_reg ffff1407 00070007
CMD: read_reg ffff1407 ffffffff 00070007
CMD: write_reg ffff1408 0000001f
CMD: read_reg ffff1408 ffffffff 0000001f
CMD: write_reg ffff140a 00000000
CMD: read_reg ffff140a ffffffff 00000000
CMD: write_reg ffff140b 00000001
CMD: read_reg ffff140b ffffffff 00000001
CMD: write_reg ffff140c 00000000
CMD: read_reg ffff140c ffffffff 00000000
CMD: write_reg ffff140d 80000000
CMD: read_reg ffff140d ffffffff 80000000
CMD: write_reg ffff140e 00000000
CMD: read_reg ffff140e ffffffff 00000000
CMD: write_reg ffff140f 00000000
CMD: read_reg ffff140f ffffffff 00000000
CMD: write_reg ffff1410 00000100
CMD: read_reg ffff1410 ffffffff 00000100
CMD: write_reg ffff1412 00000800
CMD: read_reg ffff1412 ffffffff 00000800
CMD: write_reg ffff1413 00010001
CMD: read_reg ffff1413 ffffffff 00010001
CMD: write_reg ffff1416 00000000
CMD: read_reg ffff1416 ffffffff 00000000
CMD: write_reg ffff1417 00000000
CMD: read_reg ffff1417 ffffffff 00000000
CMD: write_reg ffff1418 00000003
CMD: read_reg ffff1418 ffffffff 00000003
CMD: write_reg ffff1419 00000000
CMD: read_reg ffff1419 ffffffff 00000000
CMD: write_reg ffff141a 00000000
CMD: read_reg ffff141a ffffffff 00000000
CMD: write_reg ffff141b 00000fff
CMD: read_reg ffff141b ffffffff 00000fff
CMD: write_reg ffff141c 0000000f
CMD: read_reg ffff141c ffffffff 0000000f
CMD: write_reg ffff141d 00000001
CMD: read_reg ffff141d ffffffff 00000001
CMD: write_reg ffff141e 00000000
CMD: read_reg ffff141e ffffffff 00000000
CMD: write_reg ffff141f 80100000
CMD: read_reg ffff141f ffffffff 80100000
CMD: write_reg ffff1420 00010000
CMD: read_reg ffff1420 ffffffff 00010000
CMD: write_reg ffff1421 00000000
CMD: read_reg ffff1421 ffffffff 00000000
CMD: write_reg ffff1422 00000000
CMD: read_reg ffff1422 ffffffff 00000000
CMD: write_reg ffff1425 00000000
CMD: read_reg ffff1425 ffffffff 00000000
CMD: write_reg ffff1426 00000000
CMD: read_reg ffff1426 ffffffff 00000000
CMD: write_reg ffff1427 00000000
CMD: read_reg ffff1427 ffffffff 00000000
CMD: write_reg ffff1428 00000000
CMD: read_reg ffff1428 ffffffff 00000000
CMD: write_reg ffff1429 00000000
CMD: read_reg ffff1429 ffffffff 00000000
CMD: write_reg ffff142a 00000000
CMD: read_reg ffff142a ffffffff 00000000
CMD: write_reg ffff142b 00000000
CMD: read_reg ffff142b ffffffff 00000000
CMD: write_reg ffff142c 00000000
CMD: read_reg ffff142c ffffffff 00000000
CMD: write_reg ffff142d 00000000
CMD: read_reg ffff142d ffffffff 00000000
CMD: write_reg ffff142f 00020001
CMD: read_reg ffff142f ffffffff 00020001
CMD: write_reg ffff143a 00000000
CMD: read_reg ffff143a ffffffff 00000000
CMD: write_reg ffff1801 00000000
CMD: read_reg ffff1801 ffffffff 00000000
CMD: write_reg ffff1803 11001100
CMD: read_reg ffff1803 ffffffff 11001100
CMD: write_reg ffff1804 00000000
CMD: read_reg ffff1804 ffffffff 00000000
CMD: write_reg ffff1805 00070007
CMD: read_reg ffff1805 ffffffff 00070007
CMD: write_reg ffff1806 0000001f
CMD: read_reg ffff1806 ffffffff 0000001f
CMD: write_reg ffff1807 00000000
CMD: read_reg ffff1807 ffffffff 00000000
CMD: write_reg ffff1809 00000003
CMD: read_reg ffff1809 ffffffff 00000003
CMD: write_reg ffff180a 00000000
CMD: read_reg ffff180a ffffffff 00000000
CMD: write_reg ffff180b 00070007
CMD: read_reg ffff180b ffffffff 00070007
CMD: write_reg ffff180c 000f001f
CMD: read_reg ffff180c ffffffff 000f001f
CMD: write_reg ffff180d 00010000
CMD: read_reg ffff180d ffffffff 00010000
CMD: write_reg ffff180e 00000000
CMD: read_reg ffff180e ffffffff 00000000
CMD: write_reg ffff180f 00000000
CMD: read_reg ffff180f ffffffff 00000000
CMD: write_reg ffff1810 0000000f
CMD: read_reg ffff1810 ffffffff 0000000f
CMD: write_reg ffff1811 00000000
CMD: read_reg ffff1811 ffffffff 00000000
CMD: write_reg ffff1813 00000000
CMD: read_reg ffff1813 ffffffff 00000000
CMD: write_reg ffff1814 00000000
CMD: read_reg ffff1814 ffffffff 00000000
CMD: write_reg ffff1815 00000000
CMD: read_reg ffff1815 ffffffff 00000000
CMD: write_reg ffff1816 00000000
CMD: read_reg ffff1816 ffffffff 00000000
CMD: write_reg ffff1817 00020001
CMD: read_reg ffff1817 ffffffff 00020001
CMD: write_reg ffff1819 00000000
CMD: read_reg ffff1819 ffffffff 00000000
CMD: write_reg ffff1c01 00000000
CMD: read_reg ffff1c01 ffffffff 00000000
CMD: write_reg ffff1c03 00001000
CMD: read_reg ffff1c03 ffffffff 00001000
CMD: write_reg ffff2001 00000000
CMD: read_reg ffff2001 ffffffff 00000000
CMD: write_reg ffff2003 00001000
CMD: read_reg ffff2003 ffffffff 00001000
CMD: write_reg ffff2401 00000000
CMD: read_reg ffff2401 ffffffff 00000000
CMD: write_reg ffff2403 00001000
CMD: read_reg ffff2403 ffffffff 00001000
CMD: write_reg ffff2404 00000000
CMD: read_reg ffff2404 ffffffff 00000000
CMD: write_reg ffff2405 0000000f
CMD: read_reg ffff2405 ffffffff 0000000f
CMD: write_reg ffff2406 80400000
CMD: read_reg ffff2406 ffffffff 80400000
CMD: write_reg ffff2407 00000000
CMD: read_reg ffff2407 ffffffff 00000000
CMD: write_reg ffff2408 00000020
CMD: read_reg ffff2408 ffffffff 00000020
CMD: write_reg ffff2409 00000020
CMD: read_reg ffff2409 ffffffff 00000020
CMD: write_reg ffff240a 00010001
CMD: read_reg ffff240a ffffffff 00010001
CMD: write_reg ffff240b 00000000
CMD: read_reg ffff240b ffffffff 00000000
CMD: write_reg ffff240d 00000000
CMD: read_reg ffff240d ffffffff 00000000
CMD: write_reg ffff2810 0000001b
CMD: read_reg ffff2810 ffffffff 0000001b
CMD: write_reg ffff2816 0000001b
CMD: read_reg ffff2816 ffffffff 0000001b
CMD: write_reg ffff280a 0000001b
CMD: read_reg ffff280a ffffffff 0000001b
CMD: write_reg ffff2c01 00000000
CMD: read_reg ffff2c01 ffffffff 00000000
CMD: write_reg ffff2c02 00000000
CMD: read_reg ffff2c02 ffffffff 00000000
CMD: write_reg ffff2c03 00000000
CMD: read_reg ffff2c03 ffffffff 00000000
CMD: write_reg ffff2c04 00000000
CMD: read_reg ffff2c04 ffffffff 00000000
CMD: write_reg ffff2c0f 00000000
CMD: read_reg ffff2c0f ffffffff 00000000
CMD: write_reg ffff2c10 00000000
CMD: read_reg ffff2c10 ffffffff 00000000
CMD: write_reg ffff2c11 0000000f
CMD: read_reg ffff2c11 ffffffff 0000000f
CMD: write_reg ffff2c12 80400000
CMD: read_reg ffff2c12 ffffffff 80400000
CMD: write_reg ffff2c13 00000000
CMD: read_reg ffff2c13 ffffffff 00000000
CMD: write_reg ffff2c14 00000020
CMD: read_reg ffff2c14 ffffffff 00000020
CMD: write_reg ffff2c15 00000020
CMD: read_reg ffff2c15 ffffffff 00000020
CMD: write_reg ffff2c16 0000001a
CMD: read_reg ffff2c16 ffffffff 0000001a
CMD: write_reg ffff2c17 00000002
CMD: read_reg ffff2c17 00003f01 00000000
CMD: write_reg ffff2c18 00000000
CMD: read_reg ffff2c18 ffffffff 00000000
CMD: write_reg ffff2c19 00000000
CMD: read_reg ffff2c19 ffffffff 00000000
CMD: write_reg ffff2c1a 00000001
CMD: read_reg ffff2c1a ffffffff 00000001
CMD: write_reg ffff2c2c 00000001
CMD: read_reg ffff2c2c ffffffff 00000001
CMD: write_reg ffff2c1b 00000001
CMD: read_reg ffff2c1b ffffffff 00000001
CMD: write_reg ffff2c20 00000001
CMD: read_reg ffff2c20 ffffffff 00000001
CMD: write_reg ffff2c2d 00000001
CMD: read_reg ffff2c2d ffffffff 00000001
CMD: write_reg ffff2c2e 00000000
CMD: read_reg ffff2c2e ffffffff 00000000
CMD: write_reg ffff2c2f 00000005
CMD: read_reg ffff2c2f ffffffff 00000005
CMD: write_reg ffff2c30 00000000
CMD: read_reg ffff2c30 ffffffff 00000000
CMD: write_reg ffff2c31 00000001
CMD: read_reg ffff2c31 ffffffff 00000001
CMD: write_reg ffff2c32 00000000
CMD: read_reg ffff2c32 ffffffff 00000000
CMD: write_reg ffff2c0e 00000001
CMD: read_reg ffff2c0e ffffffff 00000001
CMD: write_reg ffff2802 00000000
CMD: read_reg ffff2802 ffffffff 00000000
CMD: write_reg ffff2402 00000001
CMD: read_reg ffff2402 ffffffff 00000001
CMD: write_reg ffff1c02 00000001
CMD: read_reg ffff1c02 ffffffff 00000001
CMD: write_reg ffff2002 00000001
CMD: read_reg ffff2002 ffffffff 00000001
CMD: write_reg ffff1802 00000001
CMD: read_reg ffff1802 ffffffff 00000001
CMD: write_reg ffff1404 00000001
CMD: read_reg ffff1404 ffffffff 00000001
CMD: wait
CMD: write_reg ffff0003 ffffffff
CMD: read_reg ffff0003 ffffffff 00000000
CMD: wait
CMD: write_reg ffff0003 ffffffff
CMD: read_reg ffff0003 ffffffff 00000000
CMD: wait
CMD: write_reg ffff0003 ffffffff
CMD: read_reg ffff0003 ffffffff 00000000
CMD: wait
CMD: write_reg ffff0003 ffffffff
CMD: read_reg ffff0003 ffffffff 00000000
CMD: dump_mem 00000020 bytes from 80400000 -> golden_output_memory.dat
CMD: done
reset...
letting buffers clear after reset...
running trace...
AXI: loading memory at 0x80000000
AXI: loading memory at 0x80100000
(8276) write to nvdla: addr ffff1401, data 00000000
(8278) read from nvdla: addr ffff1401
(8280) read response from nvdla: 00000000
(8282) write to nvdla: addr ffff1402, data 0003000f
(8284) read from nvdla: addr ffff1402
(8286) read response from nvdla: 0003000f
(8288) write to nvdla: addr ffff1405, data 11001100
(8290) read from nvdla: addr ffff1405
(8292) read response from nvdla: 11001100
(8294) write to nvdla: addr ffff1406, data 00000000
(8296) read from nvdla: addr ffff1406
(8298) read response from nvdla: 00000000
(8300) write to nvdla: addr ffff1407, data 00070007
(8302) read from nvdla: addr ffff1407
(8304) read response from nvdla: 00070007
(8306) write to nvdla: addr ffff1408, data 0000001f
(8308) read from nvdla: addr ffff1408
(8310) read response from nvdla: 0000001f
(8312) write to nvdla: addr ffff140a, data 00000000
(8314) read from nvdla: addr ffff140a
(8316) read response from nvdla: 00000000
(8318) write to nvdla: addr ffff140b, data 00000001
(8320) read from nvdla: addr ffff140b
(8322) read response from nvdla: 00000001
(8324) write to nvdla: addr ffff140c, data 00000000
(8326) read from nvdla: addr ffff140c
(8328) read response from nvdla: 00000000
(8330) write to nvdla: addr ffff140d, data 80000000
(8332) read from nvdla: addr ffff140d
(8334) read response from nvdla: 80000000
(8336) write to nvdla: addr ffff140e, data 00000000
(8338) read from nvdla: addr ffff140e
(8340) read response from nvdla: 00000000
(8342) write to nvdla: addr ffff140f, data 00000000
(8344) read from nvdla: addr ffff140f
(8346) read response from nvdla: 00000000
(8348) write to nvdla: addr ffff1410, data 00000100
(8350) read from nvdla: addr ffff1410
(8352) read response from nvdla: 00000100
(8354) write to nvdla: addr ffff1412, data 00000800
(8356) read from nvdla: addr ffff1412
(8358) read response from nvdla: 00000800
(8360) write to nvdla: addr ffff1413, data 00010001
(8362) read from nvdla: addr ffff1413
(8364) read response from nvdla: 00010001
(8366) write to nvdla: addr ffff1416, data 00000000
(8368) read from nvdla: addr ffff1416
(8370) read response from nvdla: 00000000
(8372) write to nvdla: addr ffff1417, data 00000000
(8374) read from nvdla: addr ffff1417
(8376) read response from nvdla: 00000000
(8378) write to nvdla: addr ffff1418, data 00000003
(8380) read from nvdla: addr ffff1418
(8382) read response from nvdla: 00000003
(8384) write to nvdla: addr ffff1419, data 00000000
(8386) read from nvdla: addr ffff1419
(8388) read response from nvdla: 00000000
(8390) write to nvdla: addr ffff141a, data 00000000
(8392) read from nvdla: addr ffff141a
(8394) read response from nvdla: 00000000
(8396) write to nvdla: addr ffff141b, data 00000fff
(8398) read from nvdla: addr ffff141b
(8400) read response from nvdla: 00000fff
(8402) write to nvdla: addr ffff141c, data 0000000f
(8404) read from nvdla: addr ffff141c
(8406) read response from nvdla: 0000000f
(8408) write to nvdla: addr ffff141d, data 00000001
(8410) read from nvdla: addr ffff141d
(8412) read response from nvdla: 00000001
(8414) write to nvdla: addr ffff141e, data 00000000
(8416) read from nvdla: addr ffff141e
(8418) read response from nvdla: 00000000
(8420) write to nvdla: addr ffff141f, data 80100000
(8422) read from nvdla: addr ffff141f
(8424) read response from nvdla: 80100000
(8426) write to nvdla: addr ffff1420, data 00010000
(8428) read from nvdla: addr ffff1420
(8430) read response from nvdla: 00010000
(8432) write to nvdla: addr ffff1421, data 00000000
(8434) read from nvdla: addr ffff1421
(8436) read response from nvdla: 00000000
(8438) write to nvdla: addr ffff1422, data 00000000
(8440) read from nvdla: addr ffff1422
(8442) read response from nvdla: 00000000
(8444) write to nvdla: addr ffff1425, data 00000000
(8446) read from nvdla: addr ffff1425
(8448) read response from nvdla: 00000000
(8450) write to nvdla: addr ffff1426, data 00000000
(8452) read from nvdla: addr ffff1426
(8454) read response from nvdla: 00000000
(8456) write to nvdla: addr ffff1427, data 00000000
(8458) read from nvdla: addr ffff1427
(8460) read response from nvdla: 00000000
(8462) write to nvdla: addr ffff1428, data 00000000
(8464) read from nvdla: addr ffff1428
(8466) read response from nvdla: 00000000
(8468) write to nvdla: addr ffff1429, data 00000000
(8470) read from nvdla: addr ffff1429
(8472) read response from nvdla: 00000000
(8474) write to nvdla: addr ffff142a, data 00000000
(8476) read from nvdla: addr ffff142a
(8478) read response from nvdla: 00000000
(8480) write to nvdla: addr ffff142b, data 00000000
(8482) read from nvdla: addr ffff142b
(8484) read response from nvdla: 00000000
(8486) write to nvdla: addr ffff142c, data 00000000
(8488) read from nvdla: addr ffff142c
(8490) read response from nvdla: 00000000
(8492) write to nvdla: addr ffff142d, data 00000000
(8494) read from nvdla: addr ffff142d
(8496) read response from nvdla: 00000000
(8498) write to nvdla: addr ffff142f, data 00020001
(8500) read from nvdla: addr ffff142f
(8502) read response from nvdla: 00020001
(8504) write to nvdla: addr ffff143a, data 00000000
(8506) read from nvdla: addr ffff143a
(8508) read response from nvdla: 00000000
(8510) write to nvdla: addr ffff1801, data 00000000
(8512) read from nvdla: addr ffff1801
(8514) read response from nvdla: 00000000
(8516) write to nvdla: addr ffff1803, data 11001100
(8518) read from nvdla: addr ffff1803
(8520) read response from nvdla: 11001100
(8522) write to nvdla: addr ffff1804, data 00000000
(8524) read from nvdla: addr ffff1804
(8526) read response from nvdla: 00000000
(8528) write to nvdla: addr ffff1805, data 00070007
(8530) read from nvdla: addr ffff1805
(8532) read response from nvdla: 00070007
(8534) write to nvdla: addr ffff1806, data 0000001f
(8536) read from nvdla: addr ffff1806
(8538) read response from nvdla: 0000001f
(8540) write to nvdla: addr ffff1807, data 00000000
(8542) read from nvdla: addr ffff1807
(8544) read response from nvdla: 00000000
(8546) write to nvdla: addr ffff1809, data 00000003
(8548) read from nvdla: addr ffff1809
(8550) read response from nvdla: 00000003
(8552) write to nvdla: addr ffff180a, data 00000000
(8554) read from nvdla: addr ffff180a
(8556) read response from nvdla: 00000000
(8558) write to nvdla: addr ffff180b, data 00070007
(8560) read from nvdla: addr ffff180b
(8562) read response from nvdla: 00070007
(8564) write to nvdla: addr ffff180c, data 000f001f
(8566) read from nvdla: addr ffff180c
(8568) read response from nvdla: 000f001f
(8570) write to nvdla: addr ffff180d, data 00010000
(8572) read from nvdla: addr ffff180d
(8574) read response from nvdla: 00010000
(8576) write to nvdla: addr ffff180e, data 00000000
(8578) read from nvdla: addr ffff180e
(8580) read response from nvdla: 00000000
(8582) write to nvdla: addr ffff180f, data 00000000
(8584) read from nvdla: addr ffff180f
(8586) read response from nvdla: 00000000
(8588) write to nvdla: addr ffff1810, data 0000000f
(8590) read from nvdla: addr ffff1810
(8592) read response from nvdla: 0000000f
(8594) write to nvdla: addr ffff1811, data 00000000
(8596) read from nvdla: addr ffff1811
(8598) read response from nvdla: 00000000
(8600) write to nvdla: addr ffff1813, data 00000000
(8602) read from nvdla: addr ffff1813
(8604) read response from nvdla: 00000000
(8606) write to nvdla: addr ffff1814, data 00000000
(8608) read from nvdla: addr ffff1814
(8610) read response from nvdla: 00000000
(8612) write to nvdla: addr ffff1815, data 00000000
(8614) read from nvdla: addr ffff1815
(8616) read response from nvdla: 00000000
(8618) write to nvdla: addr ffff1816, data 00000000
(8620) read from nvdla: addr ffff1816
(8622) read response from nvdla: 00000000
(8624) write to nvdla: addr ffff1817, data 00020001
(8626) read from nvdla: addr ffff1817
(8628) read response from nvdla: 00020001
(8630) write to nvdla: addr ffff1819, data 00000000
(8632) read from nvdla: addr ffff1819
(8634) read response from nvdla: 00000000
(8636) write to nvdla: addr ffff1c01, data 00000000
(8638) read from nvdla: addr ffff1c01
(8640) read response from nvdla: 00000000
(8642) write to nvdla: addr ffff1c03, data 00001000
(8644) read from nvdla: addr ffff1c03
(8646) read response from nvdla: 00001000
(8648) write to nvdla: addr ffff2001, data 00000000
(8650) read from nvdla: addr ffff2001
(8652) read response from nvdla: 00000000
(8654) write to nvdla: addr ffff2003, data 00001000
(8656) read from nvdla: addr ffff2003
(8658) read response from nvdla: 00001000
(8660) write to nvdla: addr ffff2401, data 00000000
(8662) read from nvdla: addr ffff2401
(8664) read response from nvdla: 00000000
(8666) write to nvdla: addr ffff2403, data 00001000
(8668) read from nvdla: addr ffff2403
(8670) read response from nvdla: 00001000
(8672) write to nvdla: addr ffff2404, data 00000000
(8674) read from nvdla: addr ffff2404
(8676) read response from nvdla: 00000000
(8678) write to nvdla: addr ffff2405, data 0000000f
(8680) read from nvdla: addr ffff2405
(8682) read response from nvdla: 0000000f
(8684) write to nvdla: addr ffff2406, data 80400000
(8686) read from nvdla: addr ffff2406
(8688) read response from nvdla: 80400000
(8690) write to nvdla: addr ffff2407, data 00000000
(8692) read from nvdla: addr ffff2407
(8694) read response from nvdla: 00000000
(8696) write to nvdla: addr ffff2408, data 00000020
(8698) read from nvdla: addr ffff2408
(8700) read response from nvdla: 00000020
(8702) write to nvdla: addr ffff2409, data 00000020
(8704) read from nvdla: addr ffff2409
(8706) read response from nvdla: 00000020
(8708) write to nvdla: addr ffff240a, data 00010001
(8710) read from nvdla: addr ffff240a
(8712) read response from nvdla: 00010001
(8714) write to nvdla: addr ffff240b, data 00000000
(8716) read from nvdla: addr ffff240b
(8718) read response from nvdla: 00000000
(8720) write to nvdla: addr ffff240d, data 00000000
(8722) read from nvdla: addr ffff240d
(8724) read response from nvdla: 00000000
(8726) write to nvdla: addr ffff2810, data 0000001b
(8728) read from nvdla: addr ffff2810
(8730) read response from nvdla: 0000001b
(8732) write to nvdla: addr ffff2816, data 0000001b
(8734) read from nvdla: addr ffff2816
(8736) read response from nvdla: 0000001b
(8738) write to nvdla: addr ffff280a, data 0000001b
(8740) read from nvdla: addr ffff280a
(8742) read response from nvdla: 0000001b
(8744) write to nvdla: addr ffff2c01, data 00000000
(8746) read from nvdla: addr ffff2c01
(8748) read response from nvdla: 00000000
(8750) write to nvdla: addr ffff2c02, data 00000000
(8752) read from nvdla: addr ffff2c02
(8754) read response from nvdla: 00000000
(8756) write to nvdla: addr ffff2c03, data 00000000
(8758) read from nvdla: addr ffff2c03
(8760) read response from nvdla: 00000000
(8762) write to nvdla: addr ffff2c04, data 00000000
(8764) read from nvdla: addr ffff2c04
(8766) read response from nvdla: 00000000
(8768) write to nvdla: addr ffff2c0f, data 00000000
(8770) read from nvdla: addr ffff2c0f
(8772) read response from nvdla: 00000000
(8774) write to nvdla: addr ffff2c10, data 00000000
(8776) read from nvdla: addr ffff2c10
(8778) read response from nvdla: 00000000
(8780) write to nvdla: addr ffff2c11, data 0000000f
(8782) read from nvdla: addr ffff2c11
(8784) read response from nvdla: 0000000f
(8786) write to nvdla: addr ffff2c12, data 80400000
(8788) read from nvdla: addr ffff2c12
(8790) read response from nvdla: 80400000
(8792) write to nvdla: addr ffff2c13, data 00000000
(8794) read from nvdla: addr ffff2c13
(8796) read response from nvdla: 00000000
(8798) write to nvdla: addr ffff2c14, data 00000020
(8800) read from nvdla: addr ffff2c14
(8802) read response from nvdla: 00000020
(8804) write to nvdla: addr ffff2c15, data 00000020
(8806) read from nvdla: addr ffff2c15
(8808) read response from nvdla: 00000020
(8810) write to nvdla: addr ffff2c16, data 0000001a
(8812) read from nvdla: addr ffff2c16
(8814) read response from nvdla: 0000001a
(8816) write to nvdla: addr ffff2c17, data 00000002
(8818) read from nvdla: addr ffff2c17
(8820) read response from nvdla: 00000002
(8822) write to nvdla: addr ffff2c18, data 00000000
(8824) read from nvdla: addr ffff2c18
(8826) read response from nvdla: 00000000
(8828) write to nvdla: addr ffff2c19, data 00000000
(8830) read from nvdla: addr ffff2c19
(8832) read response from nvdla: 00000000
(8834) write to nvdla: addr ffff2c1a, data 00000001
(8836) read from nvdla: addr ffff2c1a
(8838) read response from nvdla: 00000001
(8840) write to nvdla: addr ffff2c2c, data 00000001
(8842) read from nvdla: addr ffff2c2c
(8844) read response from nvdla: 00000001
(8846) write to nvdla: addr ffff2c1b, data 00000001
(8848) read from nvdla: addr ffff2c1b
(8850) read response from nvdla: 00000001
(8852) write to nvdla: addr ffff2c20, data 00000001
(8854) read from nvdla: addr ffff2c20
(8856) read response from nvdla: 00000001
(8858) write to nvdla: addr ffff2c2d, data 00000001
(8860) read from nvdla: addr ffff2c2d
(8862) read response from nvdla: 00000001
(8864) write to nvdla: addr ffff2c2e, data 00000000
(8866) read from nvdla: addr ffff2c2e
(8868) read response from nvdla: 00000000
(8870) write to nvdla: addr ffff2c2f, data 00000005
(8872) read from nvdla: addr ffff2c2f
(8874) read response from nvdla: 00000005
(8876) write to nvdla: addr ffff2c30, data 00000000
(8878) read from nvdla: addr ffff2c30
(8880) read response from nvdla: 00000000
(8882) write to nvdla: addr ffff2c31, data 00000001
(8884) read from nvdla: addr ffff2c31
(8886) read response from nvdla: 00000001
(8888) write to nvdla: addr ffff2c32, data 00000000
(8890) read from nvdla: addr ffff2c32
(8892) read response from nvdla: 00000000
(8894) write to nvdla: addr ffff2c0e, data 00000001
(8000) DBG: write to 2c0e, state=0, flying=1
(8896) read from nvdla: addr ffff2c0e
(8898) read response from nvdla: 00000001
(8900) write to nvdla: addr ffff2802, data 00000000
(8902) read from nvdla: addr ffff2802
(8904) read response from nvdla: 00000000
(8906) write to nvdla: addr ffff2402, data 00000001
(8908) read from nvdla: addr ffff2402
(8910) read response from nvdla: 00000001
(8912) write to nvdla: addr ffff1c02, data 00000001
(8914) read from nvdla: addr ffff1c02
(8916) read response from nvdla: 00000001
(8918) write to nvdla: addr ffff2002, data 00000001
(8920) read from nvdla: addr ffff2002
(8922) read response from nvdla: 00000001
(8924) write to nvdla: addr ffff1802, data 00000001
(8926) read from nvdla: addr ffff1802
(8928) read response from nvdla: 00000001
(8930) write to nvdla: addr ffff1404, data 00000001
(8932) read from nvdla: addr ffff1404
(8934) read response from nvdla: 00000001
(8934) DBB: read request from dla, addr 80000000 burst 63 id 0
(8936) waiting for interrupt...
(8998) DBB: read push: id 0, da cdd2e4ce c49d819d 1a93d056 e55c4859
(9000) DBB: read push: id 0, da 2e34366b 56a52a44 906b71f2 9b2b7649
(9002) DBB: read push: id 0, da ff6dbfb4 a9c2114f 2c677728 fe3a1f32
(9004) DBB: read push: id 0, da 20b9983e 3e39db0a 9c7fc948 75c129cf
(9006) DBB: read push: id 0, da 7b0ba575 87171201 fbf3017a c2c1f70f
(9008) DBB: read push: id 0, da 3507c50f 255aa04e ac6f8dff 0d9a52a5
(9010) DBB: read push: id 0, da 54014275 bf918cf8 4a24f086 e21ce356
(9012) DBB: read push: id 0, da 0e5e4dc1 7234b002 d3e6c39e 480c3861
(9014) DBB: read push: id 0, da 5a2e8ac7 6741375d 7a3b4391 718a1828
(9016) DBB: read push: id 0, da 206c932a eae9146d cb0bf2a5 fc512b0c
(9018) DBB: read push: id 0, da f94f4dfc fe0db47d c6d18bc1 ec0fd4e1
(9020) DBB: read push: id 0, da 2e28a066 16d38961 f7e11efa 23085a71
(9022) DBB: read push: id 0, da dfc43b36 e7ac4221 c1d583e7 80cfc70a
(9024) DBB: read push: id 0, da c7cdf7c5 500f2685 7e67e963 1ee19194
(9026) DBB: read push: id 0, da 6fa45686 46e5ba97 9f759e9d 43a741ca
(9028) DBB: read push: id 0, da b7f6ea2d ac40c14f a20a447b 5759d4b1
(9030) DBB: read push: id 0, da 733423cf 7eb87a8c 6e6aa984 3e26ae8a
(9032) DBB: read push: id 0, da a94ad083 a063d74b 176ba183 16aa954c
(9034) DBB: read push: id 0, da 0f37a775 f7dd3b7a e1cab03e d7a526a1
(9036) DBB: read push: id 0, da 1ae54735 cbf9c9d4 3452cdfe d850c03c
(9038) DBB: read push: id 0, da 0d5ab0a4 9910b575 f84ff935 14750637
(9040) DBB: read push: id 0, da 17316ad4 114fe904 3adefee1 05508ad5
(9042) DBB: read push: id 0, da 531aa698 67a679b4 750ddbc2 196b30be
(9044) DBB: read push: id 0, da 52b2709d 68bfa333 8456851a e41d52aa
(9046) DBB: read push: id 0, da 1837283e f4365d24 16565c9d 0098aabf
(9048) DBB: read push: id 0, da 2e7e8f26 1950df3d acb53742 a79e0d7e
(9050) DBB: read push: id 0, da 8d445c9f 73c01db0 fc0b535a 6a3069c5
(9052) DBB: read push: id 0, da 9f5230fe 5d170688 a817b1c8 36ca3783
(9054) DBB: read push: id 0, da 46126df0 0544493d d6df8e11 97449832
(9056) DBB: read push: id 0, da 1db19677 e621518f 248e3be7 3ba2789a
(9058) DBB: read push: id 0, da f7cf7432 ea1a2294 410b9a92 18b374de
(9060) DBB: read push: id 0, da ab4c1239 483b6ffc 2560f3ef cf8cdb81
(9062) DBB: read push: id 0, da 575d9c0b 362a57e4 29d3351d 173d4e66
(9064) DBB: read push: id 0, da 9cbd46e1 e7f1b669 76b3b471 1782fd48
(9066) DBB: read push: id 0, da 377ee479 6cdb7357 21c5e454 8a801279
(9068) DBB: read push: id 0, da a119b5f3 bf94937d bf0c6239 aba848dc
(9070) DBB: read push: id 0, da 63750806 dcb4e746 0f135331 563c4298
(9072) DBB: read push: id 0, da 8e4ae3e9 fb87a85a ec2105b3 4da77510
(9074) DBB: read push: id 0, da b151d08a 15451b3f 07a8d22f bcb8ab87
(9076) DBB: read push: id 0, da 31a3916c 84161eed 7a17f161 7c6105d2
(9078) DBB: read push: id 0, da 97c8c4ea c22048a1 73f4fc93 a5b17845
(9080) DBB: read push: id 0, da 091fe6a4 fe9be1c1 54ab352f 9aa23a0d
(9082) DBB: read push: id 0, da c0701226 d63dd635 ea3dece9 abac5839
(9084) DBB: read push: id 0, da d3b4ccf8 a7678283 fe7fa46a 2eba83f0
(9086) DBB: read push: id 0, da e6ec1d66 9f5909a9 e9c2059f 7b45d9f8
(9088) DBB: read push: id 0, da 502470dd 2e7b9ce8 81391ebb dbb80a73
(9090) DBB: read push: id 0, da 4d80ab26 a3c7fadd 35653340 fb7017fb
(9092) DBB: read push: id 0, da 5992e494 a22e7fec f145212e 3f15e6e8
(9094) DBB: read push: id 0, da 728e49f3 58044e2e ae5dcf85 ed095ef4
(9096) DBB: read push: id 0, da 0f2aeec2 540eb9b1 37f98902 ee7eac28
(9098) DBB: read push: id 0, da c0d1a67d dbe043c5 ac3582c7 97a4268a
(9100) DBB: read push: id 0, da 990f651a 91e3fe9c ec639392 e6733f00
(9102) DBB: read push: id 0, da 3ed3f969 506ac461 e74c7edf 54c18099
(9104) DBB: read push: id 0, da a6358a58 318ceb9d a7dca6bd 8be76174
(9106) DBB: read push: id 0, da 8e0fc5ae afa0f935 9517118e 06c63b56
(9108) DBB: read push: id 0, da 415a749b 4d64a086 8ecee2b1 5e60ec78
(9110) DBB: read push: id 0, da 637f6dbc 1b5c7641 c338f40c 192712b5
(9112) DBB: read push: id 0, da c081ff1b eee838c5 ed67b7f2 74be8912
(9114) DBB: read push: id 0, da 1a29f64c 5a512913 fd61a289 84ab687f
(9116) DBB: read push: id 0, da 18470602 cf945ea1 bcfdefb3 1ca36d98
(9118) DBB: read push: id 0, da 69310445 2e217197 a497c88e 888861cf
(9120) DBB: read push: id 0, da 7fcadc99 4deeadac 7c83572b 6380b2b7
(9122) DBB: read push: id 0, da 985e31d0 7e07959b 9f390283 e2da517f
(9124) DBB: read push: id 0, da f24887d9 19d5674f 8b03fce3 f29d92a6
(9126) interrupt!
(9128) write to nvdla: addr ffff0003, data ffffffff
(9130) read from nvdla: addr ffff0003
(9132) read response from nvdla: 00000000
(9134) waiting for interrupt...
(9134) DBB: read request from dla, addr 80100000 burst 255 id 0
(9198) DBB: read push: id 0, da 5c50aac3 ad838c72 bcdbbc5f f8f4adc1
(9200) DBB: read push: id 0, da 598b3144 a8cb88b4 b827b9aa 3812a80d
(9202) DBB: read push: id 0, da 55d5ddef a4a285c6 b583b545 9a8aa428
(9204) DBB: read push: id 0, da 512ed804 a10881a7 b0efb12f 5019a013
(9206) DBB: read push: id 0, da 4d97de3d 9dfe7c57 ac6aad68 a2239dce
(9208) DBB: read push: id 0, da 2b150b79 3b7f3bfb 9b932bed 9833f645
(9210) DBB: read push: id 0, da 27a40723 37d3366e 9a9a2721 95f95439
(9212) DBB: read push: id 0, da 22c3039c 32373330 c8192224 90cffbce
(9214) DBB: read push: id 0, da 1e71fee5 2eaa2e42 5bde1ef7 8cb49c13
(9216) DBB: read push: id 0, da 1aaffafd 2b2d2ba3 db771b99 89a87fec
(9218) DBB: read push: id 0, da 177cf7e5 27bf2754 fd1b160b 85ad6eed
(9220) DBB: read push: id 0, da b86a65a2 2ef5fb8b 75a91bc6 5ee76bb3
(9222) DBB: read push: id 0, da 34fae0f6 abb77795 6809c88d daf5e611
(9224) DBB: read push: id 0, da b0e95dea 2758f2bf 463b6dcf 56e2628e
(9226) DBB: read push: id 0, da 2c38d87d a3d96f08 c4a4472d d2afdf2b
(9228) DBB: read push: id 0, da a8e754af 1f3aea71 22a0d0ec 4e5c5be8
(9230) DBB: read push: id 0, da a857bba9 41d1b947 ed93afed 2f5860bb
(9232) DBB: read push: id 0, da 459e621e e594da4c 93d2556e 8e2086b8
(9234) DBB: read push: id 0, da 6aa56c78 d1176311 41d122af 8aa19475
(9236) DBB: read push: id 0, da 176c4169 045a5396 f79017b0 5b6089f2
(9238) DBB: read push: id 0, da 4bf3b7e7 7f5dabdb b50f3471 8062672f
(9240) DBB: read push: id 0, da 0abb3cd2 3fbb7db6 8cb876c2 9992ac65
(9242) DBB: read push: id 0, da 525e11b7 69dab717 69c3109f 7ca94032
(9244) DBB: read push: id 0, da e1c14e5c 9bb91838 9221923c e78057f0
(9246) DBB: read push: id 0, da b8e4f2c0 d558a119 3390fb99 da17af17
(9248) DBB: read push: id 0, da d7c7fee5 16b751ba 6c494cb6 546e528a
(9250) DBB: read push: id 0, da 3e6a72ca 5fd62a1b 76c98593 5685cef9
(9252) DBB: read push: id 0, da b5205141 fa9b45eb 5a801f55 f39f59b0
(9254) DBB: read push: id 0, da fd2afb4c 5ba04af3 af4cc914 fa9c88af
(9256) DBB: read push: id 0, da f4f37518 2c66dfba 52ac84d3 f15ac76f
(9258) DBB: read push: id 0, da 9c7dbea3 6ceb0442 8af6ee15 d7d715ee
(9260) DBB: read push: id 0, da f3c6d7ef 1d31b889 c80a017a ae15742e
(9262) DBB: read push: id 0, da 211d3964 eeff2e6c 7e345eb0 4e8e4d16
(9264) DBB: read push: id 0, da 0ccfd676 dab91b27 6bcf4a60 f37b3993
(9266) DBB: read push: id 0, da f84ef725 c7c10670 5638361d 350e259d
(9268) DBB: read push: id 0, da e59a96d0 b217f246 436e23e8 36931135
(9270) DBB: read push: id 0, da d0b44bea 9fbadea9 2f720fc1 d8aefc5a
(9272) DBB: read push: id 0, da 65f2a4b8 f568d4c6 de0ac2e3 51875933
(9274) DBB: read push: id 0, da 505490ba e06ac07d 62d5ae26 3d539e14
(9276) DBB: read push: id 0, da 3c027d49 cc3aac41 0a759af7 28ece904
(9278) DBB: read push: id 0, da 28fe6866 b8d79813 93dc8756 145318a0
(9280) DBB: read push: id 0, da 15485410 a44185f2 ddc87341 018746f7
(9282) DBB: read push: id 0, da 00df4048 907971de 7e8d5ebb ec888edf
(9284) DBB: read push: id 0, da 00d53cb7 96437247 2913dfc1 04512134
(9286) DBB: read push: id 0, da 6cf5a947 0225df2d 3b65a3be 703e8d4d
(9288) DBB: read push: id 0, da d8721475 6ee44a30 8841c4e8 dc0af885
(9290) DBB: read push: id 0, da 454e8040 da81b751 7ab38f1d 49b264d9
(9292) DBB: read push: id 0, da b186eca9 46fc2290 8c4234d5 b538d04c
(9294) DBB: read push: id 0, da 0ed26fc5 ffbbb67e 9a4cd863 09650b4f
(9296) DBB: read push: id 0, da e799e661 dcee13fb 67ebb04c 844d49a4
(9298) DBB: read push: id 0, da a71fc57c 60e1b838 9c4a8ef5 01f24eb9
(9300) DBB: read push: id 0, da 4d666cfd 8b94a334 3769745e e1c11a8e
(9302) DBB: read push: id 0, da da6d75c8 5d07d4f1 39486087 487bad22
(9304) DBB: read push: id 0, da 797ddc64 3443e37f f15bf1a1 43c5b5e9
(9306) DBB: read push: id 0, da aa10dd41 b542bec8 738e9356 299c0e40
(9308) DBB: read push: id 0, da 816324de 9d01a0d1 3700fbcb f6333458
(9310) DBB: read push: id 0, da ff76b33b eb80899a 455e2b00 a98a767a
(9312) DBB: read push: id 0, da 24498858 a0bf7923 6b4820f5 43a16824
(9314) DBB: read push: id 0, da efdca435 bcbe6f6c 0bccddaa c4774ec1
(9316) DBB: read push: id 0, da ea88dbb4 a18aa387 c1d6d005 a89c1a1a
(9318) DBB: read push: id 0, da fa9b23d1 928a1690 2116065e 9f7326fb
(9320) DBB: read push: id 0, da b96ebaaf f249985a ecbbe936 850ac29c
(9322) DBB: read push: id 0, da 2702a04c c0c828e3 a3f7411f 5962ecfe
(9324) DBB: read push: id 0, da 4355d4a9 fe08c82d a85fb1b0 1c79a61f
(9326) DBB: read push: id 0, da aba428a2 f4a49992 fed3c3f3 deecaccd
(9328) DBB: read push: id 0, da 465421ea 906834e5 9ae35ef6 aa0a48b8
(9330) DBB: read push: id 0, da e2877e5b 2d2fd17b 3776fabd 3789e4e7
(9332) DBB: read push: id 0, da 7e3d9735 c8fa6d55 d28e9747 cc238159
(9334) DBB: read push: id 0, da 1b780000 65c80872 6e283294 00001c0f
(9336) DBB: read push: id 0, da 4225e613 4c0a11dc 82cffbba a183ef84
(9338) DBB: read push: id 0, da de6b8308 e85cac41 182b96c7 3d9649ef
(9340) DBB: read push: id 0, da 7bb41f40 85324969 ba703217 d92b4223
(9342) DBB: read push: id 0, da 1601babb 208ae555 4ea6cfab 74451702
(9344) DBB: read push: id 0, da b351577a bc678004 00006b83 10e20000
(9346) DBB: read push: id 0, da 4fa5f37d 58c71d77 0000079e ad020000
(9348) DBB: read push: id 0, da 827010dd b4a26268 223677ab 57fb47be
(9350) DBB: read push: id 0, da 9f182cc1 d1fb7fe1 c936006a 735f630a
(9352) DBB: read push: id 0, da bb134839 ec279a6e f85ac234 8e967e69
(9354) DBB: read push: id 0, da d6626544 0927b60e 9d24007a aba09bdc
(9356) DBB: read push: id 0, da f30481e3 24fad2c2 00000000 c67eb762
(9358) DBB: read push: id 0, da 52323ea2 d2224956 e99479cf aeebe6aa
(9360) DBB: read push: id 0, da aa09f9fd b415f2bb f1a3fb50 52badc47
(9362) DBB: read push: id 0, da c39f29f1 17c83ddf 3b72de90 e8b7f3a3
(9364) DBB: read push: id 0, da 9ef69975 fd3a2ac4 c7002391 765b2cc0
(9366) DBB: read push: id 0, da 3c0d0000 646db969 944fca52 0000879d
(9368) DBB: read push: id 0, da 92e489d0 85646e58 d4885d40 41e967ac
(9370) DBB: read push: id 0, da b5b60415 ae52a0b8 ec55e3bd 4b10003f
(9372) DBB: read push: id 0, da 5a49201a 190134d9 136f8bfa 15f6ec7b
(9374) DBB: read push: id 0, da 809cddde c5702ab9 bf4c55f6 a29dbfd6
(9376) DBB: read push: id 0, da 28ae3d63 b39e825a 000041b3 f1040000
(9378) DBB: read push: id 0, da 52813ea7 e38d3bbb 00004f30 012a0000
(9380) DBB: read push: id 0, da b84beef5 d12fb44c 956ecf1e 7df55f58
(9382) DBB: read push: id 0, da 0c20e0fc 7da070ef 1849aca2 2f9e0533
(9384) DBB: read push: id 0, da 09b59cc3 93d1b752 3c58c5bd cb07b4ce
(9386) DBB: read push: id 0, da b10a224a 13c38775 bd6f6724 50306e29
(9388) DBB: read push: id 0, da 021f7191 fd74e158 00000000 bf193144
(9390) DBB: read push: id 0, da 00a52d95 b0dbc027 2146d157 2ae1a36c
(9392) DBB: read push: id 0, da 0d832d01 bda6cd78 2c16dda2 7843aec7
(9394) DBB: read push: id 0, da 187233e3 c803d99b 39f7e83e a7efbbf4
(9396) DBB: read push: id 0, da 25731707 d5f1e490 44eaf52b 936fc6f3
(9398) DBB: read push: id 0, da 30850000 e170f056 50ef006a 0000d3c3
(9400) DBB: read push: id 0, da 364f47f5 a78b5672 6fc729df c94ad9e7
(9402) DBB: read push: id 0, da 43e353b0 b3e463e5 592f3524 d57536f8
(9404) DBB: read push: id 0, da 4f085e3b bf4f6faa da084039 e1b1e70e
(9406) DBB: read push: id 0, da 5bbf6b98 cbcb7bc0 913f4d21 edffea65
(9408) DBB: read push: id 0, da 660777c7 d7588628 000059da f85f0000
(9410) DBB: read push: id 0, da 73e182c7 e3f792e2 00006464 04d00000
(9412) DBB: read push: id 0, da 8b8c36dc c3950e55 2b3603ff 75de0134
(9414) DBB: read push: id 0, da 164dc306 4f549bf2 616284cc 00e18cfd
(9416) DBB: read push: id 0, da a22f4f93 dbb42770 0209d18d 8d8519a8
(9418) DBB: read push: id 0, da 2f33da81 66b6b2d0 93ee8ca2 19cca534
(9420) DBB: read push: id 0, da bb5867d0 f2593e11 00000000 a5b331a1
(9422) DBB: read push: id 0, da d2aae621 edf793a3 230e2bbd 820f3600
(9424) DBB: read push: id 0, da 419ffa05 53783c5e 8b1b5104 bbfae3d3
(9426) DBB: read push: id 0, da b9548da1 81b94dd9 7be89f0b 03147a66
(9428) DBB: read push: id 0, da 39c9db91 78bac814 f57515d2 d9d9f9b9
(9430) DBB: read push: id 0, da c2fe0000 387bab0f f7c2b55a 000061cc
(9432) DBB: read push: id 0, da a7a07ae9 45fcb949 cdf16fd2 250fdd6b
(9434) DBB: read push: id 0, da 71815804 726972f0 f7e11205 3a94d0b9
(9436) DBB: read push: id 0, da 04229ddf 27965557 137e9cf8 58d99140
(9438) DBB: read push: id 0, da 5f834c7a 6583607e b62d10ab 7fdeca32
(9440) DBB: read push: id 0, da 83a463d5 2c309465 00006d1e afa30000
(9442) DBB: read push: id 0, da 7085e3f0 7b9df10c 0000b251 e8290000
(9444) DBB: read push: id 0, da 4627ee15 4a90aa9e a313fde8 6f151a42
(9446) DBB: read push: id 0, da a695037c 2a0a7911 fed6e319 f0a7fecd
(9448) DBB: read push: id 0, da 97c249a4 5a433845 522b70ce 42f85419
(9450) DBB: read push: id 0, da 19b0c08b db3de838 f4b66943 660a1a24
(9452) DBB: read push: id 0, da 2c5d6833 acf688ec 00000000 59db50f0
(9454) DBB: read push: id 0, da b69e629a 6a9f196a de8cac70 08a60016
(9456) DBB: read push: id 0, da f3d9e24d a623553b 1ad2e9c7 74b13d6a
(9458) DBB: read push: id 0, da 2fec314f e20091a4 56f02535 21b17856
(9460) DBB: read push: id 0, da 6ad6a312 1e33cca4 92e560ba affdb4d8
(9462) DBB: read push: id 0, da a6980000 5abf083b ceb19c57 0000f0f3
(9464) DBB: read push: id 0, da 0856b7c0 7db44a99 6b349e4d a5860833
(9466) DBB: read push: id 0, da 4507f2dd b8e686fb 5375da6d e1231b19
(9468) DBB: read push: id 0, da 800f2e91 f5efc374 502a1624 1d983a81
(9470) DBB: read push: id 0, da bd6e6add 30d0fe06 fd4e5373 58e3d48d
(9472) DBB: read push: id 0, da f925a7c0 6d893aae 00008e59 95070000
(9474) DBB: read push: id 0, da 3533e33a a818776e 0000cad6 d0020000
(9476) DBB: read push: id 0, da 24d4dec0 81fb5adb 3e08a89a 76ee9082
(9478) DBB: read push: id 0, da e0b59bde 3c7a16dc 420a401d 33124cb0
(9480) DBB: read push: id 0, da 9cbd5765 f8a1d2c5 f86321bb efde09c6
(9482) DBB: read push: id 0, da 58ed1352 b4708e95 65a28d11 ab51c5c3
(9484) DBB: read push: id 0, da 1545cfa7 71e64a4c 00000000 676c80a8
(9486) DBB: read push: id 0, da cf50a3ed cfa23570 c61fb85f 8bd68b5b
(9488) DBB: read push: id 0, da 6ced7e03 91fb1deb e9356396 8717354e
(9490) DBB: read push: id 0, da 764bf500 80145226 f80a1a8e 8578ab01
(9492) DBB: read push: id 0, da eb68ed16 99eed221 f29fdd45 b1caec74
(9494) DBB: read push: id 0, da cc450000 df879ddd d8f4abbc 0000f9a7
(9496) DBB: read push: id 0, da ab576035 5a32cc83 6cc6a6dc 436c8bae
(9498) DBB: read push: id 0, da 0390ee90 f327fd9a 388db6af 11d905c9
(9500) DBB: read push: id 0, da 8789c8ac 77dc3a71 52319243 4c07f06c
(9502) DBB: read push: id 0, da 3742ee87 e8528308 38343996 f1f4f148
(9504) DBB: read push: id 0, da 12bb6022 4487d760 0000aca9 03a10000
(9506) DBB: read push: id 0, da 19f51d7d 8c7c3777 0000eb7c 810e0000
(9508) DBB: read push: id 0, da ea33e00c 7dc6ed9e 95494082 f728c15c
(9510) DBB: read push: id 0, da daaa6f66 bd7aee34 4a15279d 0954d86a
(9512) DBB: read push: id 0, da dee23280 d0ede289 463bf64d 6f3f6338
(9514) DBB: read push: id 0, da f6da295a b821ca9f 89bfad40 28eb61c5
(9516) DBB: read push: id 0, da 229253f3 7315a675 00000000 3657d413
(9518) DBB: read push: id 0, da a25ab748 65d5acd8 e902cee8 8174b06c
(9520) DBB: read push: id 0, da cf96dd4d 91c9d8a6 1405fb98 dc86dc57
(9522) DBB: read push: id 0, da fb883634 bdf205e8 40bd273e c6f508b9
(9524) DBB: read push: id 0, da 2630cd56 e85130a0 6d2b53d9 50b83590
(9526) DBB: read push: id 0, da 538d0000 14e55cce 994f7f6a 000060dc
(9528) DBB: read push: id 0, da 7b08c350 fe0de521 be92c793 43c6dedb
(9530) DBB: read push: id 0, da a716efd8 2bea114c 0c05f3b9 6e4bdc37
(9532) DBB: read push: id 0, da d35a1bd6 577e3c6d a1601e55 9b854ec0
(9534) DBB: read push: id 0, da ffd44748 82c76883 ef2b4b67 c774b1c3
(9536) DBB: read push: id 0, da 2a837231 afc5958f 000076ee f21a0000
(9538) DBB: read push: id 0, da 57689e8f da79c190 0000a2eb 1f740000
(9540) DBB: read push: id 0, da 5b39dcc5 64be871b 0fffe8f9 bb4a1c8b
(9542) DBB: read push: id 0, da 06c58962 11aa326c dfed4f9a 66ffc94d
(9544) DBB: read push: id 0, da b3973484 bd5cdfc3 d364b440 127a7514
(9546) DBB: read push: id 0, da 5faee02c 69d38b1f fa309810 bfba21e1
(9548) DBB: read push: id 0, da 0b0a8c59 15103681 00000000 6abfcdb3
(9550) DBB: read push: id 0, da ad431658 6a9eec79 0113f409 0283b614
(9552) DBB: read push: id 0, da 4b7939bc 6480d305 82a24c41 aa2aabf8
(9554) DBB: read push: id 0, da 446fad22 79227452 def01f3a ee8cdc9d
(9556) DBB: read push: id 0, da 98263dd4 a884d05e 15fe6cf2 f73e4801
(9558) DBB: read push: id 0, da 469c0000 f2a7e72a 27cc356a 0000ee25
(9560) DBB: read push: id 0, da 04372867 868210cd 13d849ae 636aa6e0
(9562) DBB: read push: id 0, da 0b796c53 75712666 ed895cf2 a5b015d4
(9564) DBB: read push: id 0, da 2d7b6b00 3f1fb6be e0e7aaf7 42b6ed39
(9566) DBB: read push: id 0, da 6a3d246c e38dc1d6 e29733bb 3a7c98fe
(9568) DBB: read push: id 0, da c1c09898 62bb47ae 0000f73f 8d020000
(9570) DBB: read push: id 0, da 3402c784 bca94846 0000f583 3a490000
(9572) DBB: read push: id 0, da 1ce1e2cc df1c0dde b192bcb2 257ac5ca
(9574) DBB: read push: id 0, da e2dc3131 5543b66f aa15cc01 fff926b2
(9576) DBB: read push: id 0, da 4b96c256 2e2961bf 5585fcca bd380a5b
(9578) DBB: read push: id 0, da 5711963a 69d00fd0 aa849847 5d3670c4
(9580) DBB: read push: id 0, da 054cacdf 0837c0a1 00000000 dff559ec
(9582) DBB: read push: id 0, da e3c9aafb f0f4b30f be80a043 40f24fe6
(9584) DBB: read push: id 0, da be55b608 cd7c8ea2 9abd7caf f4352ae3
(9586) DBB: read push: id 0, da 9aec7242 a9906a00 76065866 1e6606ab
(9588) DBB: read push: id 0, da 778eff12 852f472a 525a3568 a7a4e33e
(9590) DBB: read push: id 0, da 523c0000 605a2220 2fb911b7 0000be9d
(9592) DBB: read push: id 0, da 5f8720df 2d7d0e10 83d4bd8b 0991522d
(9594) DBB: read push: id 0, da 3bd5fd58 0940eb21 01a098ed e5651dcb
(9596) DBB: read push: id 0, da 17aed99c e40ec77e eec8751b c14512a1
(9598) DBB: read push: id 0, da f313b5ac c1e8a326 6f9d5014 9d30153b
(9600) DBB: read push: id 0, da ce049187 9ccd7e1a 00002dd8 79260000
(9602) DBB: read push: id 0, da aa806d2d 78be5a59 00000868 55290000
(9604) DBB: read push: id 0, da 70565c38 e76ff3ee cb9d4edb 11385f71
(9606) DBB: read push: id 0, da ccceb850 42314ef4 c8c987fa 6cb6ba7a
(9608) DBB: read push: id 0, da 28221584 9f4eaa96 6ff9045b c98f171f
(9610) DBB: read push: id 0, da 845171d3 fac706d3 472f4c35 25c37360
(9612) DBB: read push: id 0, da e15ccd3e 569c63ac 00000000 8153cf3c
(9614) DBB: read push: id 0, da 64eba238 fa3c07d7 c053a1d3 5e667375
(9616) DBB: read push: id 0, da aaae9fe4 3e5bd148 deced7a0 3ddff19e
(9618) DBB: read push: id 0, da f63193e8 483a8079 8309b32d cc59d587
(9620) DBB: read push: id 0, da 477418c9 17d9156a ad04347a 129e1f2f
(9622) DBB: read push: id 0, da 9e770000 ad38901b 5cbf5b87 0000ce98
(9624) DBB: read push: id 0, da 4394efd8 3ed98802 ad7545d1 48b420bc
(9626) DBB: read push: id 0, da 6a932c28 203410ae 8817f6da 32c61279
(9628) DBB: read push: id 0, da 57524e39 874e3f1b 60f70da3 229927e3
(9630) DBB: read push: id 0, da 09d0560a 74291348 74288a2c 182c5e1e
(9632) DBB: read push: id 0, da 820f439b e6c48d35 00006c75 137f0000
(9634) DBB: read push: id 0, da c00e16ec df1face2 0000b47e 14920000
(9636) DBB: read push: id 0, da ab209c30 37ca776b 3950d259 1c69388c
(9638) DBB: read push: id 0, da e739a85b 98c0fa73 f5444b06 db16bd4b
(9640) DBB: read push: id 0, da 91134247 2775cb3a b5388c42 47830fcb
(9642) DBB: read push: id 0, da a8ac69f2 e3eae9c2 8e643cbf 61b1300a
(9644) DBB: read push: id 0, da 2e051f5d ce205609 00000000 299e1e09
(9646) DBB: read push: id 0, da 7408bc60 fb649e10 3fa8840b bbcc2973
(9648) DBB: read push: id 0, da c16c6cbe 46c0eb9e 8b94d1dc c9417420
(9650) DBB: read push: id 0, da 0d8abb35 925636a5 d7391ca7 577ac146
(9652) DBB: read push: id 0, da 58628bf7 de258325 2298686b 1b710ce6
(9654) DBB: read push: id 0, da a5f30000 2a2ecf1f 6fb0b528 000058ff
(9656) DBB: read push: id 0, da 208bc5e8 64e7abd5 49784e7a 2f625d49
(9658) DBB: read push: id 0, da 6d041032 b0aff722 43499b64 7b91b36b
(9660) DBB: read push: id 0, da b9b65df6 fc31436a b0dce6c7 c67b8c4a
(9662) DBB: read push: id 0, da 04a2a933 496d8eaa 58b332a3 121d47db
(9664) DBB: read push: id 0, da 51c8f5e9 9462dae5 00007ef9 5e7a0000
(9666) DBB: read push: id 0, da 9d27401a e1112618 0000cbc8 ab8f0000
(9668) DBB: read push: id 0, da 0b4c8d6b 9898b9a0 f1ce7fe0 f1b15245
(9670) DBB: read push: id 0, da d72b58e7 64ef84c8 305db274 bdc11f8f
(9672) DBB: read push: id 0, da a3d4246c 3190517a 00c8ecea 891ceb62
(9674) DBB: read push: id 0, da 6f46f1fb fc7b1db5 79fa47f4 55c0b7be
(9676) DBB: read push: id 0, da 3b81bd93 c9afe97a 00000000 21ad82a4
(9678) DBB: read push: id 0, da 84046ad7 32118853 543c85d7 adf139d8
(9680) DBB: read push: id 0, da 3656575a e0304f0b 4a266e5b f8ae9028
(9682) DBB: read push: id 0, da 4569a1c2 ab0ed284 1cd0d3a0 19932338
(9684) DBB: read push: id 0, da b13bc7e5 92ac12bc cc3bb5a4 ca15f309
(9686) DBB: read push: id 0, da 79cd0000 970b0fb4 58651468 0000ff99
(9688) DBB: read push: id 0, da c5897417 f3996a81 ab0dbd68 31104a64
(9690) DBB: read push: id 0, da 02079930 d7e31165 4a7b3218 48f24b63
(9692) DBB: read push: id 0, da 5b457b08 98ed350a f1e6e388 bd94e323
(9694) DBB: read push: id 0, da d14419a0 36b8d56e 562ad1b9 8ef728ff
(9696) DBB: read push: id 0, da 640274f8 b142f292 0000fca9 bd190000
(9698) DBB: read push: id 0, da 13808d11 088c8c77 00006459 47fb0000
(9700) DBB: read push: id 0, da 267335b2 cc17500c 4b167874 588ea2cf
(9702) DBB: read push: id 0, da 15f5f38f f7e6e435 7ffa6b59 60f54790
(9704) DBB: read push: id 0, da 6a38b62c 48753d1e b45c695c 0e1c3110
(9706) DBB: read push: id 0, da 233b7d88 bdc35ac7 c695ff99 60035f51
(9708) DBB: read push: id 0, da 40fe49a5 57d23d2f 00000000 56aad252
(9712) DBB: read request from dla, addr 80104000 burst 255 id 0
(9776) DBB: read push: id 0, da 0b474e3d d39076c8 58d51e99 ee2a852e
(9778) DBB: read push: id 0, da 87a62c13 4febf346 d4249b8f 35970193
(9780) DBB: read push: id 0, da 0204373e cbc56f83 507217c4 b24e7cb8
(9782) DBB: read push: id 0, da 7e6203e6 471feb80 cdbf9339 4719f89d
(9784) DBB: read push: id 0, da fabff4f5 c3f8673c 480c0fed bec07541
(9786) DBB: read push: id 0, da 10ceb40f 979c5d2c 315bc288 e7defef3
(9788) DBB: read push: id 0, da 8de8316d 136bd8c2 4cdf3f4e 63fde480
(9790) DBB: read push: id 0, da 0882ac89 8e395596 c82cbad3 de1ad8bc
(9792) DBB: read push: id 0, da 849b2966 0a06d1ab 60aa3717 5a383b4c
(9794) DBB: read push: id 0, da 0034a402 86d34cff d626b21b d654520d
(9796) DBB: read push: id 0, da 7d4c205d 029fc992 ead92fde 52712088
(9798) DBB: read push: id 0, da 3bfb2b15 2bed3b7f f6459b93 48a09833
(9800) DBB: read push: id 0, da 366e27a4 272137d3 54399a9a 453e95f9
(9802) DBB: read push: id 0, da 333022c3 22243237 fbcec819 40ab90cf
(9804) DBB: read push: id 0, da 2e421e71 1ef72eaa 9c135bde 3ce88cb4
(9806) DBB: read push: id 0, da 2ba31aaf 1b992b2d 7fecdb77 39f489a8
(9808) DBB: read push: id 0, da 23e7faa3 487de476 ead4ccf5 636c1713
(9810) DBB: read push: id 0, da 53355d76 75c82342 921a47bd b1f849d8
(9812) DBB: read push: id 0, da 824456cb 62d241cf b9216246 63b2dc5c
(9814) DBB: read push: id 0, da b112819a 0f9d401b 5fe71c8e 7ce5cea0
(9816) DBB: read push: id 0, da dfa00b8f 7c271e28 866e7697 68fb20a5
(9818) DBB: read push: id 0, da e72b87e4 4e7f1661 b116c47d 6f677e5b
(9820) DBB: read push: id 0, da 74553691 35a6e109 e1212722 7e86828a
(9822) DBB: read push: id 0, da c140c4fd 9c8c4b72 166fe986 8d642f43
(9824) DBB: read push: id 0, da cdea332a 8333559a de2c0bab 9c032e14
(9826) DBB: read push: id 0, da 9a558116 e999ff83 5b2f8d8f aa61d619
(9828) DBB: read push: id 0, da 267faec3 cfc0492b b7466f34 b880b1bb
(9830) DBB: read push: id 0, da 7db60abb 76c23fbb ac658cb8 d0519992
(9832) DBB: read push: id 0, da b717525e 109f69da 403269c3 1f267ca9
(9834) DBB: read push: id 0, da 1838e1c1 923c9bb9 57f09221 d5bbe780
(9836) DBB: read push: id 0, da a119b8e4 fb99d558 af173390 f410da17
(9838) DBB: read push: id 0, da 51bad7c7 4cb616b7 528a6c49 7a25546e
(9840) DBB: read push: id 0, da ca5d3950 f2b20639 d91e8e3c fa98d57b
(9842) DBB: read push: id 0, da 378c6ef0 5e957267 448cfb89 e9d040c1
(9844) DBB: read push: id 0, da a338bd63 ca75dfd2 b1796794 0c55ac44
(9846) DBB: read push: id 0, da 0f6262be 36534a7b 1de2d25d f7731804
(9848) DBB: read push: id 0, da 7a096569 a22eb661 89c93fe3 607e8402
(9850) DBB: read push: id 0, da 28643de8 0fe6c5cb d77a0a56 1da4a0d0
(9852) DBB: read push: id 0, da 9446a8b5 7a133077 5ea077ba 88f1b499
(9854) DBB: read push: id 0, da 002414bf e7be9de1 f0d3e35c f4bc4c51
(9856) DBB: read push: id 0, da 6c018006 52e60808 6e2b4f3b 61044a79
(9858) DBB: read push: id 0, da d9dbec8b bf8c74ed 2823bb58 cdc9aa43
(9860) DBB: read push: id 0, da 45b2584e 2bafe090 4a6427b2 390ccfb8
(9862) DBB: read push: id 0, da d4c665f2 c2e3f568 5933de0a e1bb5187
(9864) DBB: read push: id 0, da c07d5054 ae26e06a 9e1462d5 cda13d53
(9866) DBB: read push: id 0, da ac413c02 9af7cc3a e9040a75 b81328ec
(9868) DBB: read push: id 0, da 981328fe 8756b8d7 18a093dc a5131453
(9870) DBB: read push: id 0, da 85f21548 7341a441 46f7ddc8 90a10187
(9872) DBB: read push: id 0, da aeb9b702 d9799ca6 0f389e0d 64db3dd3
(9874) DBB: read push: id 0, da 4626b2ab cad2b388 c67d44db 41c8e08e
(9876) DBB: read push: id 0, da 1c528f3d baea692a 3c814a6a 5d87a208
(9878) DBB: read push: id 0, da 313f10e2 a9c3bd8d 7146aeb8 e5328243
(9880) DBB: read push: id 0, da 84ebff07 975bb0af 64ca71c7 9c11813d
(9882) DBB: read push: id 0, da b24e743f 7303659c c99eab59 526905fb
(9884) DBB: read push: id 0, da a306da81 89a7bbcb 80d15d73 f8e577f4
(9886) DBB: read push: id 0, da 927fdf84 5f0b70b9 372e2e4d de21cb2d
(9888) DBB: read push: id 0, da 80b78346 f3308468 b3e81de8 021e693c
(9890) DBB: read push: id 0, da 6dafc5c8 4614f6d6 bc682c42 64da909c
(9892) DBB: read push: id 0, da 5968a70b 57b9c804 57d2595d 06579c79
(9894) DBB: read push: id 0, da e37f797d f1a13443 b5e9f15b 5df943c5
(9896) DBB: read push: id 0, da bec8aa10 9356b542 0e40738e 5086299c
(9898) DBB: read push: id 0, da a0d18163 fbcb9d01 34583700 89d3f633
(9900) DBB: read push: id 0, da 899aff76 2b00eb80 767a455e 09e0a98a
(9902) DBB: read push: id 0, da 79232449 20f5a0bf 68246b48 d0ad43a1
(9904) DBB: read push: id 0, da 6c1c062c 6e653432 2e7a16bd 555eb816
(9906) DBB: read push: id 0, da 882b2b99 8bdf5130 4b983342 d78cd45a
(9908) DBB: read push: id 0, da a52e3940 a7cd6ce1 66a94ffa c40ff052
(9910) DBB: read push: id 0, da c124b0a6 c22f8946 83ae6ae6 284d0dfd
(9912) DBB: read push: id 0, da dc0d0000 df03a45e 9ea68606 0000295c
(9914) DBB: read push: id 0, da 7d1443db 3d8b24b9 37c9c782 004031cc
(9916) DBB: read push: id 0, da 99c85f32 59a24158 0314e3a0 1dc67722
(9918) DBB: read push: id 0, da b4ef7b3d 75ad5c2a 243bff71 383f5ade
(9920) DBB: read push: id 0, da d08b97fc 91ab7930 77b71af6 55ac95f2
(9922) DBB: read push: id 0, da ec99b36e ad9d9469 0000362e 700c0000
(9924) DBB: read push: id 0, da 091bcf93 c982b1d6 0000531a 8d600000
(9926) DBB: read push: id 0, da 11dc4225 fbba4c0a ef8482cf 0c02a183
(9928) DBB: read push: id 0, da ac41de6b 96c7e85c 49ef182b a8073d96
(9930) DBB: read push: id 0, da 49697bb4 32178532 4223ba70 4550d92b
(9932) DBB: read push: id 0, da e5551601 cfab208a 17024ea6 e1dd7445
(9934) DBB: read push: id 0, da 8004b351 6b83bc67 00000000 7dad10e2
(9936) DBB: read push: id 0, da 8e2f2c7f b2b79948 bd79deb5 cd7f8b3b
(9938) DBB: read push: id 0, da 95c12027 6fe51828 4c432131 9012ad53
(9940) DBB: read push: id 0, da 17139fc8 66d3f0c8 d4cd7d6d b822a92b
(9942) DBB: read push: id 0, da 12256497 97812328 5717f369 f5407ec4
(9944) DBB: read push: id 0, da 86f70000 01efaf48 d3218325 00002e1c
(9946) DBB: read push: id 0, da 0a166d80 45a6dcbb f3d2410f a0737e52
(9948) DBB: read push: id 0, da 64241940 51502c17 80525007 63558e4f
(9950) DBB: read push: id 0, da f7f21ec0 56ba9533 19c338bf 9ff71c60
(9952) DBB: read push: id 0, da c5807e00 55e4180f 05c9fb38 5659f397
(9954) DBB: read push: id 0, da ccce3700 4eceb4ab 00009770 867b0000
(9956) DBB: read push: id 0, da 0ddd49c0 41786b07 00000d68 305d0000
(9958) DBB: read push: id 0, da 6e5892e4 5d408564 67acd488 813841e9
(9960) DBB: read push: id 0, da a0b8b5b6 e3bdae52 003fec55 83ec4b10
(9962) DBB: read push: id 0, da 34d95a49 8bfa1901 ec7b136f 286115f6
(9964) DBB: read push: id 0, da 2ab9809c 55f6c570 bfd6bf4c 6e95a29d
(9966) DBB: read push: id 0, da 825a28ae 41b3b39e 00000000 568af104
(9968) DBB: read push: id 0, da ca356c32 15acd866 1c798141 4d28e8bd
(9970) DBB: read push: id 0, da 5691c59d a0a8652f a92d0d37 e39674f6
(9972) DBB: read push: id 0, da e22f0dd1 2c66f1fa 342398ae b3c70031
(9974) DBB: read push: id 0, da 6f0e6777 b8e57cc6 c15b25a6 da4e8c6e
(9976) DBB: read push: id 0, da fb2f0000 44260994 4cd4b020 000019ac
(9978) DBB: read push: id 0, da 5bd21e8a 634bc7cc 8ae02f39 b42c83e9
(9980) DBB: read push: id 0, da e72fab54 ef205282 313ebaf3 403905db
(9982) DBB: read push: id 0, da 734d3620 7b37deba 310e47af cd88468c
(9984) DBB: read push: id 0, da fe2dc2ed 078f6a73 66d8d36c 5819476c
(9986) DBB: read push: id 0, da 8bcf4fbb 9229f7ad 00005e2b e5eb0000
(9988) DBB: read push: id 0, da 1632da8b 1f048269 0000ebeb 70fe0000
(9990) DBB: read push: id 0, da 5672364f 29dfa78b d9e76fc7 0910c94a
(9992) DBB: read push: id 0, da 63e543e3 3524b3e4 36f8592f 143fd575
(9994) DBB: read push: id 0, da 6faa4f08 4039bf4f e70eda08 203fe1b1
(9996) DBB: read push: id 0, da 7bc05bbf 4d21cbcb ea65913f 2d10edff
(9998) DBB: read push: id 0, da 86286607 59dad758 00000000 38b4f85f
(10000) DBB: read push: id 0, da 9ac19a4b 560eb307 bcbb20ec 9109de91
(10002) DBB: read push: id 0, da c8e0460c d43817ac 16f11b9d c5b8fb4e
(10004) DBB: read push: id 0, da 97be90cf b3237d10 91e8d70d ca7c98cb
(10006) DBB: read push: id 0, da 075d391b f2cde335 2d9e533e e08cb707
(10008) DBB: read push: id 0, da 17bb0000 93384a1a ea15902e 00005604
(10010) DBB: read push: id 0, da 690bc542 25be662c 6d041cd8 96465b07
(10012) DBB: read push: id 0, da 17952a46 1054c13d a796f9f4 9cf56f07
(10014) DBB: read push: id 0, da 26e0900b 1babdd0d 1e7557d1 4463da29
(10016) DBB: read push: id 0, da 96eaf68f 47c2b99e 87fe366d 8c927c44
(10018) DBB: read push: id 0, da 67b55dd4 949856ee 000095ca 75800000
(10020) DBB: read push: id 0, da 9940c5d8 022fb4ff 000075e6 ff2f0000
(10022) DBB: read push: id 0, da b949a7a0 6fd245fc dd6bcdf1 085e250f
(10024) DBB: read push: id 0, da 72f07181 12057269 d0b9f7e1 9fa93a94
(10026) DBB: read push: id 0, da 55570422 9cf82796 9140137e 9fb458d9
(10028) DBB: read push: id 0, da 607e5f83 10ab6583 ca32b62d 087f7fde
(10030) DBB: read push: id 0, da 946583a4 6d1e2c30 00000000 da0aafa3
(10032) DBB: read push: id 0, da d8e3e13f 85aeb6d3 f06542e6 d99e8e90
(10034) DBB: read push: id 0, da 95bbe8a4 414e72a1 ac46fe37 f3034ade
(10036) DBB: read push: id 0, da 515ae456 fd362ef5 69eebb90 5ac106b3
(10038) DBB: read push: id 0, da 0dc1a21f b965ebd1 255e76f1 af79c210
(10040) DBB: read push: id 0, da c8ef0000 75dca735 e0953259 00007ef5
(10042) DBB: read push: id 0, da e2751529 4e5da10d 1bccec46 67823641
(10044) DBB: read push: id 0, da 9f39d03a 0b215d63 567da958 22b062e5
(10046) DBB: read push: id 0, da 5a458dd2 c7ad19bf f4f565f1 dea552c3
(10048) DBB: read push: id 0, da 179849f2 8201d424 08d02012 9b619afc
(10050) DBB: read push: id 0, da d3320499 3e1c9090 0000ddba 56e50000
(10052) DBB: read push: id 0, da 8f15c1c8 fbfe4d03 000098ea 13310000
(10054) DBB: read push: id 0, da 4a990856 9e4d7db4 08336b34 87e9a586
(10056) DBB: read push: id 0, da 86fb4507 da6db8e6 1b195375 c2ebe123
(10058) DBB: read push: id 0, da c374800f 1624f5ef 3a81502a fe861d98
(10060) DBB: read push: id 0, da fe06bd6e 537330d0 d48dfd4e 3ab758e3
(10062) DBB: read push: id 0, da 3aaef925 8e596d89 00000000 77809507
(10064) DBB: read push: id 0, da f1c7875e 573ae9f8 b2d0f305 f7abc815
(10066) DBB: read push: id 0, da 5db4a10f 2763d083 a3359bcb b4c1ef18
(10068) DBB: read push: id 0, da 2d618685 1b4bface 775a4852 1b1fd9db
(10070) DBB: read push: id 0, da 60ceb6fa 32f468d8 2f3ff899 7fd0885d
(10072) DBB: read push: id 0, da f7fa0000 6e5d1aa3 cae3aca0 0000faa0
(10074) DBB: read push: id 0, da bad614c6 ae8b06f0 0ecba31e 415f5cb9
(10076) DBB: read push: id 0, da 1cdf9d30 10d03197 79992c01 d81cb870
(10078) DBB: read push: id 0, da a2a8695b 56d45ffe 6e8d78a4 d29873f5
(10080) DBB: read push: id 0, da 4c317946 80999224 67108907 30d5ad89
(10082) DBB: read push: id 0, da 1979ccf1 8e1ec80b 00005d29 f2d20000
(10084) DBB: read push: id 0, da 0a82645b 7f6201b2 0000f50c 188f0000
(10086) DBB: read push: id 0, da cc83ab57 a6dc5a32 8bae6cc6 74b2436c
(10088) DBB: read push: id 0, da fd9a0390 b6aff327 05c9388d f5fd11d9
(10090) DBB: read push: id 0, da 3a718789 924377dc f06c5231 c3084c07
(10092) DBB: read push: id 0, da 83083742 3996e852 f1483834 dbd4f1f4
(10094) DBB: read push: id 0, da d76012bb aca94487 00000000 405f03a1
(10096) DBB: read push: id 0, da 14cb6019 af1c8abe 0ab085b6 a0e83e8a
(10098) DBB: read push: id 0, da c1cf1f9b 5a5336b0 b7713187 1ebeeb91
(10100) DBB: read push: id 0, da 6d390b8a 0770e3c9 6398ddfd dcfb96be
(10102) DBB: read push: id 0, da 19098b45 b2728e06 0f248919 65c24211
(10104) DBB: read push: id 0, da c53e0000 5f593b6a ba1634db 0000ef89
(10106) DBB: read push: id 0, da 84fb6052 e1a45b89 e8421549 d495c9f9
(10108) DBB: read push: id 0, da 30250cd8 8d1806ad 3715c063 80a54353
(10110) DBB: read push: id 0, da dd34b883 39f1b277 daf16da3 2d1c5ef4
(10112) DBB: read push: id 0, da 88296553 e4305ee5 58fa1908 d9f7cb4f
(10114) DBB: read push: id 0, da 35031149 91d50bfa 0000c493 85380000
(10116) DBB: read push: id 0, da e1c2bc65 3cdfb7b3 00007043 30df0000
(10118) DBB: read push: id 0, da e5217b08 c793fe0d dedbbe92 cc6f43c6
(10120) DBB: read push: id 0, da 114ca716 f3b92bea dc370c05 f9946e4b
(10122) DBB: read push: id 0, da 3c6dd35a 1e55577e 4ec0a160 242f9b85
(10124) DBB: read push: id 0, da 6883ffd4 4b6782c7 b1c3ef2b 503fc774
(10126) DBB: read push: id 0, da 958f2a83 76eeafc5 00000000 7dc5f21a
(10128) DBB: read push: id 0, da e5b0d700 0e77df21 d8325b0a 6ec8c546
(10130) DBB: read push: id 0, da 67f36bb1 a9e7d87b 38cd4390 274048f7
(10132) DBB: read push: id 0, da 1cf76dd6 38176494 4c297ed5 a8cadf69
(10134) DBB: read push: id 0, da 04bb2e8b b906836e 12450cdb 0dbd889b
(10136) DBB: read push: id 0, da 1f3e0000 2cb63508 8b20eda1 0000448c
(10138) DBB: read push: id 0, da fdd7a976 522744f5 ef4424c7 caa0a86b
(10140) DBB: read push: id 0, da 92a7ec30 0c23d6db b51db1d8 d2f45417
(10142) DBB: read push: id 0, da 1a36c1a9 78dfbb80 211e51aa 0e08ff1e
(10144) DBB: read push: id 0, da 948629e3 985af2e6 5d05043c 7bdb5b09
(10146) DBB: read push: id 0, da 019624dd 6a967d0c 0000c98d 1c6f0000
(10148) DBB: read push: id 0, da 6165b296 ef9259f1 0000a19f efc30000
(10150) DBB: read push: id 0, da 10cd0437 49ae8682 a6e013d8 b7e0636a
(10152) DBB: read push: id 0, da 26660b79 5cf27571 15d4ed89 4a7ca5b0
(10154) DBB: read push: id 0, da b6be2d7b aaf73f1f ed39e0e7 97d942b6
(10156) DBB: read push: id 0, da c1d66a3d 33bbe38d 98fee297 9ff53a7c
(10158) DBB: read push: id 0, da 47aec1c0 f73f62bb 00000000 62d18d02
(10160) DBB: read push: id 0, da 04eb65df 4baaefaf 506914b8 e5dbfa07
(10162) DBB: read push: id 0, da 61fd0465 a71f4a1a acf971e3 570a56aa
(10164) DBB: read push: id 0, da bd8961fe 028fa6c2 0905cccb e483b289
(10166) DBB: read push: id 0, da 1991f36d 5ffb03a5 648d296d 82930fa3
(10168) DBB: read push: id 0, da 74150000 bb625ec3 c19085cb 00006bf9
(10170) DBB: read push: id 0, da 79e51c1d 7fc24216 8eb229b1 cabd7b91
(10172) DBB: read push: id 0, da d45878a7 db109f20 495785f2 27ea2b9e
(10174) DBB: read push: id 0, da 30c6d56c 37dafbe4 3c44e16f 83940ed6
(10176) DBB: read push: id 0, da 8d2f306d 921f5665 73ea3c27 dfb8e4e8
(10178) DBB: read push: id 0, da e9948da9 efe0b2a1 0000981a 3a580000
(10180) DBB: read push: id 0, da 45f5e920 4b1c0e98 0000f54a 97740000
(10182) DBB: read push: id 0, da 0e105f87 bd8b2d7d 522d83d4 57d20991
(10184) DBB: read push: id 0, da eb213bd5 98ed0940 1dcb01a0 32fee565
(10186) DBB: read push: id 0, da c77e17ae 751be40e 12a1eec8 0ff5c145
(10188) DBB: read push: id 0, da a326f313 5014c1e8 153b6f9d eab79d30
(10190) DBB: read push: id 0, da 7e1ace04 2dd89ccd 00000000 c7457926
(10192) DBB: read push: id 0, da f5fe0feb 55575786 b4aedc27 0bad83a4
(10194) DBB: read push: id 0, da 7e8478fb 0fb98d7b fcec71f7 c0d3d551
(10196) DBB: read push: id 0, da 44ca0365 c7dce12f 02ebe587 5502c4bd
(10198) DBB: read push: id 0, da 48d18ecd 7dbe52a4 c6a936d8 56bc51ea
(10200) DBB: read push: id 0, da 8a970000 3160e1d8 482765e8 00007cd6
(10202) DBB: read push: id 0, da 72d08ec9 61158b57 8ed958c3 de98f85a
(10204) DBB: read push: id 0, da ac12d39d 08331007 6518794f 756fa99e
(10206) DBB: read push: id 0, da e3153631 6d127277 8680379b 4a0510b0
(10208) DBB: read push: id 0, da 17d7b686 8fb0b2a8 a9be93a8 5c5b9b12
(10210) DBB: read push: id 0, da 4a59549a 700ed098 00008d74 ac720000
(10212) DBB: read push: id 0, da 7a9c106e 0e2dcc49 00002500 3a480000
(10214) DBB: read push: id 0, da 88024394 45d13ed9 20bcad75 696248b4
(10216) DBB: read push: id 0, da 10ae6a93 f6da2034 12798817 ff2332c6
(10218) DBB: read push: id 0, da 3f1b5752 0da3874e 27e360f7 7aa42299
(10220) DBB: read push: id 0, da 134809d0 8a2c7429 5e1e7428 dbe4182c
(10222) DBB: read push: id 0, da 8d35820f 6c75e6c4 00000000 22e5137f
(10224) DBB: read push: id 0, da a23046eb 410a5816 9df4565c 76e11250
(10226) DBB: read push: id 0, da 6f4278ca 0d162571 6892227e d9a4ded1
(10228) DBB: read push: id 0, da 3b3de78c d98bf076 351aefca 356fabfb
(10230) DBB: read push: id 0, da 0621b9ce a46abd25 018cba3f e1f177cf
(10232) DBB: read push: id 0, da d3ef0000 71b2897d cde787de 0000424c
(10234) DBB: read push: id 0, da 27833fce 82863d48 4cdaf93b 7d08df3f
(10236) DBB: read push: id 0, da f2c30bff 4f1908ff 199dc411 4908218d
(10238) DBB: read push: id 0, da be6dd7d8 1b96d5df a8099190 15f2f991
(10240) DBB: read push: id 0, da 8a81a35c e7fca1e9 8bcd5db8 e1c53361
(10242) DBB: read push: id 0, da 56fe6e89 b24c6d1d 0000288a ac820000
(10244) DBB: read push: id 0, da 23e53b5f 7e85397a 0000f406 78290000
(10246) DBB: read push: id 0, da abd5208b 4e7a64e7 5d494978 d8172f62
(10248) DBB: read push: id 0, da f7226d04 9b64b0af b36b4349 25ff7b91
(10250) DBB: read push: id 0, da 436ab9b6 e6c7fc31 8c4ab0dc 7161c67b
(10252) DBB: read push: id 0, da 8eaa04a2 32a3496d 47db58b3 bc3d121d
(10254) DBB: read push: id 0, da dae551c8 7ef99462 00000000 08925e7a
(10256) DBB: read push: id 0, da 987ae554 05398b1f 7a2cae60 54f0a836
(10258) DBB: read push: id 0, da 211eea28 0b2938e9 c968bf76 cf95e897
(10260) DBB: read push: id 0, da 1e8278f5 45d8bb72 0d64654b 5f887db9
(10262) DBB: read push: id 0, da 90a64ddb b54812bc 46209fe1 3fec679b
(10264) DBB: read push: id 0, da 77890000 59783ec6 739b6f37 0000a63d
(10266) DBB: read push: id 0, da 4199676c c3322453 77f71dce 04038463
(10268) DBB: read push: id 0, da e1e87f96 0cceffc9 68658890 0437c70a
(10270) DBB: read push: id 0, da b6f86c7f 4b2a6ffe b1714812 792b4ef0
(10272) DBB: read push: id 0, da c0c82e29 7e4574f4 13795c54 62de9ead
(10274) DBB: read push: id 0, da ff58c493 a6210eaa 0000c556 c1520000
(10276) DBB: read push: id 0, da 72a82fbd c2bd3d20 00008317 94860000
(10278) DBB: read push: id 0, da 6a81c589 bd68f399 4a64ab0d 8bab3110
(10280) DBB: read push: id 0, da 11650207 3218d7e3 4b634a7b 7ff448f2
(10282) DBB: read push: id 0, da 350a5b45 e38898ed e323f1e6 30fcbd94
(10284) DBB: read push: id 0, da d56ed144 d1b936b8 28ff562a 9ec48ef7
(10286) DBB: read push: id 0, da f2926402 fca9b142 00000000 c94dbd19
(10290) DBB: read request from dla, addr 80108000 burst 255 id 0
(10354) DBB: read push: id 0, da b7ff75a2 f7e8dfd5 f722ff12 2a0fdee0
(10356) DBB: read push: id 0, da b32e4b10 f2e2da2a f3defb2e c857dabb
(10358) DBB: read push: id 0, da af4c18e8 ee4bd72e ee8af77a 5790d645
(10360) DBB: read push: id 0, da aa5974e4 ea23d2e2 eb26f3f5 785dd37f
(10362) DBB: read push: id 0, da a65626c6 e66bcf46 e7b1ee9f 3a00ce69
(10364) DBB: read push: id 0, da f4d7dd69 f402fc9a 2dd5dd57 323ceca9
(10366) DBB: read push: id 0, da f109d916 f1b7f9ce e186d80a 2eded00f
(10368) DBB: read push: id 0, da eda9d572 ed5af531 09c0d46c 2a70886b
(10370) DBB: read push: id 0, da e8bad07e e8eef0c4 8356d07e 26f1ea6c
(10372) DBB: read push: id 0, da e439cc39 e470ec86 6c62cc3f 2261f06e
(10374) DBB: read push: id 0, da e029c8a4 e1e2e878 da32c9b0 1ec2c530
(10376) DBB: read push: id 0, da 5d2c10ce c288979c fef3315b d23de7de
(10378) DBB: read push: id 0, da d8c28de8 3f4e136b e4804cdf 4e4a63fd
(10380) DBB: read push: id 0, da 55960882 bad38e39 d8bcc82c ca17de1a
(10382) DBB: read push: id 0, da d1ab849b 37170a06 3b4c60aa 47a35a38
(10384) DBB: read push: id 0, da 4cff0034 b21b86d3 520dd626 c2efd654
(10386) DBB: read push: id 0, da 7fe3842d 74756aa1 113f0957 89f8f025
(10388) DBB: read push: id 0, da 17291434 f1379525 6f7d1757 548edda1
(10390) DBB: read push: id 0, da 262f00c1 a5b91769 c57b3d17 cf9fa2dd
(10392) DBB: read push: id 0, da acf5b027 91fbf16d 13397a97 f2cc3fd9
(10394) DBB: read push: id 0, da ab7bb25b b5fd2331 58b7cfd7 b61bb495
(10396) DBB: read push: id 0, da ebde34eb 8166cd5f c28e2beb 9e1e34f0
(10398) DBB: read push: id 0, da 04800b4f 5b84673f 8d238547 ef34486d
(10400) DBB: read push: id 0, da 54e23973 2d6218df c58ab663 b80a6d31
(10402) DBB: read push: id 0, da dd04bf57 f700e23f e2cfbf3f f8a0ebb0
(10404) DBB: read push: id 0, da 9ce69cfb b85ec35f 42b39fdb b0f6972a
(10406) DBB: read push: id 0, da 9488d25f 717cbc3f 13d65837 e10ce582
(10408) DBB: read push: id 0, da 1661e72b c47d4e7f 7e5bb116 9e956f67
(10410) DBB: read push: id 0, da e1097455 272235a6 828ae121 a5327e86
(10412) DBB: read push: id 0, da 4b72c140 e9869c8c 2f43166f 8b8e8d64
(10414) DBB: read push: id 0, da 559acdea 0bab8333 2e14de2c 51ab9c03
(10416) DBB: read push: id 0, da ff839a55 8d8fe999 d6195b2f f787aa61
(10418) DBB: read push: id 0, da 72d24449 f13e593d 2ff8389c 62bed6c9
(10420) DBB: read push: id 0, da 5ef90795 dc244409 1b752413 0f2bc2c3
(10422) DBB: read push: id 0, da 4a4e9ccb c9b830c2 072010f7 230eafaa
(10424) DBB: read push: id 0, da 36d10d3f b5f91d69 f2f8fd49 ed429b7f
(10426) DBB: read push: id 0, da 228152db a0e809fd defee908 acbd8641
(10428) DBB: read push: id 0, da e75b4e25 25b12f2a efe5cde8 e303f309
(10430) DBB: read push: id 0, da d2983be8 10451a57 c8a9b859 cfcd9dd5
(10432) DBB: read push: id 0, da be832798 fd0606f2 903aa5b7 bbc4b0be
(10434) DBB: read push: id 0, da ab1b1336 e9f5f2fb 46129002 a6e9e3c7
(10436) DBB: read push: id 0, da 9661fec1 d512de71 e70d7d3b 933bdcdc
(10438) DBB: read push: id 0, da 8254ea39 c05ccb55 5e166961 7eba64a1
(10440) DBB: read push: id 0, da c5cb2864 0a560fe6 a0d0d77a d89d1da4
(10442) DBB: read push: id 0, da 30779446 77ba7a13 b4995ea0 45f988f1
(10444) DBB: read push: id 0, da 9de10024 e35ce7be 4c51f0d3 b093f4bc
(10446) DBB: read push: id 0, da 08086c01 4f3b52e6 4a796e2b 1c6a6104
(10448) DBB: read push: id 0, da 74edd9db bb58bf8c aa432823 897ecdc9
(10450) DBB: read push: id 0, da e91b7918 1f0c1e95 7c55ce5a 1707e4d5
(10452) DBB: read push: id 0, da fcddf127 923a848d 3aef89be d7ebe1a5
(10454) DBB: read push: id 0, da a75fc5b7 5c28e145 1049fbe2 a0025535
(10456) DBB: read push: id 0, da e8a11c22 7cd634bd fc6224c5 ba943f85
(10458) DBB: read push: id 0, da c0a3888f f4447ef5 ff3c0469 3984a095
(10460) DBB: read push: id 0, da 2dcb92b9 58ca1534 cc557465 01ca3078
(10462) DBB: read push: id 0, da cc597411 a2c4abf8 45c1ac95 669c5614
(10464) DBB: read push: id 0, da c1a74c29 037df97c 04205b85 622e5080
(10466) DBB: read push: id 0, da 0db51b01 7af7fdbf 95068135 f48083e3
(10468) DBB: read push: id 0, da b083e098 0931b8c3 56b01da5 1d929f5b
(10470) DBB: read push: id 0, da aa119cf0 ae2b2a87 826a30d5 dd64e5c1
(10472) DBB: read push: id 0, da 659cb24e ab597303 05fbc99e ceed5269
(10474) DBB: read push: id 0, da bbcba306 5d7389a7 77f480d1 7ce0f8e5
(10476) DBB: read push: id 0, da 70b9927f 2e4d5f0b cb2d372e c992de21
(10478) DBB: read push: id 0, da 846880b7 1de8f330 693cb3e8 b505021e
(10480) DBB: read push: id 0, da f6d66daf 2c424614 909cbc68 3f3764da
(10482) DBB: read push: id 0, da 14ee1ac1 cd683856 479ad2da 2c3c2cce
(10484) DBB: read push: id 0, da b1669ebb 6882d478 e28d6f39 def3c8a5
(10486) DBB: read push: id 0, da 4c415cf8 057f70bd 7ee50b3d 002d659e
(10488) DBB: read push: id 0, da e97f750e a05f0d25 1aa0a6e3 5e1501bb
(10490) DBB: read push: id 0, da 85210000 3d24a9b2 b7be422e 00009cfc
(10492) DBB: read push: id 0, da 9b780623 1527a055 15cefa95 484e78be
(10494) DBB: read push: id 0, da 3784a256 b0cd3c87 80f697fd e4d0f72a
(10496) DBB: read push: id 0, da d3733ead 4dd6d85c 66103288 81b6e79f
(10498) DBB: read push: id 0, da 6f45db27 e84375d4 e1f2ce37 1cff3379
(10500) DBB: read push: id 0, da 0afb77c5 841310f0 00006b09 b8ac0000
(10502) DBB: read push: id 0, da a6951286 2146adb0 000006ff 54bc0000
(10504) DBB: read push: id 0, da 24b97d14 c7823d8b 31cc37c9 4ae00040
(10506) DBB: read push: id 0, da 415899c8 e3a059a2 77220314 66a41dc6
(10508) DBB: read push: id 0, da 5c2ab4ef ff7175ad 5ade243b 831c383f
(10510) DBB: read push: id 0, da 7930d08b 1af691ab 95f277b7 9e4755ac
(10512) DBB: read push: id 0, da 9469ec99 362ead9d 00000000 ba26700c
(10514) DBB: read push: id 0, da f74b1011 3431ab5c 4d0aed03 a818e77d
(10516) DBB: read push: id 0, da 3308cd88 c10bbc27 c6ff1ceb 4d5ed280
(10518) DBB: read push: id 0, da a0863b27 3fa5deb3 f2b51e93 51b74f44
(10520) DBB: read push: id 0, da 3fc3a3fd affe12ff d02bf1fa 9c885dc8
(10522) DBB: read push: id 0, da 10c10000 1218590a 5f609722 0000fe0b
(10524) DBB: read push: id 0, da 3c66918a 13cdaabf 88afcac6 a76fab68
(10526) DBB: read push: id 0, da 4220ab35 e6a2c387 68567eaa e87ceba9
(10528) DBB: read push: id 0, da 3999d6a1 6b38ae0e e74bc44e 5b4a46ec
(10530) DBB: read push: id 0, da 22d313cc a18d6a56 f2299bb1 ffd89d27
(10532) DBB: read push: id 0, da fdcd62b8 89a3f85e 000004d5 d6250000
(10534) DBB: read push: id 0, da ca86c364 23795825 0000ffb9 de330000
(10536) DBB: read push: id 0, da dcbb0a16 410f45a6 7e52f3d2 f006a073
(10538) DBB: read push: id 0, da 2c176424 50075150 8e4f8052 d2366355
(10540) DBB: read push: id 0, da 9533f7f2 38bf56ba 1c6019c3 0e269ff7
(10542) DBB: read push: id 0, da 180fc580 fb3855e4 f39705c9 a3d65659
(10544) DBB: read push: id 0, da b4abccce 97704ece 00000000 9346867b
(10546) DBB: read push: id 0, da 1bb6af38 fa94f2f8 9a72332a fe44353d
(10548) DBB: read push: id 0, da 26dd6ba7 076efeb6 a7183ea7 f2244091
(10550) DBB: read push: id 0, da 3275a9cc 123a0ba5 b32e4ad5 866e4c16
(10552) DBB: read push: id 0, da 3e7fc628 1ef717c5 beb657b4 256c59cd
(10554) DBB: read push: id 0, da 4afb0000 2ba52317 cbb06346 000065b5
(10556) DBB: read push: id 0, da 0183f971 a0173952 e6e43a21 23689897
(10558) DBB: read push: id 0, da 0d5605c7 ac754428 95c0478d 2f247110
(10560) DBB: read push: id 0, da 191a114f b84451ae 4448532b 3b528099
(10562) DBB: read push: id 0, da 24d01c08 c5855de7 cf225efa 47f1d1bd
(10564) DBB: read push: id 0, da 307729f3 d03768d1 00006afb 53020000
(10566) DBB: read push: id 0, da 3c10350f dc5b746c 0000772e 5e840000
(10568) DBB: read push: id 0, da c7cc5bd2 2f39634b 83e98ae0 40dcb42c
(10570) DBB: read push: id 0, da 5282e72f baf3ef20 05db313e cde74039
(10572) DBB: read push: id 0, da deba734d 47af7b37 468c310e 58f3cd88
(10574) DBB: read push: id 0, da 6a73fe2d d36c078f 476c66d8 e4005819
(10576) DBB: read push: id 0, da f7ad8bcf 5e2b9229 00000000 710fe5eb
(10578) DBB: read push: id 0, da 5b25400f ca52fc48 b979155b ac491ec6
(10580) DBB: read push: id 0, da ee9dd2d9 3757db06 0c09d3a5 36e3c89c
(10582) DBB: read push: id 0, da bad568c6 9d1b5285 1759eaaf dffa8b32
(10584) DBB: read push: id 0, da bfcdd16d fb9f62c3 db695a79 9b1a6688
(10586) DBB: read push: id 0, da fd850000 52e30bc1 58392303 00005a9e
(10588) DBB: read push: id 0, da 41bd388f 8ba92968 e9709099 346d92e8
(10590) DBB: read push: id 0, da 2b2163ae ba999412 1e6846cf 1275a6d4
(10592) DBB: read push: id 0, da 0d45278c a249577c 6af315c5 293d5817
(10594) DBB: read push: id 0, da e829842a 42b973a6 7277fd7b 78c5f8e5
(10596) DBB: read push: id 0, da bbcd7988 9be9e890 0000fdf1 010d0000
(10598) DBB: read push: id 0, da 883107a6 add9b63a 00001727 c2150000
(10600) DBB: read push: id 0, da 662c690b 1cd825be 5b076d04 ee719646
(10602) DBB: read push: id 0, da c13d1795 f9f41054 6f07a796 73a59cf5
(10604) DBB: read push: id 0, da dd0d26e0 57d11bab da291e75 f99a4463
(10606) DBB: read push: id 0, da b99e96ea 366d47c2 7c4487fe 804e8c92
(10608) DBB: read push: id 0, da 56ee67b5 95ca9498 00000000 07c37580
(10610) DBB: read push: id 0, da 8aac4bd9 2f326585 9242e823 afb72cef
(10612) DBB: read push: id 0, da c63e5ed4 6beca15c ce9b255e 390a6805
(10614) DBB: read push: id 0, da 0288236d a6ddddab 0aac6090 19a6a493
(10616) DBB: read push: id 0, da 3f89816c e2061871 46749db9 5448e098
(10618) DBB: read push: id 0, da 7b420000 1f6655ae 83f4d8da 00001c14
(10620) DBB: read push: id 0, da 4cc88322 b1b80682 23a14b4b b70897ef
(10622) DBB: read push: id 0, da 899dbf34 eded43b8 90a0861d f3645754
(10624) DBB: read push: id 0, da c4aafbbf 29d97ee6 dd0ac267 2e783e17
(10626) DBB: read push: id 0, da 01ef36c1 657dba0b 3c63fe27 6a43ece0
(10628) DBB: read push: id 0, da 3d6b723a a0d9f728 00003b60 a6c50000
(10630) DBB: read push: id 0, da 791fae2b ddec323c 0000760f e3ff0000
(10632) DBB: read push: id 0, da a10de275 ec464e5d 36411bcc c4116782
(10634) DBB: read push: id 0, da 5d639f39 a9580b21 62e5567d 810322b0
(10636) DBB: read push: id 0, da 19bf5a45 65f1c7ad 52c3f4f5 3c7ddea5
(10638) DBB: read push: id 0, da d4241798 20128201 9afc08d0 f87f9b61
(10640) DBB: read push: id 0, da 9090d332 ddba3e1c 00000000 b50856e5
(10642) DBB: read push: id 0, da d62dceb2 193042c7 a14e91df f1fef7f4
(10644) DBB: read push: id 0, da 9f594570 76182e51 cdf22f26 0d4d82f6
(10646) DBB: read push: id 0, da c446adb7 eec0559b d657c82c 38ccc9b8
(10648) DBB: read push: id 0, da 44f28927 8328b8a6 ba7b5cf2 7440cc3a
(10650) DBB: read push: id 0, da 215e0000 33515770 7a5fed78 00008a7d
(10652) DBB: read push: id 0, da e42c1114 5c28c10b 2f3725fd 0474766f
(10654) DBB: read push: id 0, da 4ef41a7e 76ac5c31 1d528edf 327042f0
(10656) DBB: read push: id 0, da d57c5fa8 6cf1f317 7089b381 bc2da25c
(10658) DBB: read push: id 0, da 77c5e093 3ef585bd ac5393e3 a1a9edaf
(10660) DBB: read push: id 0, da 35cd9d3d ecb91423 00003006 e2e50000
(10662) DBB: read push: id 0, da 0f9595a7 763d9e4a 000087e8 7fe10000
(10664) DBB: read push: id 0, da 06f0bad6 a31eae8b 5cb90ecb 8886415f
(10666) DBB: read push: id 0, da 31971cdf 2c0110d0 b8707999 01e1d81c
(10668) DBB: read push: id 0, da 5ffea2a8 78a456d4 73f56e8d befcd298
(10670) DBB: read push: id 0, da 92244c31 89078099 ad896710 bfd630d5
(10672) DBB: read push: id 0, da c80b1979 5d298e1e 00000000 0471f2d2
(10674) DBB: read push: id 0, da 508a446b c538b2f1 f7cf8423 da1d19af
(10676) DBB: read push: id 0, da 7c0c4a43 f1c8de6f 23c3b1da 3aae45f8
(10678) DBB: read push: id 0, da a9a3b50f 1ded0ac2 4ecedde7 8ffd7016
(10680) DBB: read push: id 0, da d550e371 49a737eb 7aed0849 ab379c09
(10682) DBB: read push: id 0, da 01130000 74f763e9 a6223500 0000c9d2
(10684) DBB: read push: id 0, da 5b0d4896 8ca61b34 6637ae59 32a9ec18
(10686) DBB: read push: id 0, da 8667757e b8264716 58dfdb8c 5f7bfa1f
(10688) DBB: read push: id 0, da b357a13c e4bb734d e2440695 8a635d87
(10690) DBB: read push: id 0, da dfdccdcf 10659fda b16b3373 b760da75
(10692) DBB: read push: id 0, da 0bf7f938 3d25cabc 00005e26 e2730000
(10694) DBB: read push: id 0, da 37a72577 68fbf7f4 00008ab0 0f9b0000
(10696) DBB: read push: id 0, da 5b8984fb 1549e1a4 c9f9e842 cb38d495
(10698) DBB: read push: id 0, da 06ad3025 c0638d18 43533715 764780a5
(10700) DBB: read push: id 0, da b277dd34 6da339f1 5ef4daf1 227b2d1c
(10702) DBB: read push: id 0, da 5ee58829 1908e430 cb4f58fa cfd5d9f7
(10704) DBB: read push: id 0, da 0bfa3503 c49391d5 00000000 7a558538
(10706) DBB: read push: id 0, da c50e399a 1c6df8f0 679791dd 68c757f5
(10708) DBB: read push: id 0, da 860f2fd9 641ab7c7 61f16d60 d5a27c24
(10710) DBB: read push: id 0, da 51d076ce 7688e15f e70a73a3 25648b13
(10712) DBB: read push: id 0, da 28519851 53b575b6 f6e3a4a7 34cf84c2
(10714) DBB: read push: id 0, da 09930000 fba274cd 917c006a 00006931
(10716) DBB: read push: id 0, da 06eccb04 d36c1a47 ff0bacb4 d4cd59d8
(10718) DBB: read push: id 0, da b3f93f3b 93250b2a bd524643 3dde2f95
(10720) DBB: read push: id 0, da 2bc61e32 dd9e26cd 8127ca93 b1af3ef5
(10722) DBB: read push: id 0, da 6e5367e9 b2d86d30 353139a2 3040e0f7
(10724) DBB: read push: id 0, da 7ba11c60 12d1de53 00009371 b9910000
(10726) DBB: read push: id 0, da 53ae3b98 fd8a7a36 0000d800 4da30000
(10728) DBB: read push: id 0, da 44f5fdd7 24c75227 a86bef44 1c62caa0
(10730) DBB: read push: id 0, da d6db92a7 b1d80c23 5417b51d a3ccd2f4
(10732) DBB: read push: id 0, da bb801a36 51aa78df ff1e211e bdf60e08
(10734) DBB: read push: id 0, da f2e69486 043c985a 5b095d05 6adf7bdb
(10736) DBB: read push: id 0, da 7d0c0196 c98d6a96 00000000 aa891c6f
(10738) DBB: read push: id 0, da 1c76b955 9a82a585 d99b0015 56231f2e
(10740) DBB: read push: id 0, da f93766a5 76ef8165 b56add7b 0416fbd3
(10742) DBB: read push: id 0, da d4e421db 53c65df0 9125b90d 0fa4d624
(10744) DBB: read push: id 0, da b17d4b20 2f093927 6cca94cb 9b44b220
(10746) DBB: read push: id 0, da 8d010000 0ab8150a 485c70b4 00008fc8
(10748) DBB: read push: id 0, da 89ab9220 c605ee02 8bc30d4b 83617a80
(10750) DBB: read push: id 0, da 654d6e55 a2cacb7f 8d87e9c6 5f93b6af
(10752) DBB: read push: id 0, da 415a4b36 7f7aa726 da00c5ed 3ab13afa
(10754) DBB: read push: id 0, da 1dd326c3 5a1682fa 8b24a1bf 16babbcc
(10756) DBB: read push: id 0, da f8b802fb 369d5ef8 00007d3c f3ae0000
(10758) DBB: read push: id 0, da d408dfdf 130f3b23 00005865 cf8e0000
(10760) DBB: read push: id 0, da 421679e5 29b17fc2 7b918eb2 35facabd
(10762) DBB: read push: id 0, da 9f20d458 85f2db10 2b9e4957 90d227ea
(10764) DBB: read push: id 0, da fbe430c6 e16f37da 0ed63c44 ede68394
(10766) DBB: read push: id 0, da 56658d2f 3c27921f e4e873ea 4936dfb8
(10768) DBB: read push: id 0, da b2a1e994 981aefe0 00000000 a4c13a58
(10770) DBB: read push: id 0, da bb36db86 c16e42e7 4ddc8a83 4a641734
(10772) DBB: read push: id 0, da 1bef2830 f78432cf 354e3dc6 048f69d3
(10774) DBB: read push: id 0, da f26911ab 635a7877 128006ca a2659233
(10776) DBB: read push: id 0, da 3ea35143 04f013df e572e58e 7ce39053
(10778) DBB: read push: id 0, da 009d0000 dc460507 ae24da12 00006433
(10780) DBB: read push: id 0, da 55c19023 82dd816c c03825cc 30b76ad4
(10782) DBB: read push: id 0, da 26b7aaeb e52f3f90 3c7c634b 49c1fd8f
(10784) DBB: read push: id 0, da 2d6d1b73 3d411374 7210768b d88b9b8d
(10786) DBB: read push: id 0, da 69e3e1bb 8b13fd18 3ae15f8b dd157a5c
(10788) DBB: read push: id 0, da dc18fdc3 cea5fc7c 00001e4b 575e0000
(10790) DBB: read push: id 0, da 840e6f8a 07f711a0 0000b2cb 47680000
(10792) DBB: read push: id 0, da 8b5772d0 58c36115 f85a8ed9 7d34de98
(10794) DBB: read push: id 0, da 1007ac12 794f0833 a99e6518 e978756f
(10796) DBB: read push: id 0, da 7277e315 379b6d12 10b08680 737c4a05
(10798) DBB: read push: id 0, da b2a817d7 93a88fb0 9b12a9be 1b415c5b
(10800) DBB: read push: id 0, da d0984a59 8d74700e 00000000 e0c5ac72
(10802) DBB: read push: id 0, da a407d522 598067d6 cf587a5d 07ac50f8
(10804) DBB: read push: id 0, da f0bb06da a492b226 1b60c657 6d7a9d33
(10806) DBB: read push: id 0, da 3c891beb f03efe4f 678113aa c213e848
(10808) DBB: read push: id 0, da 89703322 3c834a52 b3bb5e56 8e8f3436
(10810) DBB: read push: id 0, da d5710000 8961962f fe0faa5d 000080fe
(10812) DBB: read push: id 0, da ffb60d42 74d9216f 2ed1f7fa 9dc4cbd3
(10814) DBB: read push: id 0, da 4b15597f c1ed6c15 c1c043a2 e80bab79
(10816) DBB: read push: id 0, da 970da596 0d1bb815 7d3c8e24 356cc692
(10818) DBB: read push: id 0, da e39ff185 5862056e e6c0db7f 81e70cc2
(10820) DBB: read push: id 0, da 2eca3d4f a5c35021 000027b3 cd7b0000
(10822) DBB: read push: id 0, da 7a8e88f2 f13d9c2e 000072c1 18280000
(10824) DBB: read push: id 0, da 3d482783 f93b8286 df3f4cda b3737d08
(10826) DBB: read push: id 0, da 08fff2c3 c4114f19 218d199d 7f4d4908
(10828) DBB: read push: id 0, da d5dfbe6d 91901b96 f991a809 4ad115f2
(10830) DBB: read push: id 0, da a1e98a81 5db8e7fc 33618bcd 17ffe1c5
(10832) DBB: read push: id 0, da 6d1d56fe 288ab24c 00000000 e2d6ac82
(10834) DBB: read push: id 0, da 83cfd730 40726b03 2c61aeb4 967cfc12
(10836) DBB: read push: id 0, da ddf4aaae c963930e 301fab8b 1bc619b5
(10838) DBB: read push: id 0, da c4daa7c9 9f14a7d9 409c5523 f83aa418
(10840) DBB: read push: id 0, da 387fb37e c186a965 5dd9ab7a 53ad9b3c
(10842) DBB: read push: id 0, da 38e40000 30b797b0 87d6ae91 0000ff1f
(10844) DBB: read push: id 0, da 5b522171 eca83788 04007d4b 6239f5d2
(10846) DBB: read push: id 0, da 0aa43fdc 76c58abf 4e0a514f 85ee9bd6
(10848) DBB: read push: id 0, da 06b54b07 0da38ab6 49a99212 3664040f
(10850) DBB: read push: id 0, da 4f8642f2 b140376e 1d783f95 7399e06c
(10852) DBB: read push: id 0, da e518279e 619d90e5 000059d9 3d8e0000
(10854) DBB: read push: id 0, da c769f909 1eba971c 0000e0dc 94440000
(10856) DBB: read push: id 0, da 24534199 1dcec332 846377f7 39840403
(10858) DBB: read push: id 0, da ffc9e1e8 88900cce c70a6865 26de0437
(10860) DBB: read push: id 0, da 6ffeb6f8 48124b2a 4ef0b171 e8f8792b
(10862) DBB: read push: id 0, da 74f4c0c8 5c547e45 9ead1379 7fd262de
(10864) DBB: read push: id 0, da 0eaaff58 c556a621 00000000 eb6bc152
(10868) DBB: read request from dla, addr 8010c000 burst 255 id 0
(10932) DBB: read push: id 0, da 4307cf01 fa66a754 70a83cb2 6c15a2c0
(10934) DBB: read push: id 0, da bf6d4b87 764623d8 ecfab82c 4e18a302
(10936) DBB: read push: id 0, da 3bb3c62d f3869ffc 682c34c6 8e34826e
(10938) DBB: read push: id 0, da b7d842f3 6e251bbf e43db080 d5b41a06
(10940) DBB: read push: id 0, da 33ddbfd8 ea249722 612e2d58 89d6c3b5
(10942) DBB: read push: id 0, da b86a65a2 2ef5fb8b 75a91bc6 5ee76bb3
(10944) DBB: read push: id 0, da 34fae0f6 abb77795 6809c88d daf5e611
(10946) DBB: read push: id 0, da b0e95dea 2758f2bf 463b6dcf 56e2628e
(10948) DBB: read push: id 0, da 2c38d87d a3d96f08 c4a4472d d2afdf2b
(10950) DBB: read push: id 0, da a8e754af 1f3aea71 22a0d0ec 4e5c5be8
(10952) DBB: read push: id 0, da 24f5d081 9b7a66f9 a5466697 cbe8d6c4
(10954) DBB: read push: id 0, da fc9af4d7 dd57f402 eca92dd5 db74323c
(10956) DBB: read push: id 0, da f9cef109 d80af1b7 d00fe186 d70d2ede
(10958) DBB: read push: id 0, da f531eda9 d46ced5a 886b09c0 d3552a70
(10960) DBB: read push: id 0, da f0c4e8ba d07ee8ee ea6c8356 ce4d26f1
(10962) DBB: read push: id 0, da ec86e439 cc3fe470 f06e6c62 cbf42261
(10964) DBB: read push: id 0, da 03b700c6 b3032a23 d400d950 4167ffd2
(10966) DBB: read push: id 0, da 36e443f6 a32d6c4f fd259677 98bb7a1f
(10968) DBB: read push: id 0, da 59d296e5 43167e3a 960be35f 4c7aee18
(10970) DBB: read push: id 0, da 6c7ff995 92c05fe6 9eb0c006 24729f8b
(10972) DBB: read push: id 0, da 6eed6c04 92291151 17162c6e 54b88e43
(10974) DBB: read push: id 0, da b5205141 fa9b45eb 5a801f55 f39f59b0
(10976) DBB: read push: id 0, da fd2afb4c 5ba04af3 af4cc914 fa9c88af
(10978) DBB: read push: id 0, da f4f37518 2c66dfba 52ac84d3 f15ac76f
(10980) DBB: read push: id 0, da 9c7dbea3 6ceb0442 8af6ee15 d7d715ee
(10982) DBB: read push: id 0, da f3c6d7ef 1d31b889 c80a017a ae15742e
(10984) DBB: read push: id 0, da fad0c0fa 3d36fc91 2f9bd434 7412e22d
(10986) DBB: read push: id 0, da cd5febde 2beb8166 34f0c28e 3a4a9e1e
(10988) DBB: read push: id 0, da 673f0480 85475b84 486d8d23 069eef34
(10990) DBB: read push: id 0, da 18df54e2 b6632d62 6d31c58a 2ab2b80a
(10992) DBB: read push: id 0, da e23fdd04 bf3ff700 ebb0e2cf a686f8a0
(10994) DBB: read push: id 0, da c35f9ce6 9fdbb85e 972a42b3 7a1ab0f6
(10996) DBB: read push: id 0, da 72e811bc 4bc886ea e165bd5f 8f2cb3e2
(10998) DBB: read push: id 0, da df2f7d3f b639f32b 4cd82936 79d80ec3
(11000) DBB: read push: id 0, da 4b54e9e1 22085e0a b929952b a9bc97fd
(11002) DBB: read push: id 0, da b757559f 8f34cb87 2457013d 7246cc96
(11004) DBB: read push: id 0, da 2337c07b fbbe37a1 90636d6d 9062ae7e
(11006) DBB: read push: id 0, da 00d53cb7 96437247 2913dfc1 04512134
(11008) DBB: read push: id 0, da 6cf5a947 0225df2d 3b65a3be 703e8d4d
(11010) DBB: read push: id 0, da d8721475 6ee44a30 8841c4e8 dc0af885
(11012) DBB: read push: id 0, da 454e8040 da81b751 7ab38f1d 49b264d9
(11014) DBB: read push: id 0, da b186eca9 46fc2290 8c4234d5 b538d04c
(11016) DBB: read push: id 0, da 1d1c59af b2548fec 861e342a 209c3cdc
(11018) DBB: read push: id 0, da 2f2ae75b cde825b1 f309efe5 4a87e303
(11020) DBB: read push: id 0, da 1a57d298 b8591045 9dd5c8a9 3705cfcd
(11022) DBB: read push: id 0, da 06f2be83 a5b7fd06 b0be903a 2371bbc4
(11024) DBB: read push: id 0, da f2fbab1b 9002e9f5 e3c74612 0fcaa6e9
(11026) DBB: read push: id 0, da de719661 7d3bd512 dcdce70d fa11933b
(11028) DBB: read push: id 0, da f4285e1f 6406f52d 32922f8a 2d8c00db
(11030) DBB: read push: id 0, da 17ef1ff0 9cb915ea ec321b34 188bc456
(11032) DBB: read push: id 0, da 2a777081 842d8568 1491159d 67677b0a
(11034) DBB: read push: id 0, da 2bbe4fd3 1a6043a5 abb11ec7 0d63df89
(11036) DBB: read push: id 0, da 1bc6bde4 5f5350a3 b19036b0 823dd0fe
(11038) DBB: read push: id 0, da ea88dbb4 a18aa387 c1d6d005 a89c1a1a
(11040) DBB: read push: id 0, da fa9b23d1 928a1690 2116065e 9f7326fb
(11042) DBB: read push: id 0, da b96ebaaf f249985a ecbbe936 850ac29c
(11044) DBB: read push: id 0, da 2702a04c c0c828e3 a3f7411f 5962ecfe
(11046) DBB: read push: id 0, da 4355d4a9 fe08c82d a85fb1b0 1c79a61f
(11048) DBB: read push: id 0, da 0e6957c7 aa077636 ccecef98 ce51ee01
(11050) DBB: read push: id 0, da 15342dcb 746558ca 3078cc55 c3ed01ca
(11052) DBB: read push: id 0, da abf8cc59 ac95a2c4 561445c1 02f5669c
(11054) DBB: read push: id 0, da f97cc1a7 5b85037d 50800420 38bd622e
(11056) DBB: read push: id 0, da fdbf0db5 81357af7 83e39506 6545f480
(11058) DBB: read push: id 0, da b8c3b083 1da50931 9f5b56b0 888c1d92
(11060) DBB: read push: id 0, da 8224f0d2 f49c82c3 27c5d4d3 d7676f16
(11062) DBB: read push: id 0, da 9e680c4f 11999fdd 43b4f1c2 5f1356bd
(11064) DBB: read push: id 0, da ba8129e0 2debba8b 5e770dc5 091de37e
(11066) DBB: read push: id 0, da d66c4584 4990d6cc 7a0d28dc 526b6d88
(11068) DBB: read push: id 0, da f22c613c 6488f2a1 96764506 00000000
(11070) DBB: read push: id 0, da 827010dd b4a26268 223677ab 57fb47be
(11072) DBB: read push: id 0, da 9f182cc1 d1fb7fe1 c936006a 735f630a
(11074) DBB: read push: id 0, da bb134839 ec279a6e f85ac234 8e967e69
(11076) DBB: read push: id 0, da d6626544 0927b60e 9d24007a aba09bdc
(11078) DBB: read push: id 0, da f30481e3 24fad2c2 00000000 c67eb762
(11080) DBB: read push: id 0, da 0ef99c15 41a1ee89 00000000 e32fd2fc
(11082) DBB: read push: id 0, da a0559b78 fa951527 78be15ce ed0c484e
(11084) DBB: read push: id 0, da 3c873784 97fdb0cd f72a80f6 8888e4d0
(11086) DBB: read push: id 0, da d85cd373 32884dd6 e79f6610 242881b6
(11088) DBB: read push: id 0, da 75d46f45 ce37e843 3379e1f2 c1eb1cff
(11090) DBB: read push: id 0, da 10f00afb 6b098413 00000000 5dd2b8ac
(11092) DBB: read push: id 0, da 921ce959 ce08e199 629fe9a2 90c09aa8
(11094) DBB: read push: id 0, da b475a7e5 4cfe6ec0 5a306165 3c9a8b0f
(11096) DBB: read push: id 0, da c08e7030 75b3c5a7 bb8162e9 dfb15418
(11098) DBB: read push: id 0, da b667423b 4828e64e 8692ee2c b135691f
(11100) DBB: read push: id 0, da 96001e06 c45dd0b5 bb63032f 00000000
(11102) DBB: read push: id 0, da b84beef5 d12fb44c 956ecf1e 7df55f58
(11104) DBB: read push: id 0, da 0c20e0fc 7da070ef 1849aca2 2f9e0533
(11106) DBB: read push: id 0, da 09b59cc3 93d1b752 3c58c5bd cb07b4ce
(11108) DBB: read push: id 0, da b10a224a 13c38775 bd6f6724 50306e29
(11110) DBB: read push: id 0, da 021f7191 fd74e158 00000000 bf193144
(11112) DBB: read push: id 0, da fcf58a98 50e5c4fb 00000000 17c2fe1f
(11114) DBB: read push: id 0, da aabf3c66 cac613cd ab6888af 064aa76f
(11116) DBB: read push: id 0, da c3874220 7eaae6a2 eba96856 c466e87c
(11118) DBB: read push: id 0, da ae0e3999 c44e6b38 46ece74b 94425b4a
(11120) DBB: read push: id 0, da 6a5622d3 9bb1a18d 9d27f229 75ddffd8
(11122) DBB: read push: id 0, da f85efdcd 04d589a3 00000000 6939d625
(11124) DBB: read push: id 0, da 4bad56b1 c4d8702b fdf2487b d3517fa6
(11126) DBB: read push: id 0, da d6b7e311 5108fc25 8860d527 89f5a228
(11128) DBB: read push: id 0, da 63636e53 dc5a8880 157061b5 def085f9
(11130) DBB: read push: id 0, da efb0fa76 68cd153e a121ec24 1fd424f1
(11132) DBB: read push: id 0, da 7b9e877a f461a05c 2d747874 00000000
(11134) DBB: read push: id 0, da 8b8c36dc c3950e55 2b3603ff 75de0134
(11136) DBB: read push: id 0, da 164dc306 4f549bf2 616284cc 00e18cfd
(11138) DBB: read push: id 0, da a22f4f93 dbb42770 0209d18d 8d8519a8
(11140) DBB: read push: id 0, da 2f33da81 66b6b2d0 93ee8ca2 19cca534
(11142) DBB: read push: id 0, da bb5867d0 f2593e11 00000000 a5b331a1
(11144) DBB: read push: id 0, da 469ff381 7e9ecb34 00000000 313cbcf0
(11146) DBB: read push: id 0, da 39520183 3a21a017 9897e6e4 7b8a2368
(11148) DBB: read push: id 0, da 44280d56 478dac75 711095c0 866c2f24
(11150) DBB: read push: id 0, da 51ae191a 532bb844 80994448 92803b52
(11152) DBB: read push: id 0, da 5de724d0 5efac585 d1bdcf22 9fc647f1
(11154) DBB: read push: id 0, da 68d13077 6afbd037 00000000 aa3d5302
(11156) DBB: read push: id 0, da 56e6d8d7 ec3895a9 791bbdac 979907c8
(11158) DBB: read push: id 0, da dbe708d2 044692b0 b03513bf a1198732
(11160) DBB: read push: id 0, da 31a9a98e ad13c078 380f5a93 d08b6942
(11162) DBB: read push: id 0, da 582abb09 e6a11f00 10a89226 85b59b39
(11164) DBB: read push: id 0, da 4f6c3d45 b0eeae47 3a02ba7a 00000000
(11166) DBB: read push: id 0, da 4627ee15 4a90aa9e a313fde8 6f151a42
(11168) DBB: read push: id 0, da a695037c 2a0a7911 fed6e319 f0a7fecd
(11170) DBB: read push: id 0, da 97c249a4 5a433845 522b70ce 42f85419
(11172) DBB: read push: id 0, da 19b0c08b db3de838 f4b66943 660a1a24
(11174) DBB: read push: id 0, da 2c5d6833 acf688ec 00000000 59db50f0
(11176) DBB: read push: id 0, da cfcb409a cf701a5f 00000000 1e6df87b
(11178) DBB: read push: id 0, da 296841bd 90998ba9 92e8e970 4505346d
(11180) DBB: read push: id 0, da 94122b21 46cfba99 a6d41e68 b6531275
(11182) DBB: read push: id 0, da 577c0d45 15c5a249 58176af3 c061293d
(11184) DBB: read push: id 0, da 73a6e829 fd7b42b9 f8e57277 632f78c5
(11186) DBB: read push: id 0, da e890bbcd fdf19be9 00000000 9ebd010d
(11188) DBB: read push: id 0, da aa104468 46320117 a3da7c91 dfb89882
(11190) DBB: read push: id 0, da 667701a8 03ffbc02 5e86389e 145e0c86
(11192) DBB: read push: id 0, da 2385bdd0 bff47954 1ad9f493 190c6c62
(11194) DBB: read push: id 0, da df3b78e0 7a10350e d6d4b070 66ebf1d3
(11196) DBB: read push: id 0, da 9b9834d6 3654f130 92766c34 00000000
(11198) DBB: read push: id 0, da 24d4dec0 81fb5adb 3e08a89a 76ee9082
(11200) DBB: read push: id 0, da e0b59bde 3c7a16dc 420a401d 33124cb0
(11202) DBB: read push: id 0, da 9cbd5765 f8a1d2c5 f86321bb efde09c6
(11204) DBB: read push: id 0, da 58ed1352 b4708e95 65a28d11 ab51c5c3
(11206) DBB: read push: id 0, da 1545cfa7 71e64a4c 00000000 676c80a8
(11208) DBB: read push: id 0, da d1c48a64 2d0307ec 00000000 222f3c74
(11210) DBB: read push: id 0, da 06824cc8 4b4bb1b8 97ef23a1 103bb708
(11212) DBB: read push: id 0, da 43b8899d 861deded 575490a0 4dacf364
(11214) DBB: read push: id 0, da 7ee6c4aa c26729d9 3e17dd0a 89942e78
(11216) DBB: read push: id 0, da ba0b01ef fe27657d ece03c63 c5f46a43
(11218) DBB: read push: id 0, da f7283d6b 3b60a0d9 00000000 00cba6c5
(11220) DBB: read push: id 0, da 887db408 995f0bc8 6d54c8bb b91f5e01
(11222) DBB: read push: id 0, da bbd95446 7ff78141 c328cf71 c5fc434f
(11224) DBB: read push: id 0, da 42f56843 7a4e2a7b ecbcc9e6 1ea742a0
(11226) DBB: read push: id 0, da 1dd0f001 88660775 ea0fb81c 696a3456
(11228) DBB: read push: id 0, da 4c6ceb7f aa3e182e bb239a12 00000000
(11230) DBB: read push: id 0, da ea33e00c 7dc6ed9e 95494082 f728c15c
(11232) DBB: read push: id 0, da daaa6f66 bd7aee34 4a15279d 0954d86a
(11234) DBB: read push: id 0, da dee23280 d0ede289 463bf64d 6f3f6338
(11236) DBB: read push: id 0, da f6da295a b821ca9f 89bfad40 28eb61c5
(11238) DBB: read push: id 0, da 229253f3 7315a675 00000000 3657d413
(11240) DBB: read push: id 0, da 6209b24d 01c9760b 00000000 9783ba21
(11242) DBB: read push: id 0, da c10be42c 25fd5c28 766f2f37 9dd50474
(11244) DBB: read push: id 0, da 5c314ef4 8edf76ac 42f01d52 562f3270
(11246) DBB: read push: id 0, da f317d57c b3816cf1 a25c7089 4a49bc2d
(11248) DBB: read push: id 0, da 85bd77c5 93e33ef5 edafac53 7a23a1a9
(11250) DBB: read push: id 0, da 142335cd 3006ecb9 00000000 e5bee2e5
(11252) DBB: read push: id 0, da b82c9c15 05ad86a9 0f9231b5 0f271e41
(11254) DBB: read push: id 0, da 65cd48d3 b0973203 bb1bdd03 01505f84
(11256) DBB: read push: id 0, da 1134f496 5cc5dfe2 676a8857 9d3be39f
(11258) DBB: read push: id 0, da bc5fa15f 08398a47 127f35b0 5968e600
(11260) DBB: read push: id 0, da 69514d2d b4f33732 be59e10f 00000000
(11262) DBB: read push: id 0, da 5b39dcc5 64be871b 0fffe8f9 bb4a1c8b
(11264) DBB: read push: id 0, da 06c58962 11aa326c dfed4f9a 66ffc94d
(11266) DBB: read push: id 0, da b3973484 bd5cdfc3 d364b440 127a7514
(11268) DBB: read push: id 0, da 5faee02c 69d38b1f fa309810 bfba21e1
(11270) DBB: read push: id 0, da 0b0a8c59 15103681 00000000 6abfcdb3
(11272) DBB: read push: id 0, da b7ac390c c112e3e8 00000000 178a788b
(11274) DBB: read push: id 0, da 1b345b0d ae598ca6 ec186637 15cc32a9
(11276) DBB: read push: id 0, da 47168667 db8cb826 fa1f58df 40a95f7b
(11278) DBB: read push: id 0, da 734db357 0695e4bb 5d87e244 6c5d8a63
(11280) DBB: read push: id 0, da 9fdadfdc 33731065 da75b16b 98e6b760
(11282) DBB: read push: id 0, da cabc0bf7 5e263d25 00000000 c444e273
(11284) DBB: read push: id 0, da 96698ae9 56ecd4a2 49115a9e 71085f69
(11286) DBB: read push: id 0, da 66d8e9c2 cb8681a7 0dd701ce a0477ad6
(11288) DBB: read push: id 0, da 1a07cb5a e2e1716b 355eabbf ca14559b
(11290) DBB: read push: id 0, da aff52fb3 9cfca3f0 bfa55870 0df755c1
(11292) DBB: read push: id 0, da 28a416cc f9d61935 acab07e0 00000000
(11294) DBB: read push: id 0, da 1ce1e2cc df1c0dde b192bcb2 257ac5ca
(11296) DBB: read push: id 0, da e2dc3131 5543b66f aa15cc01 fff926b2
(11298) DBB: read push: id 0, da 4b96c256 2e2961bf 5585fcca bd380a5b
(11300) DBB: read push: id 0, da 5711963a 69d00fd0 aa849847 5d3670c4
(11302) DBB: read push: id 0, da 054cacdf 0837c0a1 00000000 dff559ec
(11304) DBB: read push: id 0, da 56460644 095d7431 00000000 4574c5d5
(11306) DBB: read push: id 0, da 1a4706ec acb4d36c 59d8ff0b 6610d4cd
(11308) DBB: read push: id 0, da 0b2ab3f9 46439325 2f95bd52 d4f73dde
(11310) DBB: read push: id 0, da 26cd2bc6 ca93dd9e 3ef58127 ae9eb1af
(11312) DBB: read push: id 0, da 6d306e53 39a2b2d8 e0f73531 f3053040
(11314) DBB: read push: id 0, da de537ba1 937112d1 00000000 a22cb991
(11316) DBB: read push: id 0, da 0daed878 c2acae96 38f04526 33f80d61
(11318) DBB: read push: id 0, da 69e7348c 1eb60b21 9585a0de 59456db5
(11320) DBB: read push: id 0, da c57b903d 7b9c66c7 f074fd32 8a0907ad
(11322) DBB: read push: id 0, da 206bed89 d75ec388 4dbf5821 62285cd1
(11324) DBB: read push: id 0, da 7cb64870 33fb1f65 a966b5ac 00000000
(11326) DBB: read push: id 0, da 70565c38 e76ff3ee cb9d4edb 11385f71
(11328) DBB: read push: id 0, da ccceb850 42314ef4 c8c987fa 6cb6ba7a
(11330) DBB: read push: id 0, da 28221584 9f4eaa96 6ff9045b c98f171f
(11332) DBB: read push: id 0, da 845171d3 fac706d3 472f4c35 25c37360
(11334) DBB: read push: id 0, da e15ccd3e 569c63ac 00000000 8153cf3c
(11336) DBB: read push: id 0, da 3d4229c5 b2ccbf20 00000000 dc3e2ab3
(11338) DBB: read push: id 0, da ee0289ab 0d4bc605 7a808bc3 89fd8361
(11340) DBB: read push: id 0, da cb7f654d e9c6a2ca b6af8d87 659e5f93
(11342) DBB: read push: id 0, da a726415a c5ed7f7a 3afada00 41e93ab1
(11344) DBB: read push: id 0, da 82fa1dd3 a1bf5a16 bbcc8b24 1ce116ba
(11346) DBB: read push: id 0, da 5ef8f8b8 7d3c369d 00000000 f884f3ae
(11348) DBB: read push: id 0, da 576dbc02 d63bcb42 f8781310 40708091
(11350) DBB: read push: id 0, da 73cac672 db75108e 428def37 90ca71ae
(11352) DBB: read push: id 0, da 3de79ea1 4e6ee399 ba62191e 94a3a63d
(11354) DBB: read push: id 0, da b5c54490 2f274464 5ff890c6 a6b7e419
(11356) DBB: read push: id 0, da db62b840 7da132f0 334d562d 00000000
(11358) DBB: read push: id 0, da ab209c30 37ca776b 3950d259 1c69388c
(11360) DBB: read push: id 0, da e739a85b 98c0fa73 f5444b06 db16bd4b
(11362) DBB: read push: id 0, da 91134247 2775cb3a b5388c42 47830fcb
(11364) DBB: read push: id 0, da a8ac69f2 e3eae9c2 8e643cbf 61b1300a
(11366) DBB: read push: id 0, da 2e051f5d ce205609 00000000 299e1e09
(11368) DBB: read push: id 0, da 211f6289 e6151010 00000000 9f4bd9c9
(11370) DBB: read push: id 0, da 816c55c1 25cc82dd 6ad4c038 7ecb30b7
(11372) DBB: read push: id 0, da 3f9026b7 634be52f fd8f3c7c 4f0349c1
(11374) DBB: read push: id 0, da 13742d6d 768b3d41 9b8d7210 74fbd88b
(11376) DBB: read push: id 0, da fd1869e3 5f8b8b13 7a5c3ae1 f0b3dd15
(11378) DBB: read push: id 0, da fc7cdc18 1e4bcea5 00000000 c22a575e
(11380) DBB: read push: id 0, da d85cbb28 a56827f1 330752df fbe97c44
(11382) DBB: read push: id 0, da a5b6874b 70e3f368 fe3a1f43 13a1343c
(11384) DBB: read push: id 0, da 705953f6 3d26bee8 cbb7eb30 ce786e12
(11386) DBB: read push: id 0, da 3c461f2c 08348a72 977db6a6 992cc2fb
(11388) DBB: read push: id 0, da 097ceaeb d40b5605 638c83a6 00000000
(11390) DBB: read push: id 0, da 0b4c8d6b 9898b9a0 f1ce7fe0 f1b15245
(11392) DBB: read push: id 0, da d72b58e7 64ef84c8 305db274 bdc11f8f
(11394) DBB: read push: id 0, da a3d4246c 3190517a 00c8ecea 891ceb62
(11396) DBB: read push: id 0, da 6f46f1fb fc7b1db5 79fa47f4 55c0b7be
(11398) DBB: read push: id 0, da 3b81bd93 c9afe97a 00000000 21ad82a4
(11400) DBB: read push: id 0, da 06878935 952db4c8 00000000 ece44e14
(11402) DBB: read push: id 0, da 216fffb6 f7fa74d9 cbd32ed1 e1d59dc4
(11404) DBB: read push: id 0, da 6c154b15 43a2c1ed ab79c1c0 2d48e80b
(11406) DBB: read push: id 0, da b815970d 8e240d1b c6927d3c 7895356c
(11408) DBB: read push: id 0, da 056ee39f db7f5862 0cc2e6c0 c5bb81e7
(11410) DBB: read push: id 0, da 50212eca 27b3a5c3 00000000 10bbcd7b
(11412) DBB: read push: id 0, da ae5f145c 3479788c 03f8efc0 a4e37229
(11414) DBB: read push: id 0, da 5b36258d f19c3408 9d662189 93ce8b52
(11416) DBB: read push: id 0, da accd7b7e 137ff445 5b951811 4ae59228
(11418) DBB: read push: id 0, da a324162f 9a22b942 3e84d35a cc9c233a
(11420) DBB: read push: id 0, da 3e3bf59f 858482ff 46335363 00000000
(11422) DBB: read push: id 0, da 267335b2 cc17500c 4b167874 588ea2cf
(11424) DBB: read push: id 0, da 15f5f38f f7e6e435 7ffa6b59 60f54790
(11426) DBB: read push: id 0, da 6a38b62c 48753d1e b45c695c 0e1c3110
(11428) DBB: read push: id 0, da 233b7d88 bdc35ac7 c695ff99 60035f51
(11430) DBB: read push: id 0, da 40fe49a5 57d23d2f 00000000 56aad252
(11432) DBB: read push: id 0, da c3811a82 16a1e458 00000000 f2108a13
(11434) DBB: read push: id 0, da 37885b52 7d4beca8 f5d20400 6ad96239
(11436) DBB: read push: id 0, da 8abf0aa4 514f76c5 9bd64e0a 247585ee
(11438) DBB: read push: id 0, da 8ab606b5 92120da3 040f49a9 cad03664
(11440) DBB: read push: id 0, da 376e4f86 3f95b140 e06c1d78 5deb7399
(11442) DBB: read push: id 0, da 90e5e518 59d9619d 00000000 ddc73d8e
(11444) interrupt!
(11446) write to nvdla: addr ffff0003, data ffffffff
(11448) read from nvdla: addr ffff0003
(11450) read response from nvdla: 00000000
(11452) waiting for interrupt...
(11452) interrupt!
(11454) write to nvdla: addr ffff0003, data ffffffff
(11456) read from nvdla: addr ffff0003
(11458) read response from nvdla: 00000000
(11460) waiting for interrupt...
(11460) DBB: write request from dla, addr 80400000 id 0
(11462) DBB: write data from dla (00000000 7fff0000...)
(11462) DBB: write, last tick
(11464) interrupt!
(11466) write to nvdla: addr ffff0003, data ffffffff
(11468) read from nvdla: addr ffff0003
(11470) read response from nvdla: 00000000
AXI: dumping memory to golden_output_memory.dat
AXI: memory dump matched reference
done at 11874 ticks
*** PASS
