converting /app/verif/traces/traceplayer/sdp_relu_int16/input.txn to /app/outdir/nv_full/verilator/test/sdp_relu_int16/trace.bin
File 0 0x80200000 0x1000
okay, that's all the bytes I expected -- I'm stopping here
File 0 0x80800000 0x1000
okay, that's all the bytes I expected -- I'm stopping here
CMD: load_mem 00001000 bytes to 80200000
CMD: write_reg ffff2803 00000007
CMD: read_reg ffff2803 00001fff 00000007
CMD: write_reg ffff2804 00000007
CMD: read_reg ffff2804 00001fff 00000007
CMD: write_reg ffff2805 0000001f
CMD: read_reg ffff2805 00001fff 0000001f
CMD: write_reg ffff2806 80200000
CMD: read_reg ffff2806 ffffffe0 80200000
CMD: write_reg ffff2807 00000000
CMD: read_reg ffff2807 ffffffff 00000000
CMD: write_reg ffff2808 00000100
CMD: read_reg ffff2808 ffffffe0 00000100
CMD: write_reg ffff2809 00000800
CMD: read_reg ffff2809 ffffffe0 00000800
CMD: write_reg ffff280a 0000001b
CMD: read_reg ffff280a 0000003f 0000001b
CMD: write_reg ffff280b 80300000
CMD: read_reg ffff280b ffffffe0 80300000
CMD: write_reg ffff280c 00000000
CMD: read_reg ffff280c ffffffff 00000000
CMD: write_reg ffff281c 00000054
CMD: read_reg ffff281c 00001fff 00000054
CMD: write_reg ffff281d 00000001
CMD: read_reg ffff281d 00000001 00000001
CMD: write_reg ffff2810 0000001b
CMD: read_reg ffff2810 0000003f 0000001b
CMD: write_reg ffff2816 0000001b
CMD: read_reg ffff2816 0000003f 0000001b
CMD: write_reg ffff2c01 00000000
CMD: read_reg ffff2c01 00010001 00000000
CMD: write_reg ffff2c02 00000000
CMD: read_reg ffff2c02 000303ff 00000000
CMD: write_reg ffff2c03 00000000
CMD: read_reg ffff2c03 0000ffff 00000000
CMD: write_reg ffff2c04 00000000
CMD: read_reg ffff2c04 00000071 00000000
CMD: write_reg ffff2c0f 00000007
CMD: read_reg ffff2c0f 00001fff 00000007
CMD: write_reg ffff2c10 00000007
CMD: read_reg ffff2c10 00001fff 00000007
CMD: write_reg ffff2c11 0000001f
CMD: read_reg ffff2c11 00001fff 0000001f
CMD: write_reg ffff2c12 80800000
CMD: read_reg ffff2c12 ffffffe0 80800000
CMD: write_reg ffff2c13 00000000
CMD: read_reg ffff2c13 ffffffff 00000000
CMD: write_reg ffff2c14 00000100
CMD: read_reg ffff2c14 ffffffe0 00000100
CMD: write_reg ffff2c15 00000800
CMD: read_reg ffff2c15 ffffffe0 00000800
CMD: write_reg ffff2c16 00000018
CMD: read_reg ffff2c16 0000007f 00000018
CMD: write_reg ffff2c17 00000002
CMD: read_reg ffff2c17 00003f01 00000000
CMD: write_reg ffff2c18 00000000
CMD: read_reg ffff2c18 0000ffff 00000000
CMD: write_reg ffff2c19 00000000
CMD: read_reg ffff2c19 0000ff01 00000000
CMD: write_reg ffff2c1a 00000001
CMD: read_reg ffff2c1a 0000ffff 00000001
CMD: write_reg ffff2c2c 00000000
CMD: read_reg ffff2c2c 00001f0f 00000000
CMD: write_reg ffff2c2d 00000001
CMD: read_reg ffff2c2d 00000001 00000001
CMD: write_reg ffff2c2e 00000000
CMD: read_reg ffff2c2e ffffffe0 00000000
CMD: write_reg ffff2c2f 00000005
CMD: read_reg ffff2c2f 0000000f 00000005
CMD: write_reg ffff2c30 00000000
CMD: read_reg ffff2c30 ffffffff 00000000
CMD: write_reg ffff2c31 00000001
CMD: read_reg ffff2c31 0000ffff 00000001
CMD: write_reg ffff2c32 00000000
CMD: read_reg ffff2c32 0000003f 00000000
CMD: write_reg ffff2c1b 0000005b
CMD: read_reg ffff2c1b 0000007f 0000005b
CMD: write_reg ffff2c20 0000005b
CMD: read_reg ffff2c20 0000007f 0000005b
CMD: write_reg ffff2802 00000001
CMD: read_reg ffff2802 00000001 00000001
CMD: write_reg ffff2c0e 00000001
CMD: read_reg ffff2c0e 00000001 00000001
CMD: wait
CMD: write_reg ffff0003 ffffffff
CMD: dump_mem 00001000 bytes from 80800000 -> output_feature_map.dat
CMD: done
reset...
letting buffers clear after reset...
running trace...
AXI: loading memory at 0x80200000
(8274) write to nvdla: addr ffff2803, data 00000007
(8276) read from nvdla: addr ffff2803
(8278) read response from nvdla: 00000007
(8280) write to nvdla: addr ffff2804, data 00000007
(8282) read from nvdla: addr ffff2804
(8284) read response from nvdla: 00000007
(8286) write to nvdla: addr ffff2805, data 0000001f
(8288) read from nvdla: addr ffff2805
(8290) read response from nvdla: 0000001f
(8292) write to nvdla: addr ffff2806, data 80200000
(8294) read from nvdla: addr ffff2806
(8296) read response from nvdla: 80200000
(8298) write to nvdla: addr ffff2807, data 00000000
(8300) read from nvdla: addr ffff2807
(8302) read response from nvdla: 00000000
(8304) write to nvdla: addr ffff2808, data 00000100
(8306) read from nvdla: addr ffff2808
(8308) read response from nvdla: 00000100
(8310) write to nvdla: addr ffff2809, data 00000800
(8312) read from nvdla: addr ffff2809
(8314) read response from nvdla: 00000800
(8316) write to nvdla: addr ffff280a, data 0000001b
(8318) read from nvdla: addr ffff280a
(8320) read response from nvdla: 0000001b
(8322) write to nvdla: addr ffff280b, data 80300000
(8324) read from nvdla: addr ffff280b
(8326) read response from nvdla: 80300000
(8328) write to nvdla: addr ffff280c, data 00000000
(8330) read from nvdla: addr ffff280c
(8332) read response from nvdla: 00000000
(8334) write to nvdla: addr ffff281c, data 00000054
(8336) read from nvdla: addr ffff281c
(8338) read response from nvdla: 00000054
(8340) write to nvdla: addr ffff281d, data 00000001
(8342) read from nvdla: addr ffff281d
(8344) read response from nvdla: 00000001
(8346) write to nvdla: addr ffff2810, data 0000001b
(8348) read from nvdla: addr ffff2810
(8350) read response from nvdla: 0000001b
(8352) write to nvdla: addr ffff2816, data 0000001b
(8354) read from nvdla: addr ffff2816
(8356) read response from nvdla: 0000001b
(8358) write to nvdla: addr ffff2c01, data 00000000
(8360) read from nvdla: addr ffff2c01
(8362) read response from nvdla: 00000000
(8364) write to nvdla: addr ffff2c02, data 00000000
(8366) read from nvdla: addr ffff2c02
(8368) read response from nvdla: 00000000
(8370) write to nvdla: addr ffff2c03, data 00000000
(8372) read from nvdla: addr ffff2c03
(8374) read response from nvdla: 00000000
(8376) write to nvdla: addr ffff2c04, data 00000000
(8378) read from nvdla: addr ffff2c04
(8380) read response from nvdla: 00000000
(8382) write to nvdla: addr ffff2c0f, data 00000007
(8384) read from nvdla: addr ffff2c0f
(8386) read response from nvdla: 00000007
(8388) write to nvdla: addr ffff2c10, data 00000007
(8390) read from nvdla: addr ffff2c10
(8392) read response from nvdla: 00000007
(8394) write to nvdla: addr ffff2c11, data 0000001f
(8396) read from nvdla: addr ffff2c11
(8398) read response from nvdla: 0000001f
(8400) write to nvdla: addr ffff2c12, data 80800000
(8402) read from nvdla: addr ffff2c12
(8404) read response from nvdla: 80800000
(8406) write to nvdla: addr ffff2c13, data 00000000
(8408) read from nvdla: addr ffff2c13
(8410) read response from nvdla: 00000000
(8412) write to nvdla: addr ffff2c14, data 00000100
(8414) read from nvdla: addr ffff2c14
(8416) read response from nvdla: 00000100
(8418) write to nvdla: addr ffff2c15, data 00000800
(8420) read from nvdla: addr ffff2c15
(8422) read response from nvdla: 00000800
(8424) write to nvdla: addr ffff2c16, data 00000018
(8426) read from nvdla: addr ffff2c16
(8428) read response from nvdla: 00000018
(8430) write to nvdla: addr ffff2c17, data 00000002
(8432) read from nvdla: addr ffff2c17
(8434) read response from nvdla: 00000002
(8436) write to nvdla: addr ffff2c18, data 00000000
(8438) read from nvdla: addr ffff2c18
(8440) read response from nvdla: 00000000
(8442) write to nvdla: addr ffff2c19, data 00000000
(8444) read from nvdla: addr ffff2c19
(8446) read response from nvdla: 00000000
(8448) write to nvdla: addr ffff2c1a, data 00000001
(8450) read from nvdla: addr ffff2c1a
(8452) read response from nvdla: 00000001
(8454) write to nvdla: addr ffff2c2c, data 00000000
(8456) read from nvdla: addr ffff2c2c
(8458) read response from nvdla: 00000000
(8460) write to nvdla: addr ffff2c2d, data 00000001
(8462) read from nvdla: addr ffff2c2d
(8464) read response from nvdla: 00000001
(8466) write to nvdla: addr ffff2c2e, data 00000000
(8468) read from nvdla: addr ffff2c2e
(8470) read response from nvdla: 00000000
(8472) write to nvdla: addr ffff2c2f, data 00000005
(8474) read from nvdla: addr ffff2c2f
(8476) read response from nvdla: 00000005
(8478) write to nvdla: addr ffff2c30, data 00000000
(8480) read from nvdla: addr ffff2c30
(8482) read response from nvdla: 00000000
(8484) write to nvdla: addr ffff2c31, data 00000001
(8486) read from nvdla: addr ffff2c31
(8488) read response from nvdla: 00000001
(8490) write to nvdla: addr ffff2c32, data 00000000
(8492) read from nvdla: addr ffff2c32
(8494) read response from nvdla: 00000000
(8496) write to nvdla: addr ffff2c1b, data 0000005b
(8498) read from nvdla: addr ffff2c1b
(8500) read response from nvdla: 0000005b
(8502) write to nvdla: addr ffff2c20, data 0000005b
(8504) read from nvdla: addr ffff2c20
(8506) read response from nvdla: 0000005b
(8508) write to nvdla: addr ffff2802, data 00000001
(8510) read from nvdla: addr ffff2802
(8512) read response from nvdla: 00000001
(8514) write to nvdla: addr ffff2c0e, data 00000001
(8000) DBG: write to 2c0e, state=0, flying=0
(8000) SDP trigger! state was 0
(8516) read from nvdla: addr ffff2c0e
(8000) S_SDP_RD: feat_base=80200000 total=4096 beat_cnt=0
(8518) read response from nvdla: 00000001
(8518) DBB: read request from dla, addr 80200000 burst 63 id 0
(8520) waiting for interrupt...
(8582) DBB: read push: id 0, da 85855635 63858585 63856363 63636363
(8000) S_SDP_RDWAIT: beat 0 rvalid=1 rlast=0
(8584) DBB: read push: id 0, da 63835334 63638383 63838383 83636363
(8000) S_SDP_RDWAIT: beat 1 rvalid=1 rlast=0
(8586) DBB: read push: id 0, da 83835333 83838383 83836383 83acac83
(8000) S_SDP_RDWAIT: beat 2 rvalid=1 rlast=0
(8588) DBB: read push: id 0, da 83835333 83838383 83838383 63838383
(8000) S_SDP_RDWAIT: beat 3 rvalid=1 rlast=0
(8590) DBB: read push: id 0, da ac065231 7e9ef4ac acacac7e acac7e7e
(8000) S_SDP_RDWAIT: beat 4 rvalid=1 rlast=0
(8592) DBB: read push: id 0, da acac5232 acac83ac acacac83 83acacac
(8000) S_SDP_RDWAIT: beat 5 rvalid=1 rlast=0
(8594) DBB: read push: id 0, da f4065132 acacac9e acac7e7e acac7eac
(8000) S_SDP_RDWAIT: beat 6 rvalid=1 rlast=0
(8596) DBB: read push: id 0, da acac5232 f4838306 acacac63 7e7e9eac
(8000) S_SDP_RDWAIT: beat 7 rvalid=1 rlast=0
(8598) DBB: read push: id 0, da acac5232 acacacac acacacac acacacac
(8000) S_SDP_RDWAIT: beat 8 rvalid=1 rlast=0
(8600) DBB: read push: id 0, da f4065132 7e7e9eac 7e7e7eac acacac7e
(8000) S_SDP_RDWAIT: beat 9 rvalid=1 rlast=0
(8602) DBB: read push: id 0, da 06ac5232 acacacf4 acac83ac acac83ac
(8000) S_SDP_RDWAIT: beat 10 rvalid=1 rlast=0
(8604) DBB: read push: id 0, da f4065231 ac7e7e9e 7e7eac7e acac7eac
(8000) S_SDP_RDWAIT: beat 11 rvalid=1 rlast=0
(8606) DBB: read push: id 0, da acac5232 ac83acac acac83ac acacacac
(8000) S_SDP_RDWAIT: beat 12 rvalid=1 rlast=0
(8608) DBB: read push: id 0, da ac065232 7eac9ef4 7e7eac7e ac7e7eac
(8000) S_SDP_RDWAIT: beat 13 rvalid=1 rlast=0
(8610) DBB: read push: id 0, da acac5232 acacacac 06acacac f483acac
(8000) S_SDP_RDWAIT: beat 14 rvalid=1 rlast=0
(8612) DBB: read push: id 0, da acac5232 acacac06 acacacac acacacac
(8000) S_SDP_RDWAIT: beat 15 rvalid=1 rlast=0
(8614) DBB: read push: id 0, da ac635134 06acacac ac9ef4ac 7e7e7eac
(8000) S_SDP_RDWAIT: beat 16 rvalid=1 rlast=0
(8616) DBB: read push: id 0, da acac5132 acacacac acacacac acacacac
(8000) S_SDP_RDWAIT: beat 17 rvalid=1 rlast=0
(8618) DBB: read push: id 0, da 06ac5232 9ef4acac 7e7e7e7e ac7eac7e
(8000) S_SDP_RDWAIT: beat 18 rvalid=1 rlast=0
(8620) DBB: read push: id 0, da acac5232 06acacac ac83f4ac ac83acac
(8000) S_SDP_RDWAIT: beat 19 rvalid=1 rlast=0
(8622) DBB: read push: id 0, da ac065232 ac7e9ef4 ac7e7eac 7e7e7eac
(8000) S_SDP_RDWAIT: beat 20 rvalid=1 rlast=0
(8624) DBB: read push: id 0, da 83ac5233 acacacac ac8383ac 83acacac
(8000) S_SDP_RDWAIT: beat 21 rvalid=1 rlast=0
(8626) DBB: read push: id 0, da acac5131 acacacac 06acacac acacacac
(8000) S_SDP_RDWAIT: beat 22 rvalid=1 rlast=0
(8628) DBB: read push: id 0, da ac065232 acacacac ac63f483 acacac83
(8000) S_SDP_RDWAIT: beat 23 rvalid=1 rlast=0
(8630) DBB: read push: id 0, da acac5232 acacacac ac06acac 83acacac
(8000) S_SDP_RDWAIT: beat 24 rvalid=1 rlast=0
(8632) DBB: read push: id 0, da ac065132 7e9eacf4 7eac7e7e 7eac7e7e
(8000) S_SDP_RDWAIT: beat 25 rvalid=1 rlast=0
(8634) DBB: read push: id 0, da 83ac5332 acac06ac acac83ac acac8383
(8000) S_SDP_RDWAIT: beat 26 rvalid=1 rlast=0
(8636) DBB: read push: id 0, da ac065131 7e7e9ef4 7eacacac 7e7eac7e
(8000) S_SDP_RDWAIT: beat 27 rvalid=1 rlast=0
(8638) DBB: read push: id 0, da acac5232 83acacac acac8383 acacacac
(8000) S_SDP_RDWAIT: beat 28 rvalid=1 rlast=0
(8640) DBB: read push: id 0, da f4065232 ac7eac9e 7eac7eac 7e7eacac
(8000) S_SDP_RDWAIT: beat 29 rvalid=1 rlast=0
(8642) DBB: read push: id 0, da acac5232 acacacac acacacac 83ac06ac
(8000) S_SDP_RDWAIT: beat 30 rvalid=1 rlast=0
(8644) DBB: read push: id 0, da acac5231 acac06ac acacf4ac acacacac
(8000) S_SDP_RDWAIT: beat 31 rvalid=1 rlast=0
(8646) DBB: read push: id 0, da 85855635 63858585 63856363 63636363
(8000) S_SDP_RDWAIT: beat 32 rvalid=1 rlast=0
(8648) DBB: read push: id 0, da 63835334 63638383 63838383 83636363
(8000) S_SDP_RDWAIT: beat 33 rvalid=1 rlast=0
(8650) DBB: read push: id 0, da 83835333 83838383 83836383 83acac83
(8000) S_SDP_RDWAIT: beat 34 rvalid=1 rlast=0
(8652) DBB: read push: id 0, da 83835333 83838383 83838383 63838383
(8000) S_SDP_RDWAIT: beat 35 rvalid=1 rlast=0
(8654) DBB: read push: id 0, da ac065231 7e9ef4ac acacac7e acac7e7e
(8000) S_SDP_RDWAIT: beat 36 rvalid=1 rlast=0
(8656) DBB: read push: id 0, da acac5232 acac83ac acacac83 83acacac
(8000) S_SDP_RDWAIT: beat 37 rvalid=1 rlast=0
(8658) DBB: read push: id 0, da f4065132 acacac9e acac7e7e acac7eac
(8000) S_SDP_RDWAIT: beat 38 rvalid=1 rlast=0
(8660) DBB: read push: id 0, da acac5232 f4838306 acacac63 7e7e9eac
(8000) S_SDP_RDWAIT: beat 39 rvalid=1 rlast=0
(8662) DBB: read push: id 0, da acac5232 acacacac acacacac acacacac
(8000) S_SDP_RDWAIT: beat 40 rvalid=1 rlast=0
(8664) DBB: read push: id 0, da f4065132 7e7e9eac 7e7e7eac acacac7e
(8000) S_SDP_RDWAIT: beat 41 rvalid=1 rlast=0
(8666) DBB: read push: id 0, da 06ac5232 acacacf4 acac83ac acac83ac
(8000) S_SDP_RDWAIT: beat 42 rvalid=1 rlast=0
(8668) DBB: read push: id 0, da f4065231 ac7e7e9e 7e7eac7e acac7eac
(8000) S_SDP_RDWAIT: beat 43 rvalid=1 rlast=0
(8670) DBB: read push: id 0, da acac5232 ac83acac acac83ac acacacac
(8000) S_SDP_RDWAIT: beat 44 rvalid=1 rlast=0
(8672) DBB: read push: id 0, da ac065232 7eac9ef4 7e7eac7e ac7e7eac
(8000) S_SDP_RDWAIT: beat 45 rvalid=1 rlast=0
(8674) DBB: read push: id 0, da acac5232 acacacac 06acacac f483acac
(8000) S_SDP_RDWAIT: beat 46 rvalid=1 rlast=0
(8676) DBB: read push: id 0, da acac5232 acacac06 acacacac acacacac
(8000) S_SDP_RDWAIT: beat 47 rvalid=1 rlast=0
(8678) DBB: read push: id 0, da ac635134 06acacac ac9ef4ac 7e7e7eac
(8000) S_SDP_RDWAIT: beat 48 rvalid=1 rlast=0
(8680) DBB: read push: id 0, da acac5132 acacacac acacacac acacacac
(8000) S_SDP_RDWAIT: beat 49 rvalid=1 rlast=0
(8682) DBB: read push: id 0, da 06ac5232 9ef4acac 7e7e7e7e ac7eac7e
(8000) S_SDP_RDWAIT: beat 50 rvalid=1 rlast=0
(8684) DBB: read push: id 0, da acac5232 06acacac ac83f4ac ac83acac
(8000) S_SDP_RDWAIT: beat 51 rvalid=1 rlast=0
(8686) DBB: read push: id 0, da ac065232 ac7e9ef4 ac7e7eac 7e7e7eac
(8000) S_SDP_RDWAIT: beat 52 rvalid=1 rlast=0
(8688) DBB: read push: id 0, da 83ac5233 acacacac ac8383ac 83acacac
(8000) S_SDP_RDWAIT: beat 53 rvalid=1 rlast=0
(8690) DBB: read push: id 0, da acac5131 acacacac 06acacac acacacac
(8000) S_SDP_RDWAIT: beat 54 rvalid=1 rlast=0
(8692) DBB: read push: id 0, da ac065232 acacacac ac63f483 acacac83
(8000) S_SDP_RDWAIT: beat 55 rvalid=1 rlast=0
(8694) DBB: read push: id 0, da acac5232 acacacac ac06acac 83acacac
(8000) S_SDP_RDWAIT: beat 56 rvalid=1 rlast=0
(8696) DBB: read push: id 0, da ac065132 7e9eacf4 7eac7e7e 7eac7e7e
(8000) S_SDP_RDWAIT: beat 57 rvalid=1 rlast=0
(8698) DBB: read push: id 0, da 83ac5332 acac06ac acac83ac acac8383
(8000) S_SDP_RDWAIT: beat 58 rvalid=1 rlast=0
(8700) DBB: read push: id 0, da ac065131 7e7e9ef4 7eacacac 7e7eac7e
(8000) S_SDP_RDWAIT: beat 59 rvalid=1 rlast=0
(8702) DBB: read push: id 0, da acac5232 83acacac acac8383 acacacac
(8000) S_SDP_RDWAIT: beat 60 rvalid=1 rlast=0
(8704) DBB: read push: id 0, da f4065232 ac7eac9e 7eac7eac 7e7eacac
(8000) S_SDP_RDWAIT: beat 61 rvalid=1 rlast=0
(8706) DBB: read push: id 0, da acac5232 acacacac acacacac 83ac06ac
(8000) S_SDP_RDWAIT: beat 62 rvalid=1 rlast=0
(8708) DBB: read push: id 0, da acac5231 acac06ac acacf4ac acacacac
(8000) S_SDP_RDWAIT: beat 63 rvalid=1 rlast=1
(8000) S_SDP_PROC: rd_total=4096
(8000) S_SDP_WR: out_base=80800000 total=4096 beat_cnt=0
(8714) DBB: write request from dla, addr 80800000 id 0
(8716) DBB: write data from dla (00005635 63850000...)
(8716) DBB: write, ticks remaining
(8718) DBB: write data from dla (63835334 63630000...)
(8718) DBB: write, ticks remaining
(8720) DBB: write data from dla (00005333 00000000...)
(8720) DBB: write, ticks remaining
(8722) DBB: write data from dla (00005333 00000000...)
(8722) DBB: write, ticks remaining
(8724) DBB: write data from dla (00005231 7e9e0000...)
(8724) DBB: write, ticks remaining
(8726) DBB: write data from dla (00005232 00000000...)
(8726) DBB: write, ticks remaining
(8728) DBB: write data from dla (00005132 00000000...)
(8728) DBB: write, ticks remaining
(8730) DBB: write data from dla (00005232 00000000...)
(8730) DBB: write, ticks remaining
(8732) DBB: write data from dla (00005232 00000000...)
(8732) DBB: write, ticks remaining
(8734) DBB: write data from dla (00005132 7e7e0000...)
(8734) DBB: write, ticks remaining
(8736) DBB: write data from dla (06ac5232 00000000...)
(8736) DBB: write, ticks remaining
(8738) DBB: write data from dla (00005231 00007e9e...)
(8738) DBB: write, ticks remaining
(8740) DBB: write data from dla (00005232 00000000...)
(8740) DBB: write, ticks remaining
(8742) DBB: write data from dla (00005232 7eac0000...)
(8742) DBB: write, ticks remaining
(8744) DBB: write data from dla (00005232 00000000...)
(8744) DBB: write, ticks remaining
(8746) DBB: write data from dla (00005232 00000000...)
(8746) DBB: write, ticks remaining
(8748) DBB: write data from dla (00005134 06ac0000...)
(8748) DBB: write, ticks remaining
(8750) DBB: write data from dla (00005132 00000000...)
(8750) DBB: write, ticks remaining
(8752) DBB: write data from dla (06ac5232 00000000...)
(8752) DBB: write, ticks remaining
(8754) DBB: write data from dla (00005232 06ac0000...)
(8754) DBB: write, ticks remaining
(8756) DBB: write data from dla (00005232 00000000...)
(8756) DBB: write, ticks remaining
(8758) DBB: write data from dla (00005233 00000000...)
(8758) DBB: write, ticks remaining
(8760) DBB: write data from dla (00005131 00000000...)
(8760) DBB: write, ticks remaining
(8762) DBB: write data from dla (00005232 00000000...)
(8762) DBB: write, ticks remaining
(8764) DBB: write data from dla (00005232 00000000...)
(8764) DBB: write, ticks remaining
(8766) DBB: write data from dla (00005132 7e9e0000...)
(8766) DBB: write, ticks remaining
(8768) DBB: write data from dla (00005332 000006ac...)
(8768) DBB: write, ticks remaining
(8770) DBB: write data from dla (00005131 7e7e0000...)
(8770) DBB: write, ticks remaining
(8772) DBB: write data from dla (00005232 00000000...)
(8772) DBB: write, ticks remaining
(8774) DBB: write data from dla (00005232 00000000...)
(8774) DBB: write, ticks remaining
(8776) DBB: write data from dla (00005232 00000000...)
(8776) DBB: write, ticks remaining
(8778) DBB: write data from dla (00005231 000006ac...)
(8778) DBB: write, ticks remaining
(8780) DBB: write data from dla (00005635 63850000...)
(8780) DBB: write, ticks remaining
(8782) DBB: write data from dla (63835334 63630000...)
(8782) DBB: write, ticks remaining
(8784) DBB: write data from dla (00005333 00000000...)
(8784) DBB: write, ticks remaining
(8786) DBB: write data from dla (00005333 00000000...)
(8786) DBB: write, ticks remaining
(8788) DBB: write data from dla (00005231 7e9e0000...)
(8788) DBB: write, ticks remaining
(8790) DBB: write data from dla (00005232 00000000...)
(8790) DBB: write, ticks remaining
(8792) DBB: write data from dla (00005132 00000000...)
(8792) DBB: write, ticks remaining
(8794) DBB: write data from dla (00005232 00000000...)
(8794) DBB: write, ticks remaining
(8796) DBB: write data from dla (00005232 00000000...)
(8796) DBB: write, ticks remaining
(8798) DBB: write data from dla (00005132 7e7e0000...)
(8798) DBB: write, ticks remaining
(8800) DBB: write data from dla (06ac5232 00000000...)
(8800) DBB: write, ticks remaining
(8802) DBB: write data from dla (00005231 00007e9e...)
(8802) DBB: write, ticks remaining
(8804) DBB: write data from dla (00005232 00000000...)
(8804) DBB: write, ticks remaining
(8806) DBB: write data from dla (00005232 7eac0000...)
(8806) DBB: write, ticks remaining
(8808) DBB: write data from dla (00005232 00000000...)
(8808) DBB: write, ticks remaining
(8810) DBB: write data from dla (00005232 00000000...)
(8810) DBB: write, ticks remaining
(8812) DBB: write data from dla (00005134 06ac0000...)
(8812) DBB: write, ticks remaining
(8814) DBB: write data from dla (00005132 00000000...)
(8814) DBB: write, ticks remaining
(8816) DBB: write data from dla (06ac5232 00000000...)
(8816) DBB: write, ticks remaining
(8818) DBB: write data from dla (00005232 06ac0000...)
(8818) DBB: write, ticks remaining
(8820) DBB: write data from dla (00005232 00000000...)
(8820) DBB: write, ticks remaining
(8822) DBB: write data from dla (00005233 00000000...)
(8822) DBB: write, ticks remaining
(8824) DBB: write data from dla (00005131 00000000...)
(8824) DBB: write, ticks remaining
(8826) DBB: write data from dla (00005232 00000000...)
(8826) DBB: write, ticks remaining
(8828) DBB: write data from dla (00005232 00000000...)
(8828) DBB: write, ticks remaining
(8830) DBB: write data from dla (00005132 7e9e0000...)
(8830) DBB: write, ticks remaining
(8832) DBB: write data from dla (00005332 000006ac...)
(8832) DBB: write, ticks remaining
(8834) DBB: write data from dla (00005131 7e7e0000...)
(8834) DBB: write, ticks remaining
(8836) DBB: write data from dla (00005232 00000000...)
(8836) DBB: write, ticks remaining
(8838) DBB: write data from dla (00005232 00000000...)
(8838) DBB: write, ticks remaining
(8840) DBB: write data from dla (00005232 00000000...)
(8840) DBB: write, ticks remaining
(8842) DBB: write data from dla (00005231 000006ac...)
(8842) DBB: write, last tick
(8000) S_SDP_WRBWAIT: bvalid=1 beat_cnt=64
(8844) interrupt!
(8000) S_SDP_INTR: glb_intr=00000001
(8846) write to nvdla: addr ffff0003, data ffffffff
(8000) S_SDP_INTR: glb_intr=00000001
AXI: dumping memory to output_feature_map.dat
AXI: memory dump matched reference
(8000) S_SDP_INTR: glb_intr=00000000
done at 9250 ticks
*** PASS
