WARNING: Not adding library . (/app). Library ibex already registered for this location
INFO: Preparing lowrisc:dv:dv_fcov_macros:0
INFO: Preparing lowrisc:dv:secded_enc:0
INFO: Preparing lowrisc:dv_verilator:ibex_pcounts:0
INFO: Preparing lowrisc:dv_verilator:simutil_verilator:0
INFO: Preparing lowrisc:ibex:ibex_pkg:0.1
INFO: Preparing lowrisc:prim_generic:ram_1p_pkg:0
INFO: Preparing lowrisc:prim_generic:ram_2p_pkg:0
INFO: Preparing lowrisc:prim_generic:rom_pkg:0
INFO: Preparing lowrisc:prim:util_get_scramble_params:0
INFO: Preparing lowrisc:prim:util_memload:0
INFO: Preparing lowrisc:tool:check_tool_requirements:0.1
INFO: Preparing lowrisc:dv_verilator:memutil_dpi:0
INFO: Preparing lowrisc:lint:common:0.1
INFO: Preparing lowrisc:dv_verilator:memutil_verilator:0
INFO: Preparing lowrisc:prim:assert:0.1
INFO: Preparing lowrisc:prim:cipher_pkg:0.1
INFO: Preparing lowrisc:prim_generic:and2:0
INFO: Preparing lowrisc:prim_generic:buf:0
INFO: Preparing lowrisc:prim_generic:clock_buf:0
INFO: Preparing lowrisc:prim_generic:clock_gating:0
INFO: Preparing lowrisc:prim_generic:flop:0
INFO: Preparing lowrisc:prim_generic:flop_no_rst:0
INFO: Preparing lowrisc:prim_generic:prim_pkg:0
INFO: Preparing lowrisc:prim_generic:usb_diff_rx:0
INFO: Preparing lowrisc:prim_generic:xnor2:0
INFO: Preparing lowrisc:prim_generic:xor2:0
INFO: Preparing lowrisc:prim:pad_wrapper_pkg:0
INFO: Preparing lowrisc:prim:secded:0.1
INFO: Preparing lowrisc:ibex:ibex_icache:0.1
INFO: Preparing lowrisc:ibex:ibex_tracer:0.1
INFO: Preparing lowrisc:prim:cdc_rand_delay:0
INFO: Preparing lowrisc:prim:cipher:0
INFO: Preparing lowrisc:prim:count:0
INFO: Preparing lowrisc:prim_generic:clock_mux2:0
INFO: Preparing lowrisc:prim_generic:pad_attr:0
INFO: Preparing lowrisc:prim_generic:pad_wrapper:0
INFO: Preparing lowrisc:prim_generic:ram_1p:0
INFO: Preparing lowrisc:prim_generic:ram_1r1w:0
INFO: Preparing lowrisc:prim_generic:ram_2p:0
INFO: Preparing lowrisc:prim_generic:rom:0
INFO: Preparing lowrisc:prim:lfsr:0.1
INFO: Preparing lowrisc:prim:mubi_pkg:0.1
INFO: Preparing lowrisc:prim:sec_anchor:0.1
INFO: Preparing lowrisc:prim:util:0.1
INFO: Preparing lowrisc:ibex:sim_shared:0
INFO: Preparing lowrisc:prim_generic:clock_inv:0
INFO: Preparing lowrisc:prim_generic:flop_2sync:0
INFO: Preparing lowrisc:prim_generic:flop_en:0
INFO: Preparing lowrisc:prim:mubi:0.1
INFO: Preparing lowrisc:prim:onehot:0
INFO: Preparing lowrisc:prim:onehot_check:0
INFO: Preparing lowrisc:prim:ram_1p_adv:0.1
INFO: Preparing lowrisc:ibex:ibex_core:0.1
INFO: Preparing lowrisc:prim_generic:clock_div:0
INFO: Preparing lowrisc:prim_generic:rst_sync:0
INFO: Preparing lowrisc:prim:ram_1p_scr:0.1
INFO: Preparing lowrisc:ibex:ibex_top:0.1
INFO: Preparing lowrisc:prim_generic:all:0.1
INFO: Preparing lowrisc:ibex:ibex_top_tracing:0.1
INFO: Preparing lowrisc:ibex:ibex_simple_system_core:0
INFO: Preparing lowrisc:ibex:ibex_simple_system:0
INFO: Setting up project
WARNING: This backend is deprecated and will eventually be removed. Please migrate to the flow API instead.  See https://edalize.readthedocs.io/en/latest/ref/migrations.html#migrating-from-the-tool-api-to-the-flow-api for more details.
INFO: Running pre_build script check_tool_requirements
INFO: Tool verilator present: Sufficiently recent version (found 4.210; needed 4.210)
INFO: Tool edalize present: Sufficiently recent version (found 0.6.8; needed 0.2.0)
INFO: Building simulation model
INFO: verilator -f lowrisc_ibex_ibex_simple_system_0.vc -DDISABLE_PRIM_CDC_RAND_DELAY --trace --trace-fst --trace-structs --trace-params --trace-max-array 1024 -CFLAGS "-std=c++17 -Wall -DVM_TRACE_FMT_FST -DTOPLEVEL_NAME=ibex_simple_system -g" -LDFLAGS "-pthread -lutil -lelf" -Wall --unroll-count 72

ERROR: %Warning-PINMISSING: src/lowrisc_ibex_ibex_core_0.1/rtl/ibex_core.sv:446:5: Cell has missing pin: 'instr_valid_id_d'
  446 |   ) if_stage_i (
      |     ^~~~~~~~~~
                     ... For warning description see https://verilator.org/warn/PINMISSING?v=4.210
                     ... Use "/* verilator lint_off PINMISSING */" and lint_on around source to disable this message.
%Warning-PINMISSING: src/lowrisc_ibex_ibex_core_0.1/rtl/ibex_core.sv:446:5: Cell has missing pin: 'instr_new_id_d'
  446 |   ) if_stage_i (
      |     ^~~~~~~~~~
%Warning-PINMISSING: src/lowrisc_ibex_ibex_core_0.1/rtl/ibex_core.sv:565:5: Cell has missing pin: 'ebrk_insn_o'
  565 |   ) id_stage_i (
      |     ^~~~~~~~~~
%Warning-PINMISSING: src/lowrisc_ibex_ibex_core_0.1/rtl/ibex_core.sv:778:5: Cell has missing pin: 'split_misaligned_access'
  778 |   ) load_store_unit_i (
      |     ^~~~~~~~~~~~~~~~~
%Warning-PINMISSING: src/lowrisc_ibex_ibex_top_0.1/rtl/ibex_top.sv:155:5: Cell has missing pin: 'rvfi_valid'
  155 |   ) u_core (
      |     ^~~~~~
%Warning-PINMISSING: src/lowrisc_ibex_ibex_top_0.1/rtl/ibex_top.sv:155:5: Cell has missing pin: 'rvfi_order'
  155 |   ) u_core (
      |     ^~~~~~
%Warning-PINMISSING: src/lowrisc_ibex_ibex_top_0.1/rtl/ibex_top.sv:155:5: Cell has missing pin: 'rvfi_insn'
  155 |   ) u_core (
      |     ^~~~~~
%Warning-PINMISSING: src/lowrisc_ibex_ibex_top_0.1/rtl/ibex_top.sv:155:5: Cell has missing pin: 'rvfi_trap'
  155 |   ) u_core (
      |     ^~~~~~
%Warning-PINMISSING: src/lowrisc_ibex_ibex_top_0.1/rtl/ibex_top.sv:155:5: Cell has missing pin: 'rvfi_halt'
  155 |   ) u_core (
      |     ^~~~~~
%Warning-PINMISSING: src/lowrisc_ibex_ibex_top_0.1/rtl/ibex_top.sv:155:5: Cell has missing pin: 'rvfi_intr'
  155 |   ) u_core (
      |     ^~~~~~
%Warning-PINMISSING: src/lowrisc_ibex_ibex_top_0.1/rtl/ibex_top.sv:155:5: Cell has missing pin: 'rvfi_mode'
  155 |   ) u_core (
      |     ^~~~~~
%Warning-PINMISSING: src/lowrisc_ibex_ibex_top_0.1/rtl/ibex_top.sv:155:5: Cell has missing pin: 'rvfi_ixl'
  155 |   ) u_core (
      |     ^~~~~~
%Warning-PINMISSING: src/lowrisc_ibex_ibex_top_0.1/rtl/ibex_top.sv:155:5: Cell has missing pin: 'rvfi_rs1_addr'
  155 |   ) u_core (
      |     ^~~~~~
%Warning-PINMISSING: src/lowrisc_ibex_ibex_top_0.1/rtl/ibex_top.sv:155:5: Cell has missing pin: 'rvfi_rs2_addr'
  155 |   ) u_core (
      |     ^~~~~~
%Warning-PINMISSING: src/lowrisc_ibex_ibex_top_0.1/rtl/ibex_top.sv:155:5: Cell has missing pin: 'rvfi_rs3_addr'
  155 |   ) u_core (
      |     ^~~~~~
%Warning-PINMISSING: src/lowrisc_ibex_ibex_top_0.1/rtl/ibex_top.sv:155:5: Cell has missing pin: 'rvfi_rs1_rdata'
  155 |   ) u_core (
      |     ^~~~~~
%Warning-PINMISSING: src/lowrisc_ibex_ibex_top_0.1/rtl/ibex_top.sv:155:5: Cell has missing pin: 'rvfi_rs2_rdata'
  155 |   ) u_core (
      |     ^~~~~~
%Warning-PINMISSING: src/lowrisc_ibex_ibex_top_0.1/rtl/ibex_top.sv:155:5: Cell has missing pin: 'rvfi_rs3_rdata'
  155 |   ) u_core (
      |     ^~~~~~
%Warning-PINMISSING: src/lowrisc_ibex_ibex_top_0.1/rtl/ibex_top.sv:155:5: Cell has missing pin: 'rvfi_rd_addr'
  155 |   ) u_core (
      |     ^~~~~~
%Warning-PINMISSING: src/lowrisc_ibex_ibex_top_0.1/rtl/ibex_top.sv:155:5: Cell has missing pin: 'rvfi_rd_wdata'
  155 |   ) u_core (
      |     ^~~~~~
%Warning-PINMISSING: src/lowrisc_ibex_ibex_top_0.1/rtl/ibex_top.sv:155:5: Cell has missing pin: 'rvfi_pc_rdata'
  155 |   ) u_core (
      |     ^~~~~~
%Warning-PINMISSING: src/lowrisc_ibex_ibex_top_0.1/rtl/ibex_top.sv:155:5: Cell has missing pin: 'rvfi_pc_wdata'
  155 |   ) u_core (
      |     ^~~~~~
%Warning-PINMISSING: src/lowrisc_ibex_ibex_top_0.1/rtl/ibex_top.sv:155:5: Cell has missing pin: 'rvfi_mem_addr'
  155 |   ) u_core (
      |     ^~~~~~
%Warning-PINMISSING: src/lowrisc_ibex_ibex_top_0.1/rtl/ibex_top.sv:155:5: Cell has missing pin: 'rvfi_mem_rmask'
  155 |   ) u_core (
      |     ^~~~~~
%Warning-PINMISSING: src/lowrisc_ibex_ibex_top_0.1/rtl/ibex_top.sv:155:5: Cell has missing pin: 'rvfi_mem_wmask'
  155 |   ) u_core (
      |     ^~~~~~
%Warning-PINMISSING: src/lowrisc_ibex_ibex_top_0.1/rtl/ibex_top.sv:155:5: Cell has missing pin: 'rvfi_mem_rdata'
  155 |   ) u_core (
      |     ^~~~~~
%Warning-PINMISSING: src/lowrisc_ibex_ibex_top_0.1/rtl/ibex_top.sv:155:5: Cell has missing pin: 'rvfi_mem_wdata'
  155 |   ) u_core (
      |     ^~~~~~
%Warning-PINMISSING: src/lowrisc_ibex_ibex_top_0.1/rtl/ibex_top.sv:155:5: Cell has missing pin: 'rvfi_ext_pre_mip'
  155 |   ) u_core (
      |     ^~~~~~
%Warning-PINMISSING: src/lowrisc_ibex_ibex_top_0.1/rtl/ibex_top.sv:155:5: Cell has missing pin: 'rvfi_ext_post_mip'
  155 |   ) u_core (
      |     ^~~~~~
%Warning-PINMISSING: src/lowrisc_ibex_ibex_top_0.1/rtl/ibex_top.sv:155:5: Cell has missing pin: 'rvfi_ext_nmi'
  155 |   ) u_core (
      |     ^~~~~~
%Warning-PINMISSING: src/lowrisc_ibex_ibex_top_0.1/rtl/ibex_top.sv:155:5: Cell has missing pin: 'rvfi_ext_nmi_int'
  155 |   ) u_core (
      |     ^~~~~~
%Warning-PINMISSING: src/lowrisc_ibex_ibex_top_0.1/rtl/ibex_top.sv:155:5: Cell has missing pin: 'rvfi_ext_debug_req'
  155 |   ) u_core (
      |     ^~~~~~
%Warning-PINMISSING: src/lowrisc_ibex_ibex_top_0.1/rtl/ibex_top.sv:155:5: Cell has missing pin: 'rvfi_ext_debug_mode'
  155 |   ) u_core (
      |     ^~~~~~
%Warning-PINMISSING: src/lowrisc_ibex_ibex_top_0.1/rtl/ibex_top.sv:155:5: Cell has missing pin: 'rvfi_ext_rf_wr_suppress'
  155 |   ) u_core (
      |     ^~~~~~
%Warning-PINMISSING: src/lowrisc_ibex_ibex_top_0.1/rtl/ibex_top.sv:155:5: Cell has missing pin: 'rvfi_ext_mcycle'
  155 |   ) u_core (
      |     ^~~~~~
%Warning-PINMISSING: src/lowrisc_ibex_ibex_top_0.1/rtl/ibex_top.sv:155:5: Cell has missing pin: 'rvfi_ext_mhpmcounters'
  155 |   ) u_core (
      |     ^~~~~~
%Warning-PINMISSING: src/lowrisc_ibex_ibex_top_0.1/rtl/ibex_top.sv:155:5: Cell has missing pin: 'rvfi_ext_mhpmcountersh'
  155 |   ) u_core (
      |     ^~~~~~
%Warning-PINMISSING: src/lowrisc_ibex_ibex_top_0.1/rtl/ibex_top.sv:155:5: Cell has missing pin: 'rvfi_ext_ic_scr_key_valid'
  155 |   ) u_core (
      |     ^~~~~~
%Warning-PINMISSING: src/lowrisc_ibex_ibex_top_0.1/rtl/ibex_top.sv:155:5: Cell has missing pin: 'rvfi_ext_irq_valid'
  155 |   ) u_core (
      |     ^~~~~~
%Warning-PINMISSING: src/lowrisc_ibex_ibex_top_0.1/rtl/ibex_top.sv:155:5: Cell has missing pin: 'rvfi_ext_expanded_insn_valid'
  155 |   ) u_core (
      |     ^~~~~~
%Warning-PINMISSING: src/lowrisc_ibex_ibex_top_0.1/rtl/ibex_top.sv:155:5: Cell has missing pin: 'rvfi_ext_expanded_insn'
  155 |   ) u_core (
      |     ^~~~~~
%Warning-PINMISSING: src/lowrisc_ibex_ibex_top_0.1/rtl/ibex_top.sv:155:5: Cell has missing pin: 'rvfi_ext_expanded_insn_last'
  155 |   ) u_core (
      |     ^~~~~~
%Warning-PINMISSING: src/lowrisc_ibex_ibex_simple_system_core_0/rtl/ibex_simple_system.sv:89:5: Cell has missing pin: 'rvfi_valid'
   89 |   ) u_core (
      |     ^~~~~~
%Warning-PINMISSING: src/lowrisc_ibex_ibex_simple_system_core_0/rtl/ibex_simple_system.sv:89:5: Cell has missing pin: 'rvfi_order'
   89 |   ) u_core (
      |     ^~~~~~
%Warning-PINMISSING: src/lowrisc_ibex_ibex_simple_system_core_0/rtl/ibex_simple_system.sv:89:5: Cell has missing pin: 'rvfi_insn'
   89 |   ) u_core (
      |     ^~~~~~
%Warning-PINMISSING: src/lowrisc_ibex_ibex_simple_system_core_0/rtl/ibex_simple_system.sv:89:5: Cell has missing pin: 'rvfi_trap'
   89 |   ) u_core (
      |     ^~~~~~
%Warning-PINMISSING: src/lowrisc_ibex_ibex_simple_system_core_0/rtl/ibex_simple_system.sv:89:5: Cell has missing pin: 'rvfi_halt'
   89 |   ) u_core (
      |     ^~~~~~
%Warning-PINMISSING: src/lowrisc_ibex_ibex_simple_system_core_0/rtl/ibex_simple_system.sv:89:5: Cell has missing pin: 'rvfi_intr'
   89 |   ) u_core (
      |     ^~~~~~
%Warning-PINMISSING: src/lowrisc_ibex_ibex_simple_system_core_0/rtl/ibex_simple_system.sv:89:5: Cell has missing pin: 'rvfi_mode'
   89 |   ) u_core (
      |     ^~~~~~
%Warning-PINMISSING: src/lowrisc_ibex_ibex_simple_system_core_0/rtl/ibex_simple_system.sv:89:5: Cell has missing pin: 'rvfi_ixl'
   89 |   ) u_core (
      |     ^~~~~~
%Warning-PINMISSING: src/lowrisc_ibex_ibex_simple_system_core_0/rtl/ibex_simple_system.sv:89:5: Cell has missing pin: 'rvfi_rs1_addr'
   89 |   ) u_core (
      |     ^~~~~~
%Warning-PINMISSING: src/lowrisc_ibex_ibex_simple_system_core_0/rtl/ibex_simple_system.sv:89:5: Cell has missing pin: 'rvfi_rs2_addr'
   89 |   ) u_core (
      |     ^~~~~~
%Warning-PINMISSING: src/lowrisc_ibex_ibex_simple_system_core_0/rtl/ibex_simple_system.sv:89:5: Cell has missing pin: 'rvfi_rs3_addr'
   89 |   ) u_core (
      |     ^~~~~~
%Warning-PINMISSING: src/lowrisc_ibex_ibex_simple_system_core_0/rtl/ibex_simple_system.sv:89:5: Cell has missing pin: 'rvfi_rs1_rdata'
   89 |   ) u_core (
      |     ^~~~~~
%Warning-PINMISSING: src/lowrisc_ibex_ibex_simple_system_core_0/rtl/ibex_simple_system.sv:89:5: Cell has missing pin: 'rvfi_rs2_rdata'
   89 |   ) u_core (
      |     ^~~~~~
%Warning-PINMISSING: src/lowrisc_ibex_ibex_simple_system_core_0/rtl/ibex_simple_system.sv:89:5: Cell has missing pin: 'rvfi_rs3_rdata'
   89 |   ) u_core (
      |     ^~~~~~
%Warning-PINMISSING: src/lowrisc_ibex_ibex_simple_system_core_0/rtl/ibex_simple_system.sv:89:5: Cell has missing pin: 'rvfi_rd_addr'
   89 |   ) u_core (
      |     ^~~~~~
%Warning-PINMISSING: src/lowrisc_ibex_ibex_simple_system_core_0/rtl/ibex_simple_system.sv:89:5: Cell has missing pin: 'rvfi_rd_wdata'
   89 |   ) u_core (
      |     ^~~~~~
%Warning-PINMISSING: src/lowrisc_ibex_ibex_simple_system_core_0/rtl/ibex_simple_system.sv:89:5: Cell has missing pin: 'rvfi_pc_rdata'
   89 |   ) u_core (
      |     ^~~~~~
%Warning-PINMISSING: src/lowrisc_ibex_ibex_simple_system_core_0/rtl/ibex_simple_system.sv:89:5: Cell has missing pin: 'rvfi_pc_wdata'
   89 |   ) u_core (
      |     ^~~~~~
%Warning-PINMISSING: src/lowrisc_ibex_ibex_simple_system_core_0/rtl/ibex_simple_system.sv:89:5: Cell has missing pin: 'rvfi_mem_addr'
   89 |   ) u_core (
      |     ^~~~~~
%Warning-PINMISSING: src/lowrisc_ibex_ibex_simple_system_core_0/rtl/ibex_simple_system.sv:89:5: Cell has missing pin: 'rvfi_mem_rmask'
   89 |   ) u_core (
      |     ^~~~~~
%Warning-PINMISSING: src/lowrisc_ibex_ibex_simple_system_core_0/rtl/ibex_simple_system.sv:89:5: Cell has missing pin: 'rvfi_mem_wmask'
   89 |   ) u_core (
      |     ^~~~~~
%Warning-PINMISSING: src/lowrisc_ibex_ibex_simple_system_core_0/rtl/ibex_simple_system.sv:89:5: Cell has missing pin: 'rvfi_mem_rdata'
   89 |   ) u_core (
      |     ^~~~~~
%Warning-PINMISSING: src/lowrisc_ibex_ibex_simple_system_core_0/rtl/ibex_simple_system.sv:89:5: Cell has missing pin: 'rvfi_mem_wdata'
   89 |   ) u_core (
      |     ^~~~~~
%Warning-PINMISSING: src/lowrisc_ibex_ibex_simple_system_core_0/rtl/ibex_simple_system.sv:89:5: Cell has missing pin: 'rvfi_ext_pre_mip'
   89 |   ) u_core (
      |     ^~~~~~
%Warning-PINMISSING: src/lowrisc_ibex_ibex_simple_system_core_0/rtl/ibex_simple_system.sv:89:5: Cell has missing pin: 'rvfi_ext_post_mip'
   89 |   ) u_core (
      |     ^~~~~~
%Warning-PINMISSING: src/lowrisc_ibex_ibex_simple_system_core_0/rtl/ibex_simple_system.sv:89:5: Cell has missing pin: 'rvfi_ext_nmi'
   89 |   ) u_core (
      |     ^~~~~~
%Warning-PINMISSING: src/lowrisc_ibex_ibex_simple_system_core_0/rtl/ibex_simple_system.sv:89:5: Cell has missing pin: 'rvfi_ext_nmi_int'
   89 |   ) u_core (
      |     ^~~~~~
%Warning-PINMISSING: src/lowrisc_ibex_ibex_simple_system_core_0/rtl/ibex_simple_system.sv:89:5: Cell has missing pin: 'rvfi_ext_debug_req'
   89 |   ) u_core (
      |     ^~~~~~
%Warning-PINMISSING: src/lowrisc_ibex_ibex_simple_system_core_0/rtl/ibex_simple_system.sv:89:5: Cell has missing pin: 'rvfi_ext_debug_mode'
   89 |   ) u_core (
      |     ^~~~~~
%Warning-PINMISSING: src/lowrisc_ibex_ibex_simple_system_core_0/rtl/ibex_simple_system.sv:89:5: Cell has missing pin: 'rvfi_ext_rf_wr_suppress'
   89 |   ) u_core (
      |     ^~~~~~
%Warning-PINMISSING: src/lowrisc_ibex_ibex_simple_system_core_0/rtl/ibex_simple_system.sv:89:5: Cell has missing pin: 'rvfi_ext_mcycle'
   89 |   ) u_core (
      |     ^~~~~~
%Warning-PINMISSING: src/lowrisc_ibex_ibex_simple_system_core_0/rtl/ibex_simple_system.sv:89:5: Cell has missing pin: 'rvfi_ext_mhpmcounters'
   89 |   ) u_core (
      |     ^~~~~~
%Warning-PINMISSING: src/lowrisc_ibex_ibex_simple_system_core_0/rtl/ibex_simple_system.sv:89:5: Cell has missing pin: 'rvfi_ext_mhpmcountersh'
   89 |   ) u_core (
      |     ^~~~~~
%Warning-PINMISSING: src/lowrisc_ibex_ibex_simple_system_core_0/rtl/ibex_simple_system.sv:89:5: Cell has missing pin: 'rvfi_ext_ic_scr_key_valid'
   89 |   ) u_core (
      |     ^~~~~~
%Warning-PINMISSING: src/lowrisc_ibex_ibex_simple_system_core_0/rtl/ibex_simple_system.sv:89:5: Cell has missing pin: 'rvfi_ext_irq_valid'
   89 |   ) u_core (
      |     ^~~~~~
%Warning-PINMISSING: src/lowrisc_ibex_ibex_simple_system_core_0/rtl/ibex_simple_system.sv:89:5: Cell has missing pin: 'rvfi_ext_expanded_insn_valid'
   89 |   ) u_core (
      |     ^~~~~~
%Warning-PINMISSING: src/lowrisc_ibex_ibex_simple_system_core_0/rtl/ibex_simple_system.sv:89:5: Cell has missing pin: 'rvfi_ext_expanded_insn'
   89 |   ) u_core (
      |     ^~~~~~
%Warning-PINMISSING: src/lowrisc_ibex_ibex_simple_system_core_0/rtl/ibex_simple_system.sv:89:5: Cell has missing pin: 'rvfi_ext_expanded_insn_last'
   89 |   ) u_core (
      |     ^~~~~~
%Error: src/lowrisc_ibex_ibex_core_0.1/rtl/ibex_core.sv:1400:53: Can't find definition of 'controller_i' in dotted scope/variable: 'id_stage_i.controller_i'
 1400 |   assign rvfi_id_done = instr_id_done | (id_stage_i.controller_i.rvfi_flush_next &
      |                                                     ^~~~~~~~~~~~
        ... Known scopes under 'id_stage_i': u_controller, u_decoder
%Error: src/lowrisc_ibex_ibex_core_0.1/rtl/ibex_core.sv:1401:53: Can't find definition of 'controller_i' in dotted scope/variable: 'id_stage_i.controller_i'
 1401 |                                          id_stage_i.controller_i.id_exception_o);
      |                                                     ^~~~~~~~~~~~
        ... Known scopes under 'id_stage_i': u_controller, u_decoder
%Error: src/lowrisc_ibex_ibex_core_0.1/rtl/ibex_core.sv:1433:38: Can't find definition of 'controller_i' in dotted scope/variable: 'id_stage_i.controller_i'
 1433 |     assign rvfi_trap_id = id_stage_i.controller_i.id_exception_o &
      |                                      ^~~~~~~~~~~~
        ... Known scopes under 'id_stage_i': u_controller, u_decoder
%Error: src/lowrisc_ibex_ibex_core_0.1/rtl/ibex_core.sv:1434:20: Can't find definition of 'ebrk_insn' in dotted variable: 'id_stage_i.ebrk_insn'
 1434 |       ~(id_stage_i.ebrk_insn & id_stage_i.controller_i.ebreak_into_debug);
      |                    ^~~~~~~~~
%Error: src/lowrisc_ibex_ibex_core_0.1/rtl/ibex_core.sv:1434:43: Can't find definition of 'controller_i' in dotted scope/variable: 'id_stage_i.controller_i'
 1434 |       ~(id_stage_i.ebrk_insn & id_stage_i.controller_i.ebreak_into_debug);
      |                                           ^~~~~~~~~~~~
        ... Known scopes under 'id_stage_i': u_controller, u_decoder
%Error: src/lowrisc_ibex_ibex_core_0.1/rtl/ibex_core.sv:1436:38: Can't find definition of 'controller_i' in dotted scope/variable: 'id_stage_i.controller_i'
 1436 |     assign rvfi_trap_wb = id_stage_i.controller_i.exc_req_lsu;
      |                                      ^~~~~~~~~~~~
        ... Known scopes under 'id_stage_i': u_controller, u_decoder
%Error: src/lowrisc_ibex_ibex_core_0.1/rtl/ibex_core.sv:1447:19: Can't find definition of 'controller_i' in dotted scope/variable: 'id_stage_i.controller_i'
 1447 |       (id_stage_i.controller_i.exc_req_d | id_stage_i.controller_i.exc_req_lsu) &
      |                   ^~~~~~~~~~~~
        ... Known scopes under 'id_stage_i': u_controller, u_decoder
%Error: src/lowrisc_ibex_ibex_core_0.1/rtl/ibex_core.sv:1447:55: Can't find definition of 'controller_i' in dotted scope/variable: 'id_stage_i.controller_i'
 1447 |       (id_stage_i.controller_i.exc_req_d | id_stage_i.controller_i.exc_req_lsu) &
      |                                                       ^~~~~~~~~~~~
        ... Known scopes under 'id_stage_i': u_controller, u_decoder
%Error: src/lowrisc_ibex_ibex_core_0.1/rtl/ibex_core.sv:1448:20: Can't find definition of 'ebrk_insn' in dotted variable: 'id_stage_i.ebrk_insn'
 1448 |       ~(id_stage_i.ebrk_insn & id_stage_i.controller_i.ebreak_into_debug);
      |                    ^~~~~~~~~
%Error: src/lowrisc_ibex_ibex_core_0.1/rtl/ibex_core.sv:1448:43: Can't find definition of 'controller_i' in dotted scope/variable: 'id_stage_i.controller_i'
 1448 |       ~(id_stage_i.ebrk_insn & id_stage_i.controller_i.ebreak_into_debug);
      |                                           ^~~~~~~~~~~~
        ... Known scopes under 'id_stage_i': u_controller, u_decoder
%Error: src/lowrisc_ibex_ibex_core_0.1/rtl/ibex_core.sv:1478:35: Can't find definition of 'controller_i' in dotted scope/variable: 'id_stage_i.controller_i'
 1478 |   assign new_nmi_int = id_stage_i.controller_i.irq_nm_int & ~nmi_mode & ~debug_mode;
      |                                   ^~~~~~~~~~~~
        ... Known scopes under 'id_stage_i': u_controller, u_decoder
%Error: src/lowrisc_ibex_ibex_core_0.1/rtl/ibex_core.sv:1503:42: Can't find definition of 'controller_i' in dotted scope/variable: 'id_stage_i.controller_i'
 1503 |         captured_nmi_int   <= id_stage_i.controller_i.irq_nm_int;
      |                                          ^~~~~~~~~~~~
        ... Known scopes under 'id_stage_i': u_controller, u_decoder
%Error: src/lowrisc_ibex_ibex_core_0.1/rtl/ibex_core.sv:1545:55: Can't find definition of 'controller_i' in dotted scope/variable: 'id_stage_i.controller_i'
 1545 |         instr_valid_id | ~captured_valid ? id_stage_i.controller_i.irq_nm_int :
      |                                                       ^~~~~~~~~~~~
        ... Known scopes under 'id_stage_i': u_controller, u_decoder
%Error: src/lowrisc_ibex_ibex_core_0.1/rtl/ibex_core.sv:1667:69: Can't find definition of 'mhpmcounter' in dotted variable: 'cs_registers_i.mhpmcounter'
 1667 |             rvfi_ext_stage_mhpmcounters[i][0]     <= cs_registers_i.mhpmcounter[3][31:0];
      |                                                                     ^~~~~~~~~~~
%Error: src/lowrisc_ibex_ibex_core_0.1/rtl/ibex_core.sv:1668:69: Can't find definition of 'mhpmcounter' in dotted variable: 'cs_registers_i.mhpmcounter'
 1668 |             rvfi_ext_stage_mhpmcountersh[i][0]    <= cs_registers_i.mhpmcounter[3][63:32];
      |                                                                     ^~~~~~~~~~~
%Error: src/lowrisc_ibex_ibex_core_0.1/rtl/ibex_core.sv:1669:69: Can't find definition of 'mhpmcounter' in dotted variable: 'cs_registers_i.mhpmcounter'
 1669 |             rvfi_ext_stage_mhpmcounters[i][1]     <= cs_registers_i.mhpmcounter[4][31:0];
      |                                                                     ^~~~~~~~~~~
%Error: src/lowrisc_ibex_ibex_core_0.1/rtl/ibex_core.sv:1670:69: Can't find definition of 'mhpmcounter' in dotted variable: 'cs_registers_i.mhpmcounter'
 1670 |             rvfi_ext_stage_mhpmcountersh[i][1]    <= cs_registers_i.mhpmcounter[4][63:32];
      |                                                                     ^~~~~~~~~~~
%Error: src/lowrisc_ibex_ibex_core_0.1/rtl/ibex_core.sv:1671:69: Can't find definition of 'mhpmcounter' in dotted variable: 'cs_registers_i.mhpmcounter'
 1671 |             rvfi_ext_stage_mhpmcounters[i][2]     <= cs_registers_i.mhpmcounter[5][31:0];
      |                                                                     ^~~~~~~~~~~
%Error: src/lowrisc_ibex_ibex_core_0.1/rtl/ibex_core.sv:1672:69: Can't find definition of 'mhpmcounter' in dotted variable: 'cs_registers_i.mhpmcounter'
 1672 |             rvfi_ext_stage_mhpmcountersh[i][2]    <= cs_registers_i.mhpmcounter[5][63:32];
      |                                                                     ^~~~~~~~~~~
%Error: src/lowrisc_ibex_ibex_core_0.1/rtl/ibex_core.sv:1673:69: Can't find definition of 'mhpmcounter' in dotted variable: 'cs_registers_i.mhpmcounter'
 1673 |             rvfi_ext_stage_mhpmcounters[i][3]     <= cs_registers_i.mhpmcounter[6][31:0];
      |                                                                     ^~~~~~~~~~~
%Error: src/lowrisc_ibex_ibex_core_0.1/rtl/ibex_core.sv:1674:69: Can't find definition of 'mhpmcounter' in dotted variable: 'cs_registers_i.mhpmcounter'
 1674 |             rvfi_ext_stage_mhpmcountersh[i][3]    <= cs_registers_i.mhpmcounter[6][63:32];
      |                                                                     ^~~~~~~~~~~
%Error: src/lowrisc_ibex_ibex_core_0.1/rtl/ibex_core.sv:1675:69: Can't find definition of 'mhpmcounter' in dotted variable: 'cs_registers_i.mhpmcounter'
 1675 |             rvfi_ext_stage_mhpmcounters[i][4]     <= cs_registers_i.mhpmcounter[7][31:0];
      |                                                                     ^~~~~~~~~~~
%Error: src/lowrisc_ibex_ibex_core_0.1/rtl/ibex_core.sv:1676:69: Can't find definition of 'mhpmcounter' in dotted variable: 'cs_registers_i.mhpmcounter'
 1676 |             rvfi_ext_stage_mhpmcountersh[i][4]    <= cs_registers_i.mhpmcounter[7][63:32];
      |                                                                     ^~~~~~~~~~~
%Error: src/lowrisc_ibex_ibex_core_0.1/rtl/ibex_core.sv:1677:69: Can't find definition of 'mhpmcounter' in dotted variable: 'cs_registers_i.mhpmcounter'
 1677 |             rvfi_ext_stage_mhpmcounters[i][5]     <= cs_registers_i.mhpmcounter[8][31:0];
      |                                                                     ^~~~~~~~~~~
%Error: src/lowrisc_ibex_ibex_core_0.1/rtl/ibex_core.sv:1678:69: Can't find definition of 'mhpmcounter' in dotted variable: 'cs_registers_i.mhpmcounter'
 1678 |             rvfi_ext_stage_mhpmcountersh[i][5]    <= cs_registers_i.mhpmcounter[8][63:32];
      |                                                                     ^~~~~~~~~~~
%Error: src/lowrisc_ibex_ibex_core_0.1/rtl/ibex_core.sv:1679:69: Can't find definition of 'mhpmcounter' in dotted variable: 'cs_registers_i.mhpmcounter'
 1679 |             rvfi_ext_stage_mhpmcounters[i][6]     <= cs_registers_i.mhpmcounter[9][31:0];
      |                                                                     ^~~~~~~~~~~
%Error: src/lowrisc_ibex_ibex_core_0.1/rtl/ibex_core.sv:1680:69: Can't find definition of 'mhpmcounter' in dotted variable: 'cs_registers_i.mhpmcounter'
 1680 |             rvfi_ext_stage_mhpmcountersh[i][6]    <= cs_registers_i.mhpmcounter[9][63:32];
      |                                                                     ^~~~~~~~~~~
%Error: src/lowrisc_ibex_ibex_core_0.1/rtl/ibex_core.sv:1681:69: Can't find definition of 'mhpmcounter' in dotted variable: 'cs_registers_i.mhpmcounter'
 1681 |             rvfi_ext_stage_mhpmcounters[i][7]     <= cs_registers_i.mhpmcounter[10][31:0];
      |                                                                     ^~~~~~~~~~~
%Error: src/lowrisc_ibex_ibex_core_0.1/rtl/ibex_core.sv:1682:69: Can't find definition of 'mhpmcounter' in dotted variable: 'cs_registers_i.mhpmcounter'
 1682 |             rvfi_ext_stage_mhpmcountersh[i][7]    <= cs_registers_i.mhpmcounter[10][63:32];
      |                                                                     ^~~~~~~~~~~
%Error: src/lowrisc_ibex_ibex_core_0.1/rtl/ibex_core.sv:1683:69: Can't find definition of 'mhpmcounter' in dotted variable: 'cs_registers_i.mhpmcounter'
 1683 |             rvfi_ext_stage_mhpmcounters[i][8]     <= cs_registers_i.mhpmcounter[11][31:0];
      |                                                                     ^~~~~~~~~~~
%Error: src/lowrisc_ibex_ibex_core_0.1/rtl/ibex_core.sv:1684:69: Can't find definition of 'mhpmcounter' in dotted variable: 'cs_registers_i.mhpmcounter'
 1684 |             rvfi_ext_stage_mhpmcountersh[i][8]    <= cs_registers_i.mhpmcounter[11][63:32];
      |                                                                     ^~~~~~~~~~~
%Error: src/lowrisc_ibex_ibex_core_0.1/rtl/ibex_core.sv:1685:69: Can't find definition of 'mhpmcounter' in dotted variable: 'cs_registers_i.mhpmcounter'
 1685 |             rvfi_ext_stage_mhpmcounters[i][9]     <= cs_registers_i.mhpmcounter[12][31:0];
      |                                                                     ^~~~~~~~~~~
%Error: src/lowrisc_ibex_ibex_core_0.1/rtl/ibex_core.sv:1686:69: Can't find definition of 'mhpmcounter' in dotted variable: 'cs_registers_i.mhpmcounter'
 1686 |             rvfi_ext_stage_mhpmcountersh[i][9]    <= cs_registers_i.mhpmcounter[12][63:32];
      |                                                                     ^~~~~~~~~~~
%Error: Parameters from the command line were not found in the design: ICacheECC ICacheScramble SecureIbex
%Error: Exiting due to 34 error(s), 80 warning(s)
make: *** [Makefile:15: Vibex_simple_system.mk] Error 1

ERROR: Failed to build lowrisc:ibex:ibex_simple_system:0 : '['make']' exited with an error: 2
Entering directory '/app/build/lowrisc_ibex_ibex_simple_system_0/sim-verilator'
