WARNING: Not adding library . (/app). Library ibex already registered for this location
WARNING: Non-deterministic selection of virtual core lowrisc:prim:buf:0 selected lowrisc:prim_generic:buf:0
WARNING: Non-deterministic selection of virtual core lowrisc:prim:flop:0 selected lowrisc:prim_generic:flop:0
WARNING: Non-deterministic selection of virtual core lowrisc:prim:clock_gating:0 selected lowrisc:prim_xilinx:clock_gating:0
INFO: Preparing lowrisc:dv:dv_fcov_macros:0
INFO: Preparing lowrisc:dv_verilator:simutil_verilator:0
INFO: Preparing lowrisc:ibex:ibex_pkg:0.1
INFO: Preparing lowrisc:tool:check_tool_requirements:0.1
INFO: Preparing lowrisc:lint:common:0.1
INFO: Preparing lowrisc:prim:assert:0.1
INFO: Preparing lowrisc:prim:cipher_pkg:0.1
INFO: Preparing lowrisc:prim_generic:buf:0
INFO: Preparing lowrisc:prim_generic:flop:0
INFO: Preparing lowrisc:prim:secded:0.1
INFO: Preparing lowrisc:prim_xilinx:clock_gating:0
INFO: Preparing lowrisc:ibex:ibex_icache:0.1
INFO: Preparing lowrisc:prim:lfsr:0.1
INFO: Preparing lowrisc:prim:mubi_pkg:0.1
INFO: Preparing lowrisc:prim:mubi:0.1
INFO: Preparing lowrisc:ibex:ibex_core:0.1
INFO: Preparing lowrisc:ibex:tb_cs_registers:0
INFO: Setting up project
WARNING: This backend is deprecated and will eventually be removed. Please migrate to the flow API instead.  See https://edalize.readthedocs.io/en/latest/ref/migrations.html#migrating-from-the-tool-api-to-the-flow-api for more details.
INFO: Running pre_build script check_tool_requirements
INFO: Tool verilator present: Sufficiently recent version (found 4.210; needed 4.210)
INFO: Tool edalize present: Sufficiently recent version (found 0.6.8; needed 0.2.0)
INFO: Running pre_build script build_so
make: Entering directory '/app/build/lowrisc_ibex_tb_cs_registers_0/sim-verilator/src/lowrisc_ibex_tb_cs_registers_0'
Generating dependencies for model/register_model.cc...
Compiling model/register_model.cc...
Generating dependencies for model/base_register.cc...
Compiling model/base_register.cc...
Generating dependencies for env/env_dpi.cc...
Compiling env/env_dpi.cc...
Generating dependencies for env/simctrl.cc...
Compiling env/simctrl.cc...
Generating dependencies for env/register_environment.cc...
Compiling env/register_environment.cc...
Generating dependencies for reg_driver/register_transaction.cc...
Compiling reg_driver/register_transaction.cc...
Generating dependencies for reg_driver/register_driver.cc...
Compiling reg_driver/register_driver.cc...
Generating dependencies for reg_driver/reg_dpi.cc...
Compiling reg_driver/reg_dpi.cc...
Generating dependencies for rst_driver/rst_dpi.cc...
Compiling rst_driver/rst_dpi.cc...
Generating dependencies for rst_driver/reset_driver.cc...
Compiling rst_driver/reset_driver.cc...
Linking build/bin/reg_dpi.so...
Build done
make: Leaving directory '/app/build/lowrisc_ibex_tb_cs_registers_0/sim-verilator/src/lowrisc_ibex_tb_cs_registers_0'
INFO: Building simulation model
INFO: Running
INFO: Running simulation
Tracing can be toggled by sending SIGUSR1 to this process:
$ kill -USR1 10392

Simulation running, end by pressing CTRL-c.
MSECCFG   SET: wdata_i=6e9d2c37 wdata_int=6e9d2c37 rdata_o=00000000 BEFORE{rlb=0,mmwp=0,mml=0} locked=0
MSECCFG RESET: was rlb=1 mmwp=1 mml=1
MSECCFG   SET: wdata_i=0036898b wdata_int=0036898b rdata_o=00000000 BEFORE{rlb=0,mmwp=0,mml=0} locked=0
MSECCFG RESET: was rlb=1 mmwp=1 mml=0
MSECCFG WRITE: wdata_i=bfb78d54 wdata_int=bfb78d54 rdata_o=00000000 BEFORE{rlb=0,mmwp=0,mml=0} locked=0
MSECCFG RESET: was rlb=0 mmwp=0 mml=1
MSECCFG WRITE: wdata_i=00f06dca wdata_int=00f06dca rdata_o=00000000 BEFORE{rlb=0,mmwp=0,mml=0} locked=0
MSECCFG RESET: was rlb=0 mmwp=1 mml=0
MSECCFG CLEAR: wdata_i=8f38f04d wdata_int=00000000 rdata_o=00000000 BEFORE{rlb=0,mmwp=0,mml=0} locked=0
MSECCFG CLEAR: wdata_i=a1aa1654 wdata_int=00000000 rdata_o=00000000 BEFORE{rlb=0,mmwp=0,mml=0} locked=1
MSECCFG WRITE: wdata_i=6e54f500 wdata_int=6e54f500 rdata_o=00000000 BEFORE{rlb=0,mmwp=0,mml=0} locked=1
MSECCFG   SET: wdata_i=db734ace wdata_int=db734ace rdata_o=00000000 BEFORE{rlb=0,mmwp=0,mml=0} locked=0
MSECCFG   SET: wdata_i=a23a953f wdata_int=a23a953f rdata_o=00000006 BEFORE{rlb=0,mmwp=1,mml=1} locked=0
MSECCFG RESET: was rlb=1 mmwp=1 mml=1
MSECCFG   SET: wdata_i=e7a90391 wdata_int=e7a90391 rdata_o=00000000 BEFORE{rlb=0,mmwp=0,mml=0} locked=0
MSECCFG RESET: was rlb=1 mmwp=0 mml=0
MSECCFG   SET: wdata_i=ed2388cd wdata_int=ed2388cd rdata_o=00000000 BEFORE{rlb=0,mmwp=0,mml=0} locked=1
MSECCFG RESET: was rlb=0 mmwp=0 mml=1
MSECCFG CLEAR: wdata_i=cc6953bc wdata_int=00000000 rdata_o=00000000 BEFORE{rlb=0,mmwp=0,mml=0} locked=1
MSECCFG CLEAR: wdata_i=6e98fa3e wdata_int=00000000 rdata_o=00000000 BEFORE{rlb=0,mmwp=0,mml=0} locked=0
MSECCFG   SET: wdata_i=00b49202 wdata_int=00b49202 rdata_o=00000000 BEFORE{rlb=0,mmwp=0,mml=0} locked=0
MSECCFG   SET: wdata_i=b7ef02ee wdata_int=b7ef02ee rdata_o=00000002 BEFORE{rlb=0,mmwp=1,mml=0} locked=0
MSECCFG RESET: was rlb=0 mmwp=1 mml=1
MSECCFG WRITE: wdata_i=0b178e5c wdata_int=0b178e5c rdata_o=00000000 BEFORE{rlb=0,mmwp=0,mml=0} locked=0
MSECCFG WRITE: wdata_i=97066a18 wdata_int=97066a18 rdata_o=00000004 BEFORE{rlb=0,mmwp=0,mml=1} locked=0
MSECCFG   SET: wdata_i=7adb7d8d wdata_int=7adb7d8d rdata_o=00000004 BEFORE{rlb=0,mmwp=0,mml=1} locked=0
Error, transaction:
Register transaction:
Operation:  CSR Set
Address:    MSeccfg
Write data: 7adb7d8d
Read data:  4
Expected rdata: 0
- src/lowrisc_ibex_tb_cs_registers_0/tb/tb_cs_registers.sv:111: Verilog $finish
Received $finish() from Verilog, shutting down simulation.
[Reg driver] drove: 2029 register transactions

//-------------//
// TEST FAILED //
//-------------//

Simulation statistics
=====================
Executed cycles:  21101
Wallclock time:   0.04 s
Simulation speed: 527525 cycles/s (527.525 kHz)
ERROR: Failed to run lowrisc:ibex:tb_cs_registers:0 : '['./Vtb_cs_registers']' exited with an error: 1
Entering directory '/app/build/lowrisc_ibex_tb_cs_registers_0/sim-verilator'
Leaving directory '/app/build/lowrisc_ibex_tb_cs_registers_0/sim-verilator'
Entering directory '/app/build/lowrisc_ibex_tb_cs_registers_0/sim-verilator'
